******************************************************************************
                  TI ARM Linker Unix v20.2.7                   
******************************************************************************
>> Linked Wed Nov 12 16:50:05 2025

OUTPUT FILE NAME:   <gpio_jtag.out>
ENTRY POINT SYMBOL: "_c_int00_noargs"  address: 00000af5


MEMORY CONFIGURATION

         name            origin    length      used     unused   attr    fill
----------------------  --------  ---------  --------  --------  ----  --------
  FLASH                 00000000   00040000  00000c8e  0003f372  R  X
  SRAM                  20000000   00008000  0000010c  00007ef4  RW X


SEGMENT ALLOCATION MAP

run origin  load origin   length   init length attrs members
----------  ----------- ---------- ----------- ----- -------
00000000    00000000    00000c90   00000c90    r-x
  00000000    00000000    0000026c   0000026c    r-- .intvecs
  0000026c    0000026c    0000096e   0000096e    r-x .text
  00000bdc    00000bdc    00000084   00000084    r-- .const
  00000c60    00000c60    00000030   00000030    r-- .cinit
20000000    20000000    0000010c   00000000    rw-
  20000000    20000000    00000100   00000000    rw- .stack
  20000100    20000100    00000008   00000000    rw- .data
  20000108    20000108    00000004   00000000    rw- .bss


SECTION ALLOCATION MAP

 output                                  attributes/
section   page    origin      length       input sections
--------  ----  ----------  ----------   ----------------
.intvecs   0    00000000    0000026c     
                  00000000    0000026c     startup_ccs.obj (.intvecs)

.text      0    0000026c    0000096e     
                  0000026c    000001ee     uartstdio.obj (.text:UARTvprintf)
                  0000045a    00000002     startup_ccs.obj (.text:FaultISR)
                  0000045c    00000118     driverlib.lib : sysctl.obj (.text:SysCtlClockGet)
                  00000574    00000118     gpio_jtag.obj (.text:SysTickIntHandler)
                  0000068c    000000dc     gpio_jtag.obj (.text:main)
                  00000768    0000009c     rtsv7M4_T_le_v4SPD16_eabi.lib : memcpy_t2.asm.obj (.text)
                  00000804    00000088     buttons.obj (.text:ButtonsPoll)
                  0000088c    00000068     buttons.obj (.text:ButtonsInit)
                  000008f4    00000068     rtsv7M4_T_le_v4SPD16_eabi.lib : copy_decompress_lzss.c.obj (.text:decompress:lzss:__TI_decompress_lzss)
                  0000095c    00000064     gpio_jtag.obj (.text:ConfigureUART)
                  000009c0    00000060     uartstdio.obj (.text:UARTStdioConfig)
                  00000a20    00000050     uartstdio.obj (.text:UARTwrite)
                  00000a70    00000044     rtsv7M4_T_le_v4SPD16_eabi.lib : autoinit.c.obj (.text:__TI_auto_init_nobinit_nopinit:__TI_auto_init_nobinit_nopinit)
                  00000ab4    00000040                                   : u_divt2.asm.obj (.text)
                  00000af4    00000034                                   : boot_cortex_m.c.obj (.text:_c_int00_noargs:_c_int00_noargs)
                  00000b28    0000001c                                   : copy_zero_init.c.obj (.text:decompress:ZI:__TI_zero_init_nomemset:__TI_zero_init_nomemset)
                  00000b44    0000001a     uartstdio.obj (.text:UARTprintf)
                  00000b5e    00000002     startup_ccs.obj (.text:IntDefaultHandler)
                  00000b60    00000014     driverlib.lib : systick.obj (.text:SysTickEnable)
                  00000b74    00000014                   : systick.obj (.text:SysTickIntEnable)
                  00000b88    00000010                   : interrupt.obj (.text:IntMasterEnable)
                  00000b98    00000010                   : systick.obj (.text:SysTickPeriodSet)
                  00000ba8    0000000e     rtsv7M4_T_le_v4SPD16_eabi.lib : copy_decompress_none.c.obj (.text:decompress:none:__TI_decompress_none)
                  00000bb6    0000000c     driverlib.lib : cpu.obj (.text:CPUcpsie)
                  00000bc2    00000006     startup_ccs.obj (.text:ResetISR)
                  00000bc8    00000006     driverlib.lib : uart.obj (.text:UARTClockSourceSet)
                  00000bce    00000004     rtsv7M4_T_le_v4SPD16_eabi.lib : pre_init.c.obj (.text:_system_pre_init)
                  00000bd2    00000004                                   : exit.c.obj (.text:abort:abort)
                  00000bd6    00000002     startup_ccs.obj (.text:NmiSR)
                  00000bd8    00000002     rtsv7M4_T_le_v4SPD16_eabi.lib : div0.asm.obj (.text)

.const     0    00000bdc    00000084     
                  00000bdc    0000006c     driverlib.lib : sysctl.obj (.const:g_pui32Xtals)
                  00000c48    0000000c     uartstdio.obj (.const:g_ui32UARTBase)
                  00000c54    0000000c     uartstdio.obj (.const:g_ui32UARTPeriph)

.cinit     0    00000c60    00000030     
                  00000c60    0000000c     (__TI_handler_table)
                  00000c6c    0000000a     (.cinit..data.load) [load image, compression = lzss]
                  00000c76    00000002     --HOLE-- [fill = 0]
                  00000c78    00000008     (.cinit..bss.load) [load image, compression = zero_init]
                  00000c80    00000010     (__TI_cinit_table)

.init_array 
*          0    00000000    00000000     UNINITIALIZED

.data      0    20000100    00000008     UNINITIALIZED
                  20000100    00000005     uartstdio.obj (.data)
                  20000105    00000003     buttons.obj (.data)

.bss       0    20000108    00000004     UNINITIALIZED
                  20000108    00000004     (.common:g_ui32Mode)

.stack     0    20000000    00000100     UNINITIALIZED
                  20000000    00000004     rtsv7M4_T_le_v4SPD16_eabi.lib : boot_cortex_m.c.obj (.stack)
                  20000004    000000fc     --HOLE--

__llvm_prf_cnts 
*          0    20000000    00000000     UNINITIALIZED

.binit     0    00000000    00000000     

MODULE SUMMARY

       Module                       code   ro data   rw data
       ------                       ----   -------   -------
    ./
       startup_ccs.obj              12     620       0      
       gpio_jtag.obj                600    0         4      
    +--+----------------------------+------+---------+---------+
       Total:                       612    620       4      
                                                            
    ./drivers/
       buttons.obj                  240    0         3      
    +--+----------------------------+------+---------+---------+
       Total:                       240    0         3      
                                                            
    ./utils/
       uartstdio.obj                696    24        5      
    +--+----------------------------+------+---------+---------+
       Total:                       696    24        5      
                                                            
    /home/adria/ti/TivaWare_C_Series-2.2.0.295/driverlib/ccs/Debug/driverlib.lib
       sysctl.obj                   280    108       0      
       systick.obj                  56     0         0      
       interrupt.obj                16     0         0      
       cpu.obj                      12     0         0      
       uart.obj                     6      0         0      
    +--+----------------------------+------+---------+---------+
       Total:                       370    108       0      
                                                            
    /home/adria/ti/ccs1281/ccs/tools/compiler/ti-cgt-arm_20.2.7.LTS/lib/rtsv7M4_T_le_v4SPD16_eabi.lib
       memcpy_t2.asm.obj            156    0         0      
       copy_decompress_lzss.c.obj   104    0         0      
       autoinit.c.obj               68     0         0      
       u_divt2.asm.obj              64     0         0      
       boot_cortex_m.c.obj          52     0         0      
       copy_zero_init.c.obj         28     0         0      
       copy_decompress_none.c.obj   14     0         0      
       exit.c.obj                   4      0         0      
       pre_init.c.obj               4      0         0      
       div0.asm.obj                 2      0         0      
    +--+----------------------------+------+---------+---------+
       Total:                       496    0         0      
                                                            
       Stack:                       0      0         256    
       Linker Generated:            0      46        0      
    +--+----------------------------+------+---------+---------+
       Grand Total:                 2414   798       268    


LINKER GENERATED COPY TABLES

__TI_cinit_table @ 00000c80 records: 2, size/record: 8, table size: 16
	.data: load addr=00000c6c, load size=0000000a bytes, run addr=20000100, run size=00000008 bytes, compression=lzss
	.bss: load addr=00000c78, load size=00000008 bytes, run addr=20000108, run size=00000004 bytes, compression=zero_init


LINKER GENERATED HANDLER TABLE

__TI_handler_table @ 00000c60 records: 3, size/record: 4, table size: 12
	index: 0, handler: __TI_decompress_lzss
	index: 1, handler: __TI_decompress_none
	index: 2, handler: __TI_zero_init


GLOBAL SYMBOLS: SORTED ALPHABETICALLY BY Name 

address   name                          
-------   ----                          
0000088d  ButtonsInit                   
00000805  ButtonsPoll                   
00000bd3  C$$EXIT                       
00000bb7  CPUcpsie                      
0000095d  ConfigureUART                 
00000b89  IntMasterEnable               
00000bc3  ResetISR                      
0000045d  SysCtlClockGet                
00000b61  SysTickEnable                 
00000b75  SysTickIntEnable              
00000575  SysTickIntHandler             
00000b99  SysTickPeriodSet              
00000bc9  UARTClockSourceSet            
000009c1  UARTStdioConfig               
00000b45  UARTprintf                    
0000026d  UARTvprintf                   
00000a21  UARTwrite                     
20000100  __STACK_END                   
00000100  __STACK_SIZE                  
20000100  __STACK_TOP                   
00000c80  __TI_CINIT_Base               
00000c90  __TI_CINIT_Limit              
00000c60  __TI_Handler_Table_Base       
00000c6c  __TI_Handler_Table_Limit      
00000a71  __TI_auto_init_nobinit_nopinit
000008f5  __TI_decompress_lzss          
00000ba9  __TI_decompress_none          
ffffffff  __TI_pprof_out_hndl           
ffffffff  __TI_prof_data_size           
ffffffff  __TI_prof_data_start          
00000000  __TI_static_base__            
00000b29  __TI_zero_init_nomemset       
00000bd9  __aeabi_idiv0                 
00000bd9  __aeabi_ldiv0                 
00000769  __aeabi_memcpy                
00000769  __aeabi_memcpy4               
00000769  __aeabi_memcpy8               
00000ab5  __aeabi_uidiv                 
00000ab5  __aeabi_uidivmod              
ffffffff  __binit__                     
ffffffff  __c_args__                    
UNDEFED   __mpu_init                    
20000000  __stack                       
20000000  __start___llvm_prf_cnts       
20000000  __stop___llvm_prf_cnts        
00000af5  _c_int00_noargs               
UNDEFED   _system_post_cinit            
00000bcf  _system_pre_init              
00000bd3  abort                         
ffffffff  binit                         
00000000  g_pfnVectors                  
20000108  g_ui32Mode                    
0000068d  main                          
00000769  memcpy                        


GLOBAL SYMBOLS: SORTED BY Symbol Address 

address   name                          
-------   ----                          
00000000  __TI_static_base__            
00000000  g_pfnVectors                  
00000100  __STACK_SIZE                  
0000026d  UARTvprintf                   
0000045d  SysCtlClockGet                
00000575  SysTickIntHandler             
0000068d  main                          
00000769  __aeabi_memcpy                
00000769  __aeabi_memcpy4               
00000769  __aeabi_memcpy8               
00000769  memcpy                        
00000805  ButtonsPoll                   
0000088d  ButtonsInit                   
000008f5  __TI_decompress_lzss          
0000095d  ConfigureUART                 
000009c1  UARTStdioConfig               
00000a21  UARTwrite                     
00000a71  __TI_auto_init_nobinit_nopinit
00000ab5  __aeabi_uidiv                 
00000ab5  __aeabi_uidivmod              
00000af5  _c_int00_noargs               
00000b29  __TI_zero_init_nomemset       
00000b45  UARTprintf                    
00000b61  SysTickEnable                 
00000b75  SysTickIntEnable              
00000b89  IntMasterEnable               
00000b99  SysTickPeriodSet              
00000ba9  __TI_decompress_none          
00000bb7  CPUcpsie                      
00000bc3  ResetISR                      
00000bc9  UARTClockSourceSet            
00000bcf  _system_pre_init              
00000bd3  C$$EXIT                       
00000bd3  abort                         
00000bd9  __aeabi_idiv0                 
00000bd9  __aeabi_ldiv0                 
00000c60  __TI_Handler_Table_Base       
00000c6c  __TI_Handler_Table_Limit      
00000c80  __TI_CINIT_Base               
00000c90  __TI_CINIT_Limit              
20000000  __stack                       
20000000  __start___llvm_prf_cnts       
20000000  __stop___llvm_prf_cnts        
20000100  __STACK_END                   
20000100  __STACK_TOP                   
20000108  g_ui32Mode                    
ffffffff  __TI_pprof_out_hndl           
ffffffff  __TI_prof_data_size           
ffffffff  __TI_prof_data_start          
ffffffff  __binit__                     
ffffffff  __c_args__                    
ffffffff  binit                         
UNDEFED   __mpu_init                    
UNDEFED   _system_post_cinit            

[54 symbols]
