******************************************************************************
                  TI ARM Linker PC v20.2.7                     
******************************************************************************
>> Linked Wed Jan 21 14:29:56 2026

OUTPUT FILE NAME:   <gpio_jtag.out>
ENTRY POINT SYMBOL: "_c_int00_noargs"  address: 00000621


MEMORY CONFIGURATION

         name            origin    length      used     unused   attr    fill
----------------------  --------  ---------  --------  --------  ----  --------
  FLASH                 00000000   00040000  0000075e  0003f8a2  R  X
  SRAM                  20000000   00008000  00000104  00007efc  RW X


SEGMENT ALLOCATION MAP

run origin  load origin   length   init length attrs members
----------  ----------- ---------- ----------- ----- -------
00000000    00000000    00000764   00000764    r-x
  00000000    00000000    0000026c   0000026c    r-- .intvecs
  0000026c    0000026c    00000472   00000472    r-x .text
  000006e0    000006e0    0000006c   0000006c    r-- .const
  00000750    00000750    00000014   00000014    r-- .cinit
20000000    20000000    00000104   00000000    rw-
  20000000    20000000    00000100   00000000    rw- .stack
  20000100    20000100    00000004   00000000    rw- .bss


SECTION ALLOCATION MAP

 output                                  attributes/
section   page    origin      length       input sections
--------  ----  ----------  ----------   ----------------
.intvecs   0    00000000    0000026c     
                  00000000    0000026c     startup_ccs.obj (.intvecs)

.text      0    0000026c    00000472     
                  0000026c    00000118     driverlib.lib : sysctl.obj (.text:SysCtlClockGet)
                  00000384    00000118     gpio_jtag.obj (.text:SysTickIntHandler)
                  0000049c    000000dc     gpio_jtag.obj (.text:main)
                  00000578    00000064     gpio_jtag.obj (.text:ConfigureUART)
                  000005dc    00000044     rtsv7M4_T_le_v4SPD16_eabi.lib : autoinit.c.obj (.text:__TI_auto_init_nobinit_nopinit:__TI_auto_init_nobinit_nopinit)
                  00000620    00000034                                   : boot_cortex_m.c.obj (.text:_c_int00_noargs:_c_int00_noargs)
                  00000654    0000001c                                   : copy_zero_init.c.obj (.text:decompress:ZI:__TI_zero_init_nomemset:__TI_zero_init_nomemset)
                  00000670    00000014     driverlib.lib : systick.obj (.text:SysTickEnable)
                  00000684    00000014                   : systick.obj (.text:SysTickIntEnable)
                  00000698    00000010                   : interrupt.obj (.text:IntMasterEnable)
                  000006a8    00000010                   : systick.obj (.text:SysTickPeriodSet)
                  000006b8    0000000c                   : cpu.obj (.text:CPUcpsie)
                  000006c4    00000006     startup_ccs.obj (.text:ResetISR)
                  000006ca    00000006     driverlib.lib : uart.obj (.text:UARTClockSourceSet)
                  000006d0    00000004     rtsv7M4_T_le_v4SPD16_eabi.lib : pre_init.c.obj (.text:_system_pre_init)
                  000006d4    00000004                                   : exit.c.obj (.text:abort:abort)
                  000006d8    00000002     startup_ccs.obj (.text:FaultISR)
                  000006da    00000002     startup_ccs.obj (.text:IntDefaultHandler)
                  000006dc    00000002     startup_ccs.obj (.text:NmiSR)

.const     0    000006e0    0000006c     
                  000006e0    0000006c     driverlib.lib : sysctl.obj (.const:g_pui32Xtals)

.cinit     0    00000750    00000014     
                  00000750    00000008     (.cinit..bss.load) [load image, compression = zero_init]
                  00000758    00000004     (__TI_handler_table)
                  0000075c    00000008     (__TI_cinit_table)

.init_array 
*          0    00000000    00000000     UNINITIALIZED

.bss       0    20000100    00000004     UNINITIALIZED
                  20000100    00000004     (.common:g_ui32Mode)

.stack     0    20000000    00000100     UNINITIALIZED
                  20000000    00000004     rtsv7M4_T_le_v4SPD16_eabi.lib : boot_cortex_m.c.obj (.stack)
                  20000004    000000fc     --HOLE--

__llvm_prf_cnts 
*          0    20000000    00000000     UNINITIALIZED

.binit     0    00000000    00000000     

MODULE SUMMARY

       Module                 code   ro data   rw data
       ------                 ----   -------   -------
    .\
       startup_ccs.obj        12     620       0      
       gpio_jtag.obj          600    0         4      
    +--+----------------------+------+---------+---------+
       Total:                 612    620       4      
                                                      
    C:/ti/TivaWare_C_Series-2.2.0.295/driverlib/ccs/Debug/driverlib.lib
       sysctl.obj             280    108       0      
       systick.obj            56     0         0      
       interrupt.obj          16     0         0      
       cpu.obj                12     0         0      
       uart.obj               6      0         0      
    +--+----------------------+------+---------+---------+
       Total:                 370    108       0      
                                                      
    C:\ti\ccs1280\ccs\tools\compiler\ti-cgt-arm_20.2.7.LTS\lib\rtsv7M4_T_le_v4SPD16_eabi.lib
       autoinit.c.obj         68     0         0      
       boot_cortex_m.c.obj    52     0         0      
       copy_zero_init.c.obj   28     0         0      
       exit.c.obj             4      0         0      
       pre_init.c.obj         4      0         0      
    +--+----------------------+------+---------+---------+
       Total:                 156    0         0      
                                                      
       Stack:                 0      0         256    
       Linker Generated:      0      20        0      
    +--+----------------------+------+---------+---------+
       Grand Total:           1138   748       260    


LINKER GENERATED COPY TABLES

__TI_cinit_table @ 0000075c records: 1, size/record: 8, table size: 8
	.bss: load addr=00000750, load size=00000008 bytes, run addr=20000100, run size=00000004 bytes, compression=zero_init


LINKER GENERATED HANDLER TABLE

__TI_handler_table @ 00000758 records: 1, size/record: 4, table size: 4
	index: 0, handler: __TI_zero_init


GLOBAL SYMBOLS: SORTED ALPHABETICALLY BY Name 

address   name                          
-------   ----                          
UNDEFED   ButtonsInit                   
UNDEFED   ButtonsPoll                   
000006d5  C$$EXIT                       
000006b9  CPUcpsie                      
00000579  ConfigureUART                 
00000699  IntMasterEnable               
000006c5  ResetISR                      
0000026d  SysCtlClockGet                
00000671  SysTickEnable                 
00000685  SysTickIntEnable              
00000385  SysTickIntHandler             
000006a9  SysTickPeriodSet              
000006cb  UARTClockSourceSet            
UNDEFED   UARTStdioConfig               
UNDEFED   UARTprintf                    
20000100  __STACK_END                   
00000100  __STACK_SIZE                  
20000100  __STACK_TOP                   
0000075c  __TI_CINIT_Base               
00000764  __TI_CINIT_Limit              
00000758  __TI_Handler_Table_Base       
0000075c  __TI_Handler_Table_Limit      
000005dd  __TI_auto_init_nobinit_nopinit
ffffffff  __TI_pprof_out_hndl           
ffffffff  __TI_prof_data_size           
ffffffff  __TI_prof_data_start          
00000000  __TI_static_base__            
00000655  __TI_zero_init_nomemset       
ffffffff  __binit__                     
ffffffff  __c_args__                    
UNDEFED   __mpu_init                    
20000000  __stack                       
20000000  __start___llvm_prf_cnts       
20000000  __stop___llvm_prf_cnts        
00000621  _c_int00_noargs               
UNDEFED   _system_post_cinit            
000006d1  _system_pre_init              
000006d5  abort                         
ffffffff  binit                         
00000000  g_pfnVectors                  
20000100  g_ui32Mode                    
0000049d  main                          


GLOBAL SYMBOLS: SORTED BY Symbol Address 

address   name                          
-------   ----                          
00000000  __TI_static_base__            
00000000  g_pfnVectors                  
00000100  __STACK_SIZE                  
0000026d  SysCtlClockGet                
00000385  SysTickIntHandler             
0000049d  main                          
00000579  ConfigureUART                 
000005dd  __TI_auto_init_nobinit_nopinit
00000621  _c_int00_noargs               
00000655  __TI_zero_init_nomemset       
00000671  SysTickEnable                 
00000685  SysTickIntEnable              
00000699  IntMasterEnable               
000006a9  SysTickPeriodSet              
000006b9  CPUcpsie                      
000006c5  ResetISR                      
000006cb  UARTClockSourceSet            
000006d1  _system_pre_init              
000006d5  C$$EXIT                       
000006d5  abort                         
00000758  __TI_Handler_Table_Base       
0000075c  __TI_CINIT_Base               
0000075c  __TI_Handler_Table_Limit      
00000764  __TI_CINIT_Limit              
20000000  __stack                       
20000000  __start___llvm_prf_cnts       
20000000  __stop___llvm_prf_cnts        
20000100  __STACK_END                   
20000100  __STACK_TOP                   
20000100  g_ui32Mode                    
ffffffff  __TI_pprof_out_hndl           
ffffffff  __TI_prof_data_size           
ffffffff  __TI_prof_data_start          
ffffffff  __binit__                     
ffffffff  __c_args__                    
ffffffff  binit                         
UNDEFED   ButtonsInit                   
UNDEFED   ButtonsPoll                   
UNDEFED   UARTStdioConfig               
UNDEFED   UARTprintf                    
UNDEFED   __mpu_init                    
UNDEFED   _system_post_cinit            

[42 symbols]
