<?xml version="1.0" encoding="ISO-8859-1" ?>
<link_info>
   <banner>TI ARM Linker PC v20.2.7.LTS</banner>
   <copyright>Copyright (c) 1996-2018 Texas Instruments Incorporated</copyright>
   <link_time>0x697655fc</link_time>
   <link_errors>0x0</link_errors>
   <output_file>lse1.out</output_file>
   <entry_point>
      <name>_c_int00_noargs</name>
      <address>0x154d</address>
   </entry_point>
   <input_file_list>
      <input_file id="fl-2">
         <path>.\</path>
         <kind>object</kind>
         <file>comparators.obj</file>
         <name>comparators.obj</name>
      </input_file>
      <input_file id="fl-3">
         <path>.\</path>
         <kind>object</kind>
         <file>main.obj</file>
         <name>main.obj</name>
      </input_file>
      <input_file id="fl-4">
         <path>.\</path>
         <kind>object</kind>
         <file>mosfets.obj</file>
         <name>mosfets.obj</name>
      </input_file>
      <input_file id="fl-5">
         <path>.\</path>
         <kind>object</kind>
         <file>phase_test.obj</file>
         <name>phase_test.obj</name>
      </input_file>
      <input_file id="fl-6">
         <path>.\</path>
         <kind>object</kind>
         <file>startup_ccs.obj</file>
         <name>startup_ccs.obj</name>
      </input_file>
      <input_file id="fl-b">
         <kind>object</kind>
         <file>&lt;internal&gt;</file>
         <name>&lt;internal&gt;</name>
      </input_file>
      <input_file id="fl-c">
         <path>C:\ti\TivaWare_C_Series-2.2.0.295\driverlib\ccs\Debug\</path>
         <kind>archive</kind>
         <file>driverlib.lib</file>
         <name>fpu.obj</name>
      </input_file>
      <input_file id="fl-d">
         <path>C:\ti\TivaWare_C_Series-2.2.0.295\driverlib\ccs\Debug\</path>
         <kind>archive</kind>
         <file>driverlib.lib</file>
         <name>gpio.obj</name>
      </input_file>
      <input_file id="fl-e">
         <path>C:\ti\TivaWare_C_Series-2.2.0.295\driverlib\ccs\Debug\</path>
         <kind>archive</kind>
         <file>driverlib.lib</file>
         <name>interrupt.obj</name>
      </input_file>
      <input_file id="fl-f">
         <path>C:\ti\TivaWare_C_Series-2.2.0.295\driverlib\ccs\Debug\</path>
         <kind>archive</kind>
         <file>driverlib.lib</file>
         <name>sysctl.obj</name>
      </input_file>
      <input_file id="fl-10">
         <path>C:\ti\TivaWare_C_Series-2.2.0.295\driverlib\ccs\Debug\</path>
         <kind>archive</kind>
         <file>driverlib.lib</file>
         <name>timer.obj</name>
      </input_file>
      <input_file id="fl-11">
         <path>C:\ti\TivaWare_C_Series-2.2.0.295\driverlib\ccs\Debug\</path>
         <kind>archive</kind>
         <file>driverlib.lib</file>
         <name>cpu.obj</name>
      </input_file>
      <input_file id="fl-c7">
         <path>C:\ti\ccs1280\ccs\tools\compiler\ti-cgt-arm_20.2.7.LTS\lib\</path>
         <kind>archive</kind>
         <file>rtsv7M4_T_le_v4SPD16_eabi.lib</file>
         <name>fd_div_t2.asm.obj</name>
      </input_file>
      <input_file id="fl-c8">
         <path>C:\ti\ccs1280\ccs\tools\compiler\ti-cgt-arm_20.2.7.LTS\lib\</path>
         <kind>archive</kind>
         <file>rtsv7M4_T_le_v4SPD16_eabi.lib</file>
         <name>fd_mul_t2.asm.obj</name>
      </input_file>
      <input_file id="fl-c9">
         <path>C:\ti\ccs1280\ccs\tools\compiler\ti-cgt-arm_20.2.7.LTS\lib\</path>
         <kind>archive</kind>
         <file>rtsv7M4_T_le_v4SPD16_eabi.lib</file>
         <name>fd_tou_t2.asm.obj</name>
      </input_file>
      <input_file id="fl-ca">
         <path>C:\ti\ccs1280\ccs\tools\compiler\ti-cgt-arm_20.2.7.LTS\lib\</path>
         <kind>archive</kind>
         <file>rtsv7M4_T_le_v4SPD16_eabi.lib</file>
         <name>u_tofd_t2.asm.obj</name>
      </input_file>
      <input_file id="fl-cb">
         <path>C:\ti\ccs1280\ccs\tools\compiler\ti-cgt-arm_20.2.7.LTS\lib\</path>
         <kind>archive</kind>
         <file>rtsv7M4_T_le_v4SPD16_eabi.lib</file>
         <name>copy_zero_init.c.obj</name>
      </input_file>
      <input_file id="fl-cc">
         <path>C:\ti\ccs1280\ccs\tools\compiler\ti-cgt-arm_20.2.7.LTS\lib\</path>
         <kind>archive</kind>
         <file>rtsv7M4_T_le_v4SPD16_eabi.lib</file>
         <name>copy_decompress_none.c.obj</name>
      </input_file>
      <input_file id="fl-cd">
         <path>C:\ti\ccs1280\ccs\tools\compiler\ti-cgt-arm_20.2.7.LTS\lib\</path>
         <kind>archive</kind>
         <file>rtsv7M4_T_le_v4SPD16_eabi.lib</file>
         <name>copy_decompress_lzss.c.obj</name>
      </input_file>
      <input_file id="fl-ce">
         <path>C:\ti\ccs1280\ccs\tools\compiler\ti-cgt-arm_20.2.7.LTS\lib\</path>
         <kind>archive</kind>
         <file>rtsv7M4_T_le_v4SPD16_eabi.lib</file>
         <name>boot_cortex_m.c.obj</name>
      </input_file>
      <input_file id="fl-cf">
         <path>C:\ti\ccs1280\ccs\tools\compiler\ti-cgt-arm_20.2.7.LTS\lib\</path>
         <kind>archive</kind>
         <file>rtsv7M4_T_le_v4SPD16_eabi.lib</file>
         <name>memcpy_t2.asm.obj</name>
      </input_file>
      <input_file id="fl-d0">
         <path>C:\ti\ccs1280\ccs\tools\compiler\ti-cgt-arm_20.2.7.LTS\lib\</path>
         <kind>archive</kind>
         <file>rtsv7M4_T_le_v4SPD16_eabi.lib</file>
         <name>memset_t2.asm.obj</name>
      </input_file>
      <input_file id="fl-d1">
         <path>C:\ti\ccs1280\ccs\tools\compiler\ti-cgt-arm_20.2.7.LTS\lib\</path>
         <kind>archive</kind>
         <file>rtsv7M4_T_le_v4SPD16_eabi.lib</file>
         <name>autoinit.c.obj</name>
      </input_file>
      <input_file id="fl-d2">
         <path>C:\ti\ccs1280\ccs\tools\compiler\ti-cgt-arm_20.2.7.LTS\lib\</path>
         <kind>archive</kind>
         <file>rtsv7M4_T_le_v4SPD16_eabi.lib</file>
         <name>pre_init.c.obj</name>
      </input_file>
      <input_file id="fl-d3">
         <path>C:\ti\ccs1280\ccs\tools\compiler\ti-cgt-arm_20.2.7.LTS\lib\</path>
         <kind>archive</kind>
         <file>rtsv7M4_T_le_v4SPD16_eabi.lib</file>
         <name>cpy_tbl.c.obj</name>
      </input_file>
      <input_file id="fl-d4">
         <path>C:\ti\ccs1280\ccs\tools\compiler\ti-cgt-arm_20.2.7.LTS\lib\</path>
         <kind>archive</kind>
         <file>rtsv7M4_T_le_v4SPD16_eabi.lib</file>
         <name>exit.c.obj</name>
      </input_file>
      <input_file id="fl-d5">
         <path>C:\ti\ccs1280\ccs\tools\compiler\ti-cgt-arm_20.2.7.LTS\lib\</path>
         <kind>archive</kind>
         <file>rtsv7M4_T_le_v4SPD16_eabi.lib</file>
         <name>_lock.c.obj</name>
      </input_file>
      <input_file id="fl-d6">
         <path>C:\ti\ccs1280\ccs\tools\compiler\ti-cgt-arm_20.2.7.LTS\lib\</path>
         <kind>archive</kind>
         <file>rtsv7M4_T_le_v4SPD16_eabi.lib</file>
         <name>args_main.c.obj</name>
      </input_file>
   </input_file_list>
   <object_component_list>
      <object_component id="oc-13">
         <name>.intvecs</name>
         <load_address>0x0</load_address>
         <run_address>0x0</run_address>
         <size>0x26c</size>
         <input_file_ref idref="fl-6"/>
      </object_component>
      <object_component id="oc-b1">
         <name>.text:main</name>
         <load_address>0x26c</load_address>
         <run_address>0x26c</run_address>
         <size>0x39c</size>
         <input_file_ref idref="fl-3"/>
      </object_component>
      <object_component id="oc-f6">
         <name>.text:_ZN16MosfetController5setupEjf</name>
         <load_address>0x608</load_address>
         <run_address>0x608</run_address>
         <size>0x208</size>
         <input_file_ref idref="fl-4"/>
      </object_component>
      <object_component id="oc-102">
         <name>.text:_Z11updateStatei</name>
         <load_address>0x810</load_address>
         <run_address>0x810</run_address>
         <size>0x1c0</size>
         <input_file_ref idref="fl-3"/>
      </object_component>
      <object_component id="oc-25e">
         <name>.text:GPIOPadConfigSet</name>
         <load_address>0x9d0</load_address>
         <run_address>0x9d0</run_address>
         <size>0x16c</size>
         <input_file_ref idref="fl-d"/>
      </object_component>
      <object_component id="oc-207">
         <name>.text</name>
         <load_address>0xb3c</load_address>
         <run_address>0xb3c</run_address>
         <size>0x136</size>
         <input_file_ref idref="fl-c7"/>
      </object_component>
      <object_component id="oc-125">
         <name>.text</name>
         <load_address>0xc72</load_address>
         <run_address>0xc72</run_address>
         <size>0xfc</size>
         <input_file_ref idref="fl-c8"/>
      </object_component>
      <object_component id="oc-34">
         <name>.text:FaultISR</name>
         <load_address>0xd6e</load_address>
         <run_address>0xd6e</run_address>
         <size>0x2</size>
         <input_file_ref idref="fl-6"/>
      </object_component>
      <object_component id="oc-142">
         <name>.text:_Z7GPIOIntv</name>
         <load_address>0xd70</load_address>
         <run_address>0xd70</run_address>
         <size>0xd0</size>
         <input_file_ref idref="fl-3"/>
      </object_component>
      <object_component id="oc-fc">
         <name>.text:_ZN20ComparatorController5setupEPFvvE</name>
         <load_address>0xe40</load_address>
         <run_address>0xe40</run_address>
         <size>0xb8</size>
         <input_file_ref idref="fl-2"/>
      </object_component>
      <object_component id="oc-f0">
         <name>.text:_Z8ADCSetupv</name>
         <load_address>0xef8</load_address>
         <run_address>0xef8</run_address>
         <size>0xa0</size>
         <input_file_ref idref="fl-3"/>
      </object_component>
      <object_component id="oc-4e">
         <name>.text</name>
         <load_address>0xf98</load_address>
         <run_address>0xf98</run_address>
         <size>0x9c</size>
         <input_file_ref idref="fl-cf"/>
      </object_component>
      <object_component id="oc-137">
         <name>.text:_Z8StallIntv</name>
         <load_address>0x1034</load_address>
         <run_address>0x1034</run_address>
         <size>0x88</size>
         <input_file_ref idref="fl-3"/>
      </object_component>
      <object_component id="oc-11a">
         <name>.text:_Z12ADC0_ReadAvgh</name>
         <load_address>0x10bc</load_address>
         <run_address>0x10bc</run_address>
         <size>0x80</size>
         <input_file_ref idref="fl-3"/>
      </object_component>
      <object_component id="oc-114">
         <name>.text:_Z18setupNextInterrupti</name>
         <load_address>0x113c</load_address>
         <run_address>0x113c</run_address>
         <size>0x78</size>
         <input_file_ref idref="fl-3"/>
      </object_component>
      <object_component id="oc-200">
         <name>.text:_ZN16MosfetController6allOffEv</name>
         <load_address>0x11b4</load_address>
         <run_address>0x11b4</run_address>
         <size>0x70</size>
         <input_file_ref idref="fl-3"/>
      </object_component>
      <object_component id="oc-1a8">
         <name>.text:IntEnable</name>
         <load_address>0x1224</load_address>
         <run_address>0x1224</run_address>
         <size>0x68</size>
         <input_file_ref idref="fl-e"/>
      </object_component>
      <object_component id="oc-16">
         <name>.text:decompress:lzss:__TI_decompress_lzss</name>
         <load_address>0x128c</load_address>
         <run_address>0x128c</run_address>
         <size>0x68</size>
         <input_file_ref idref="fl-cd"/>
      </object_component>
      <object_component id="oc-1cf">
         <name>.text:GPIOIntTypeSet</name>
         <load_address>0x12f4</load_address>
         <run_address>0x12f4</run_address>
         <size>0x58</size>
         <input_file_ref idref="fl-d"/>
      </object_component>
      <object_component id="oc-19c">
         <name>.text:_TimerIntNumberGet</name>
         <load_address>0x134c</load_address>
         <run_address>0x134c</run_address>
         <size>0x4c</size>
         <input_file_ref idref="fl-10"/>
      </object_component>
      <object_component id="oc-1e7">
         <name>.text:_ZN20ComparatorController19configComparatorIntE12ComparatorIDbj</name>
         <load_address>0x1398</load_address>
         <run_address>0x1398</run_address>
         <size>0x48</size>
         <input_file_ref idref="fl-2"/>
      </object_component>
      <object_component id="oc-266">
         <name>.text:_GPIOIntNumberGet</name>
         <load_address>0x13e0</load_address>
         <run_address>0x13e0</run_address>
         <size>0x44</size>
         <input_file_ref idref="fl-d"/>
      </object_component>
      <object_component id="oc-161">
         <name>.text:__TI_auto_init_nobinit_nopinit:__TI_auto_init_nobinit_nopinit</name>
         <load_address>0x1424</load_address>
         <run_address>0x1424</run_address>
         <size>0x44</size>
         <input_file_ref idref="fl-d1"/>
      </object_component>
      <object_component id="oc-12a">
         <name>.text</name>
         <load_address>0x1468</load_address>
         <run_address>0x1468</run_address>
         <size>0x44</size>
         <input_file_ref idref="fl-c9"/>
      </object_component>
      <object_component id="oc-e4">
         <name>.text:SysCtlPeripheralReady</name>
         <load_address>0x14ac</load_address>
         <run_address>0x14ac</run_address>
         <size>0x38</size>
         <input_file_ref idref="fl-f"/>
      </object_component>
      <object_component id="oc-1a2">
         <name>.text:IntRegister</name>
         <load_address>0x14e4</load_address>
         <run_address>0x14e4</run_address>
         <size>0x34</size>
         <input_file_ref idref="fl-e"/>
      </object_component>
      <object_component id="oc-1b7">
         <name>.text:SysCtlPeripheralEnable</name>
         <load_address>0x1518</load_address>
         <run_address>0x1518</run_address>
         <size>0x34</size>
         <input_file_ref idref="fl-f"/>
      </object_component>
      <object_component id="oc-6c">
         <name>.text:_c_int00_noargs:_c_int00_noargs</name>
         <load_address>0x154c</load_address>
         <run_address>0x154c</run_address>
         <size>0x34</size>
         <input_file_ref idref="fl-ce"/>
      </object_component>
      <object_component id="oc-258">
         <name>.text:GPIODirModeSet</name>
         <load_address>0x1580</load_address>
         <run_address>0x1580</run_address>
         <size>0x2c</size>
         <input_file_ref idref="fl-d"/>
      </object_component>
      <object_component id="oc-120">
         <name>.text</name>
         <load_address>0x15ac</load_address>
         <run_address>0x15ac</run_address>
         <size>0x20</size>
         <input_file_ref idref="fl-ca"/>
      </object_component>
      <object_component id="oc-10e">
         <name>.text:_ZN20ComparatorController20disableAllInterruptsEv</name>
         <load_address>0x15cc</load_address>
         <run_address>0x15cc</run_address>
         <size>0x1c</size>
         <input_file_ref idref="fl-2"/>
      </object_component>
      <object_component id="oc-5a">
         <name>.text:decompress:ZI:__TI_zero_init_nomemset:__TI_zero_init_nomemset</name>
         <load_address>0x15e8</load_address>
         <run_address>0x15e8</run_address>
         <size>0x1c</size>
         <input_file_ref idref="fl-cb"/>
      </object_component>
      <object_component id="oc-1c9">
         <name>.text:GPIOIntRegister</name>
         <load_address>0x1604</load_address>
         <run_address>0x1604</run_address>
         <size>0x18</size>
         <input_file_ref idref="fl-d"/>
      </object_component>
      <object_component id="oc-ea">
         <name>.text:TimerIntRegister</name>
         <load_address>0x161c</load_address>
         <run_address>0x161c</run_address>
         <size>0x18</size>
         <input_file_ref idref="fl-10"/>
      </object_component>
      <object_component id="oc-1bd">
         <name>.text:GPIOPinTypeGPIOInput</name>
         <load_address>0x1634</load_address>
         <run_address>0x1634</run_address>
         <size>0x16</size>
         <input_file_ref idref="fl-d"/>
      </object_component>
      <object_component id="oc-3a">
         <name>.text:IntDefaultHandler</name>
         <load_address>0x164a</load_address>
         <run_address>0x164a</run_address>
         <size>0x2</size>
         <input_file_ref idref="fl-6"/>
      </object_component>
      <object_component id="oc-d8">
         <name>.text:FPUEnable</name>
         <load_address>0x164c</load_address>
         <run_address>0x164c</run_address>
         <size>0x10</size>
         <input_file_ref idref="fl-c"/>
      </object_component>
      <object_component id="oc-de">
         <name>.text:FPULazyStackingEnable</name>
         <load_address>0x165c</load_address>
         <run_address>0x165c</run_address>
         <size>0x10</size>
         <input_file_ref idref="fl-c"/>
      </object_component>
      <object_component id="oc-1c3">
         <name>.text:GPIOIntDisable</name>
         <load_address>0x166c</load_address>
         <run_address>0x166c</run_address>
         <size>0xe</size>
         <input_file_ref idref="fl-d"/>
      </object_component>
      <object_component id="oc-1c">
         <name>.text:decompress:none:__TI_decompress_none</name>
         <load_address>0x167a</load_address>
         <run_address>0x167a</run_address>
         <size>0xe</size>
         <input_file_ref idref="fl-cc"/>
      </object_component>
      <object_component id="oc-1d5">
         <name>.text:GPIOIntEnable</name>
         <load_address>0x1688</load_address>
         <run_address>0x1688</run_address>
         <size>0xc</size>
         <input_file_ref idref="fl-d"/>
      </object_component>
      <object_component id="oc-108">
         <name>.text:GPIOIntClear</name>
         <load_address>0x1694</load_address>
         <run_address>0x1694</run_address>
         <size>0x6</size>
         <input_file_ref idref="fl-d"/>
      </object_component>
      <object_component id="oc-28">
         <name>.text:ResetISR</name>
         <load_address>0x169a</load_address>
         <run_address>0x169a</run_address>
         <size>0x6</size>
         <input_file_ref idref="fl-6"/>
      </object_component>
      <object_component id="oc-ab">
         <name>.text:_system_pre_init</name>
         <load_address>0x16a0</load_address>
         <run_address>0x16a0</run_address>
         <size>0x4</size>
         <input_file_ref idref="fl-d2"/>
      </object_component>
      <object_component id="oc-155">
         <name>.text:abort:abort</name>
         <load_address>0x16a4</load_address>
         <run_address>0x16a4</run_address>
         <size>0x4</size>
         <input_file_ref idref="fl-d4"/>
      </object_component>
      <object_component id="oc-2e">
         <name>.text:NmiSR</name>
         <load_address>0x16a8</load_address>
         <run_address>0x16a8</run_address>
         <size>0x2</size>
         <input_file_ref idref="fl-6"/>
      </object_component>
      <object_component id="oc-2a6">
         <name>.const:g_ppui32GPIOIntMapSnowflake</name>
         <load_address>0x16ac</load_address>
         <run_address>0x16ac</run_address>
         <size>0xd8</size>
         <input_file_ref idref="fl-d"/>
      </object_component>
      <object_component id="oc-2a3">
         <name>.const:g_ppui32GPIOIntMapBlizzard</name>
         <load_address>0x1784</load_address>
         <run_address>0x1784</run_address>
         <size>0xc0</size>
         <input_file_ref idref="fl-d"/>
      </object_component>
      <object_component id="oc-245">
         <name>.const:g_ppui32TimerIntMap</name>
         <load_address>0x1844</load_address>
         <run_address>0x1844</run_address>
         <size>0x60</size>
         <input_file_ref idref="fl-10"/>
      </object_component>
      <object_component id="oc-248">
         <name>.const:g_ppui32TimerIntMapSnowflake</name>
         <load_address>0x18a4</load_address>
         <run_address>0x18a4</run_address>
         <size>0x40</size>
         <input_file_ref idref="fl-10"/>
      </object_component>
      <object_component id="oc-251">
         <name>.const:g_pui32EnRegs</name>
         <load_address>0x18e4</load_address>
         <run_address>0x18e4</run_address>
         <size>0x14</size>
         <input_file_ref idref="fl-e"/>
      </object_component>
      <object_component id="oc-2ef">
         <name>.cinit..data.load</name>
         <load_address>0x18f8</load_address>
         <run_address>0x18f8</run_address>
         <size>0x26</size>
      </object_component>
      <object_component id="oc-2ec">
         <name>__TI_handler_table</name>
         <load_address>0x1920</load_address>
         <run_address>0x1920</run_address>
         <size>0xc</size>
      </object_component>
      <object_component id="oc-2f0">
         <name>.cinit..bss.load</name>
         <load_address>0x1930</load_address>
         <run_address>0x1930</run_address>
         <size>0x8</size>
      </object_component>
      <object_component id="oc-2ee">
         <name>.cinit..vtable.load</name>
         <load_address>0x1938</load_address>
         <run_address>0x1938</run_address>
         <size>0x8</size>
      </object_component>
      <object_component id="oc-2ed">
         <name>__TI_cinit_table</name>
         <load_address>0x1940</load_address>
         <run_address>0x1940</run_address>
         <size>0x18</size>
      </object_component>
      <object_component id="oc-24c">
         <name>.vtable</name>
         <uninitialized>true</uninitialized>
         <run_address>0x20000000</run_address>
         <size>0x26c</size>
         <input_file_ref idref="fl-e"/>
      </object_component>
      <object_component id="oc-12f">
         <name>.data</name>
         <load_address>0x20000574</load_address>
         <run_address>0x20000574</run_address>
         <size>0x30</size>
         <input_file_ref idref="fl-3"/>
      </object_component>
      <object_component id="oc-13d">
         <name>.common:mosfets</name>
         <uninitialized>true</uninitialized>
         <run_address>0x20000571</run_address>
         <size>0x1</size>
      </object_component>
      <object_component id="oc-141">
         <name>.common:comps</name>
         <uninitialized>true</uninitialized>
         <run_address>0x20000570</run_address>
         <size>0x1</size>
      </object_component>
      <object_component id="oc-132">
         <name>.common:ui32Period</name>
         <uninitialized>true</uninitialized>
         <run_address>0x2000056c</run_address>
         <size>0x4</size>
      </object_component>
      <object_component id="oc-136">
         <name>.common:stallPeriod</name>
         <uninitialized>true</uninitialized>
         <run_address>0x20000568</run_address>
         <size>0x4</size>
      </object_component>
      <object_component id="oc-149">
         <name>.common:freqfase</name>
         <uninitialized>true</uninitialized>
         <run_address>0x200004ec</run_address>
         <size>0x7c</size>
      </object_component>
      <object_component id="oc-148">
         <name>.common:dutys</name>
         <uninitialized>true</uninitialized>
         <run_address>0x20000470</run_address>
         <size>0x7c</size>
      </object_component>
      <object_component id="oc-25">
         <name>.stack</name>
         <uninitialized>true</uninitialized>
         <run_address>0x20000270</run_address>
         <size>0x4</size>
         <input_file_ref idref="fl-ce"/>
      </object_component>
      <object_component id="oc-2f2">
         <name>.stack</name>
         <uninitialized>true</uninitialized>
         <run_address>0x20000270</run_address>
         <size>0x0</size>
      </object_component>
      <object_component id="oc-1e1">
         <name>.debug_info</name>
         <load_address>0x0</load_address>
         <run_address>0x0</run_address>
         <size>0x533</size>
         <input_file_ref idref="fl-2"/>
      </object_component>
      <object_component id="oc-ff">
         <name>.debug_info</name>
         <load_address>0x533</load_address>
         <run_address>0x533</run_address>
         <size>0x33c</size>
         <input_file_ref idref="fl-2"/>
      </object_component>
      <object_component id="oc-10f">
         <name>.debug_info</name>
         <load_address>0x86f</load_address>
         <run_address>0x86f</run_address>
         <size>0x17e</size>
         <input_file_ref idref="fl-2"/>
      </object_component>
      <object_component id="oc-1ea">
         <name>.debug_info</name>
         <load_address>0x9ed</load_address>
         <run_address>0x9ed</run_address>
         <size>0x23a</size>
         <input_file_ref idref="fl-2"/>
      </object_component>
      <object_component id="oc-1dc">
         <name>.debug_info</name>
         <load_address>0xc27</load_address>
         <run_address>0xc27</run_address>
         <size>0x10a</size>
         <input_file_ref idref="fl-2"/>
      </object_component>
      <object_component id="oc-14b">
         <name>.debug_info</name>
         <load_address>0xd31</load_address>
         <run_address>0xd31</run_address>
         <size>0x8b</size>
         <input_file_ref idref="fl-2"/>
      </object_component>
      <object_component id="oc-1fb">
         <name>.debug_info</name>
         <load_address>0xdbc</load_address>
         <run_address>0xdbc</run_address>
         <size>0x2d6</size>
         <input_file_ref idref="fl-2"/>
      </object_component>
      <object_component id="oc-150">
         <name>.debug_info</name>
         <load_address>0x1092</load_address>
         <run_address>0x1092</run_address>
         <size>0xbb</size>
         <input_file_ref idref="fl-2"/>
      </object_component>
      <object_component id="oc-1f6">
         <name>.debug_info</name>
         <load_address>0x114d</load_address>
         <run_address>0x114d</run_address>
         <size>0x2a1</size>
         <input_file_ref idref="fl-2"/>
      </object_component>
      <object_component id="oc-133">
         <name>.debug_info</name>
         <load_address>0x13ee</load_address>
         <run_address>0x13ee</run_address>
         <size>0x709</size>
         <input_file_ref idref="fl-3"/>
      </object_component>
      <object_component id="oc-130">
         <name>.debug_info</name>
         <load_address>0x1af7</load_address>
         <run_address>0x1af7</run_address>
         <size>0x257</size>
         <input_file_ref idref="fl-3"/>
      </object_component>
      <object_component id="oc-13a">
         <name>.debug_info</name>
         <load_address>0x1d4e</load_address>
         <run_address>0x1d4e</run_address>
         <size>0x193</size>
         <input_file_ref idref="fl-3"/>
      </object_component>
      <object_component id="oc-201">
         <name>.debug_info</name>
         <load_address>0x1ee1</load_address>
         <run_address>0x1ee1</run_address>
         <size>0x14a</size>
         <input_file_ref idref="fl-3"/>
      </object_component>
      <object_component id="oc-104">
         <name>.debug_info</name>
         <load_address>0x202b</load_address>
         <run_address>0x202b</run_address>
         <size>0x1b9</size>
         <input_file_ref idref="fl-3"/>
      </object_component>
      <object_component id="oc-116">
         <name>.debug_info</name>
         <load_address>0x21e4</load_address>
         <run_address>0x21e4</run_address>
         <size>0x1f9</size>
         <input_file_ref idref="fl-3"/>
      </object_component>
      <object_component id="oc-144">
         <name>.debug_info</name>
         <load_address>0x23dd</load_address>
         <run_address>0x23dd</run_address>
         <size>0x1ff</size>
         <input_file_ref idref="fl-3"/>
      </object_component>
      <object_component id="oc-f2">
         <name>.debug_info</name>
         <load_address>0x25dc</load_address>
         <run_address>0x25dc</run_address>
         <size>0x13e</size>
         <input_file_ref idref="fl-3"/>
      </object_component>
      <object_component id="oc-11c">
         <name>.debug_info</name>
         <load_address>0x271a</load_address>
         <run_address>0x271a</run_address>
         <size>0x162</size>
         <input_file_ref idref="fl-3"/>
      </object_component>
      <object_component id="oc-b3">
         <name>.debug_info</name>
         <load_address>0x287c</load_address>
         <run_address>0x287c</run_address>
         <size>0x3d3</size>
         <input_file_ref idref="fl-3"/>
      </object_component>
      <object_component id="oc-1b2">
         <name>.debug_info</name>
         <load_address>0x2c4f</load_address>
         <run_address>0x2c4f</run_address>
         <size>0x117</size>
         <input_file_ref idref="fl-3"/>
      </object_component>
      <object_component id="oc-f9">
         <name>.debug_info</name>
         <load_address>0x2d66</load_address>
         <run_address>0x2d66</run_address>
         <size>0x28d</size>
         <input_file_ref idref="fl-4"/>
      </object_component>
      <object_component id="oc-49">
         <name>.debug_info</name>
         <load_address>0x2ff3</load_address>
         <run_address>0x2ff3</run_address>
         <size>0x84</size>
         <input_file_ref idref="fl-4"/>
      </object_component>
      <object_component id="oc-13e">
         <name>.debug_info</name>
         <load_address>0x3077</load_address>
         <run_address>0x3077</run_address>
         <size>0x42f</size>
         <input_file_ref idref="fl-5"/>
      </object_component>
      <object_component id="oc-42">
         <name>.debug_info</name>
         <load_address>0x34a6</load_address>
         <run_address>0x34a6</run_address>
         <size>0x29a</size>
         <input_file_ref idref="fl-6"/>
      </object_component>
      <object_component id="oc-14">
         <name>.debug_info</name>
         <load_address>0x3740</load_address>
         <run_address>0x3740</run_address>
         <size>0xd9</size>
         <input_file_ref idref="fl-6"/>
      </object_component>
      <object_component id="oc-2c">
         <name>.debug_info</name>
         <load_address>0x3819</load_address>
         <run_address>0x3819</run_address>
         <size>0x109</size>
         <input_file_ref idref="fl-6"/>
      </object_component>
      <object_component id="oc-2f">
         <name>.debug_info</name>
         <load_address>0x3922</load_address>
         <run_address>0x3922</run_address>
         <size>0xf8</size>
         <input_file_ref idref="fl-6"/>
      </object_component>
      <object_component id="oc-3c">
         <name>.debug_info</name>
         <load_address>0x3a1a</load_address>
         <run_address>0x3a1a</run_address>
         <size>0x112</size>
         <input_file_ref idref="fl-6"/>
      </object_component>
      <object_component id="oc-36">
         <name>.debug_info</name>
         <load_address>0x3b2c</load_address>
         <run_address>0x3b2c</run_address>
         <size>0x100</size>
         <input_file_ref idref="fl-6"/>
      </object_component>
      <object_component id="oc-86">
         <name>.debug_info</name>
         <load_address>0x3c2c</load_address>
         <run_address>0x3c2c</run_address>
         <size>0x26b</size>
         <input_file_ref idref="fl-6"/>
      </object_component>
      <object_component id="oc-c3">
         <name>.debug_info</name>
         <load_address>0x3e97</load_address>
         <run_address>0x3e97</run_address>
         <size>0x2a4</size>
         <input_file_ref idref="fl-6"/>
      </object_component>
      <object_component id="oc-8b">
         <name>.debug_info</name>
         <load_address>0x413b</load_address>
         <run_address>0x413b</run_address>
         <size>0xbb</size>
         <input_file_ref idref="fl-6"/>
      </object_component>
      <object_component id="oc-296">
         <name>.debug_info</name>
         <load_address>0x41f6</load_address>
         <run_address>0x41f6</run_address>
         <size>0x2dc</size>
         <input_file_ref idref="fl-c"/>
      </object_component>
      <object_component id="oc-e0">
         <name>.debug_info</name>
         <load_address>0x44d2</load_address>
         <run_address>0x44d2</run_address>
         <size>0x22e</size>
         <input_file_ref idref="fl-c"/>
      </object_component>
      <object_component id="oc-da">
         <name>.debug_info</name>
         <load_address>0x4700</load_address>
         <run_address>0x4700</run_address>
         <size>0x216</size>
         <input_file_ref idref="fl-c"/>
      </object_component>
      <object_component id="oc-240">
         <name>.debug_info</name>
         <load_address>0x4916</load_address>
         <run_address>0x4916</run_address>
         <size>0x26b</size>
         <input_file_ref idref="fl-c"/>
      </object_component>
      <object_component id="oc-230">
         <name>.debug_info</name>
         <load_address>0x4b81</load_address>
         <run_address>0x4b81</run_address>
         <size>0x297</size>
         <input_file_ref idref="fl-c"/>
      </object_component>
      <object_component id="oc-23b">
         <name>.debug_info</name>
         <load_address>0x4e18</load_address>
         <run_address>0x4e18</run_address>
         <size>0xef</size>
         <input_file_ref idref="fl-c"/>
      </object_component>
      <object_component id="oc-196">
         <name>.debug_info</name>
         <load_address>0x4f07</load_address>
         <run_address>0x4f07</run_address>
         <size>0xbb</size>
         <input_file_ref idref="fl-c"/>
      </object_component>
      <object_component id="oc-1e5">
         <name>.debug_info</name>
         <load_address>0x4fc2</load_address>
         <run_address>0x4fc2</run_address>
         <size>0x3e4</size>
         <input_file_ref idref="fl-d"/>
      </object_component>
      <object_component id="oc-2a4">
         <name>.debug_info</name>
         <load_address>0x53a6</load_address>
         <run_address>0x53a6</run_address>
         <size>0x170</size>
         <input_file_ref idref="fl-d"/>
      </object_component>
      <object_component id="oc-2a7">
         <name>.debug_info</name>
         <load_address>0x5516</load_address>
         <run_address>0x5516</run_address>
         <size>0x172</size>
         <input_file_ref idref="fl-d"/>
      </object_component>
      <object_component id="oc-259">
         <name>.debug_info</name>
         <load_address>0x5688</load_address>
         <run_address>0x5688</run_address>
         <size>0x2bc</size>
         <input_file_ref idref="fl-d"/>
      </object_component>
      <object_component id="oc-25f">
         <name>.debug_info</name>
         <load_address>0x5944</load_address>
         <run_address>0x5944</run_address>
         <size>0x31f</size>
         <input_file_ref idref="fl-d"/>
      </object_component>
      <object_component id="oc-1c0">
         <name>.debug_info</name>
         <load_address>0x5c63</load_address>
         <run_address>0x5c63</run_address>
         <size>0x2a5</size>
         <input_file_ref idref="fl-d"/>
      </object_component>
      <object_component id="oc-268">
         <name>.debug_info</name>
         <load_address>0x5f08</load_address>
         <run_address>0x5f08</run_address>
         <size>0x2a1</size>
         <input_file_ref idref="fl-d"/>
      </object_component>
      <object_component id="oc-1d1">
         <name>.debug_info</name>
         <load_address>0x61a9</load_address>
         <run_address>0x61a9</run_address>
         <size>0x2c4</size>
         <input_file_ref idref="fl-d"/>
      </object_component>
      <object_component id="oc-1cb">
         <name>.debug_info</name>
         <load_address>0x646d</load_address>
         <run_address>0x646d</run_address>
         <size>0x2d8</size>
         <input_file_ref idref="fl-d"/>
      </object_component>
      <object_component id="oc-1d7">
         <name>.debug_info</name>
         <load_address>0x6745</load_address>
         <run_address>0x6745</run_address>
         <size>0x298</size>
         <input_file_ref idref="fl-d"/>
      </object_component>
      <object_component id="oc-1c5">
         <name>.debug_info</name>
         <load_address>0x69dd</load_address>
         <run_address>0x69dd</run_address>
         <size>0x29a</size>
         <input_file_ref idref="fl-d"/>
      </object_component>
      <object_component id="oc-10a">
         <name>.debug_info</name>
         <load_address>0x6c77</load_address>
         <run_address>0x6c77</run_address>
         <size>0x296</size>
         <input_file_ref idref="fl-d"/>
      </object_component>
      <object_component id="oc-250">
         <name>.debug_info</name>
         <load_address>0x6f0d</load_address>
         <run_address>0x6f0d</run_address>
         <size>0x3b7</size>
         <input_file_ref idref="fl-e"/>
      </object_component>
      <object_component id="oc-252">
         <name>.debug_info</name>
         <load_address>0x72c4</load_address>
         <run_address>0x72c4</run_address>
         <size>0x15b</size>
         <input_file_ref idref="fl-e"/>
      </object_component>
      <object_component id="oc-24d">
         <name>.debug_info</name>
         <load_address>0x741f</load_address>
         <run_address>0x741f</run_address>
         <size>0x160</size>
         <input_file_ref idref="fl-e"/>
      </object_component>
      <object_component id="oc-1a3">
         <name>.debug_info</name>
         <load_address>0x757f</load_address>
         <run_address>0x757f</run_address>
         <size>0x2ca</size>
         <input_file_ref idref="fl-e"/>
      </object_component>
      <object_component id="oc-1a9">
         <name>.debug_info</name>
         <load_address>0x7849</load_address>
         <run_address>0x7849</run_address>
         <size>0x271</size>
         <input_file_ref idref="fl-e"/>
      </object_component>
      <object_component id="oc-19b">
         <name>.debug_info</name>
         <load_address>0x7aba</load_address>
         <run_address>0x7aba</run_address>
         <size>0x441</size>
         <input_file_ref idref="fl-f"/>
      </object_component>
      <object_component id="oc-e6">
         <name>.debug_info</name>
         <load_address>0x7efb</load_address>
         <run_address>0x7efb</run_address>
         <size>0x288</size>
         <input_file_ref idref="fl-f"/>
      </object_component>
      <object_component id="oc-1b9">
         <name>.debug_info</name>
         <load_address>0x8183</load_address>
         <run_address>0x8183</run_address>
         <size>0x286</size>
         <input_file_ref idref="fl-f"/>
      </object_component>
      <object_component id="oc-237">
         <name>.debug_info</name>
         <load_address>0x8409</load_address>
         <run_address>0x8409</run_address>
         <size>0x51</size>
         <input_file_ref idref="fl-f"/>
      </object_component>
      <object_component id="oc-1af">
         <name>.debug_info</name>
         <load_address>0x845a</load_address>
         <run_address>0x845a</run_address>
         <size>0x3c7</size>
         <input_file_ref idref="fl-10"/>
      </object_component>
      <object_component id="oc-246">
         <name>.debug_info</name>
         <load_address>0x8821</load_address>
         <run_address>0x8821</run_address>
         <size>0x163</size>
         <input_file_ref idref="fl-10"/>
      </object_component>
      <object_component id="oc-249">
         <name>.debug_info</name>
         <load_address>0x8984</load_address>
         <run_address>0x8984</run_address>
         <size>0x175</size>
         <input_file_ref idref="fl-10"/>
      </object_component>
      <object_component id="oc-19d">
         <name>.debug_info</name>
         <load_address>0x8af9</load_address>
         <run_address>0x8af9</run_address>
         <size>0x2f4</size>
         <input_file_ref idref="fl-10"/>
      </object_component>
      <object_component id="oc-eb">
         <name>.debug_info</name>
         <load_address>0x8ded</load_address>
         <run_address>0x8ded</run_address>
         <size>0x2ed</size>
         <input_file_ref idref="fl-10"/>
      </object_component>
      <object_component id="oc-209">
         <name>.debug_info</name>
         <load_address>0x90da</load_address>
         <run_address>0x90da</run_address>
         <size>0x13a</size>
         <input_file_ref idref="fl-c7"/>
      </object_component>
      <object_component id="oc-126">
         <name>.debug_info</name>
         <load_address>0x9214</load_address>
         <run_address>0x9214</run_address>
         <size>0x13a</size>
         <input_file_ref idref="fl-c8"/>
      </object_component>
      <object_component id="oc-12b">
         <name>.debug_info</name>
         <load_address>0x934e</load_address>
         <run_address>0x934e</run_address>
         <size>0x139</size>
         <input_file_ref idref="fl-c9"/>
      </object_component>
      <object_component id="oc-121">
         <name>.debug_info</name>
         <load_address>0x9487</load_address>
         <run_address>0x9487</run_address>
         <size>0x12e</size>
         <input_file_ref idref="fl-ca"/>
      </object_component>
      <object_component id="oc-a4">
         <name>.debug_info</name>
         <load_address>0x95b5</load_address>
         <run_address>0x95b5</run_address>
         <size>0x2d4</size>
         <input_file_ref idref="fl-cb"/>
      </object_component>
      <object_component id="oc-5b">
         <name>.debug_info</name>
         <load_address>0x9889</load_address>
         <run_address>0x9889</run_address>
         <size>0x1d2</size>
         <input_file_ref idref="fl-cb"/>
      </object_component>
      <object_component id="oc-9f">
         <name>.debug_info</name>
         <load_address>0x9a5b</load_address>
         <run_address>0x9a5b</run_address>
         <size>0x46</size>
         <input_file_ref idref="fl-cb"/>
      </object_component>
      <object_component id="oc-cf">
         <name>.debug_info</name>
         <load_address>0x9aa1</load_address>
         <run_address>0x9aa1</run_address>
         <size>0x2c</size>
         <input_file_ref idref="fl-cb"/>
      </object_component>
      <object_component id="oc-59">
         <name>.debug_info</name>
         <load_address>0x9acd</load_address>
         <run_address>0x9acd</run_address>
         <size>0x2a8</size>
         <input_file_ref idref="fl-cc"/>
      </object_component>
      <object_component id="oc-1f">
         <name>.debug_info</name>
         <load_address>0x9d75</load_address>
         <run_address>0x9d75</run_address>
         <size>0x1ea</size>
         <input_file_ref idref="fl-cc"/>
      </object_component>
      <object_component id="oc-54">
         <name>.debug_info</name>
         <load_address>0x9f5f</load_address>
         <run_address>0x9f5f</run_address>
         <size>0x46</size>
         <input_file_ref idref="fl-cc"/>
      </object_component>
      <object_component id="oc-97">
         <name>.debug_info</name>
         <load_address>0x9fa5</load_address>
         <run_address>0x9fa5</run_address>
         <size>0x2c</size>
         <input_file_ref idref="fl-cc"/>
      </object_component>
      <object_component id="oc-95">
         <name>.debug_info</name>
         <load_address>0x9fd1</load_address>
         <run_address>0x9fd1</run_address>
         <size>0x29e</size>
         <input_file_ref idref="fl-cd"/>
      </object_component>
      <object_component id="oc-1a">
         <name>.debug_info</name>
         <load_address>0xa26f</load_address>
         <run_address>0xa26f</run_address>
         <size>0x250</size>
         <input_file_ref idref="fl-cd"/>
      </object_component>
      <object_component id="oc-44">
         <name>.debug_info</name>
         <load_address>0xa4bf</load_address>
         <run_address>0xa4bf</run_address>
         <size>0x60</size>
         <input_file_ref idref="fl-cd"/>
      </object_component>
      <object_component id="oc-c8">
         <name>.debug_info</name>
         <load_address>0xa51f</load_address>
         <run_address>0xa51f</run_address>
         <size>0x46</size>
         <input_file_ref idref="fl-cd"/>
      </object_component>
      <object_component id="oc-90">
         <name>.debug_info</name>
         <load_address>0xa565</load_address>
         <run_address>0xa565</run_address>
         <size>0x39</size>
         <input_file_ref idref="fl-cd"/>
      </object_component>
      <object_component id="oc-26">
         <name>.debug_info</name>
         <load_address>0xa59e</load_address>
         <run_address>0xa59e</run_address>
         <size>0x10b</size>
         <input_file_ref idref="fl-ce"/>
      </object_component>
      <object_component id="oc-70">
         <name>.debug_info</name>
         <load_address>0xa6a9</load_address>
         <run_address>0xa6a9</run_address>
         <size>0x1a9</size>
         <input_file_ref idref="fl-ce"/>
      </object_component>
      <object_component id="oc-4f">
         <name>.debug_info</name>
         <load_address>0xa852</load_address>
         <run_address>0xa852</run_address>
         <size>0x119</size>
         <input_file_ref idref="fl-cf"/>
      </object_component>
      <object_component id="oc-21b">
         <name>.debug_info</name>
         <load_address>0xa96b</load_address>
         <run_address>0xa96b</run_address>
         <size>0x4b3</size>
         <input_file_ref idref="fl-d1"/>
      </object_component>
      <object_component id="oc-162">
         <name>.debug_info</name>
         <load_address>0xae1e</load_address>
         <run_address>0xae1e</run_address>
         <size>0x1a6</size>
         <input_file_ref idref="fl-d1"/>
      </object_component>
      <object_component id="oc-285">
         <name>.debug_info</name>
         <load_address>0xafc4</load_address>
         <run_address>0xafc4</run_address>
         <size>0x39</size>
         <input_file_ref idref="fl-d1"/>
      </object_component>
      <object_component id="oc-2ad">
         <name>.debug_info</name>
         <load_address>0xaffd</load_address>
         <run_address>0xaffd</run_address>
         <size>0x39</size>
         <input_file_ref idref="fl-d1"/>
      </object_component>
      <object_component id="oc-28a">
         <name>.debug_info</name>
         <load_address>0xb036</load_address>
         <run_address>0xb036</run_address>
         <size>0x39</size>
         <input_file_ref idref="fl-d1"/>
      </object_component>
      <object_component id="oc-28f">
         <name>.debug_info</name>
         <load_address>0xb06f</load_address>
         <run_address>0xb06f</run_address>
         <size>0xcd</size>
         <input_file_ref idref="fl-d1"/>
      </object_component>
      <object_component id="oc-ae">
         <name>.debug_info</name>
         <load_address>0xb13c</load_address>
         <run_address>0xb13c</run_address>
         <size>0x153</size>
         <input_file_ref idref="fl-d2"/>
      </object_component>
      <object_component id="oc-156">
         <name>.debug_info</name>
         <load_address>0xb28f</load_address>
         <run_address>0xb28f</run_address>
         <size>0x122</size>
         <input_file_ref idref="fl-d4"/>
      </object_component>
      <object_component id="oc-2f3">
         <name>.debug_info</name>
         <load_address>0xb3b1</load_address>
         <run_address>0xb3b1</run_address>
         <size>0x99</size>
      </object_component>
      <object_component id="oc-270">
         <name>.debug_line</name>
         <load_address>0x0</load_address>
         <run_address>0x0</run_address>
         <size>0xc9</size>
         <input_file_ref idref="fl-2"/>
      </object_component>
      <object_component id="oc-fe">
         <name>.debug_line</name>
         <load_address>0xc9</load_address>
         <run_address>0xc9</run_address>
         <size>0x74</size>
         <input_file_ref idref="fl-2"/>
      </object_component>
      <object_component id="oc-112">
         <name>.debug_line</name>
         <load_address>0x13d</load_address>
         <run_address>0x13d</run_address>
         <size>0x49</size>
         <input_file_ref idref="fl-2"/>
      </object_component>
      <object_component id="oc-1e8">
         <name>.debug_line</name>
         <load_address>0x186</load_address>
         <run_address>0x186</run_address>
         <size>0x61</size>
         <input_file_ref idref="fl-2"/>
      </object_component>
      <object_component id="oc-1df">
         <name>.debug_line</name>
         <load_address>0x1e7</load_address>
         <run_address>0x1e7</run_address>
         <size>0x34</size>
         <input_file_ref idref="fl-2"/>
      </object_component>
      <object_component id="oc-14e">
         <name>.debug_line</name>
         <load_address>0x21b</load_address>
         <run_address>0x21b</run_address>
         <size>0x20</size>
         <input_file_ref idref="fl-2"/>
      </object_component>
      <object_component id="oc-1fe">
         <name>.debug_line</name>
         <load_address>0x23b</load_address>
         <run_address>0x23b</run_address>
         <size>0x73</size>
         <input_file_ref idref="fl-2"/>
      </object_component>
      <object_component id="oc-153">
         <name>.debug_line</name>
         <load_address>0x2ae</load_address>
         <run_address>0x2ae</run_address>
         <size>0x70</size>
         <input_file_ref idref="fl-2"/>
      </object_component>
      <object_component id="oc-1f9">
         <name>.debug_line</name>
         <load_address>0x31e</load_address>
         <run_address>0x31e</run_address>
         <size>0x6f</size>
         <input_file_ref idref="fl-2"/>
      </object_component>
      <object_component id="oc-1f5">
         <name>.debug_line</name>
         <load_address>0x38d</load_address>
         <run_address>0x38d</run_address>
         <size>0x12d</size>
         <input_file_ref idref="fl-3"/>
      </object_component>
      <object_component id="oc-1f3">
         <name>.debug_line</name>
         <load_address>0x4ba</load_address>
         <run_address>0x4ba</run_address>
         <size>0x2f</size>
         <input_file_ref idref="fl-3"/>
      </object_component>
      <object_component id="oc-139">
         <name>.debug_line</name>
         <load_address>0x4e9</load_address>
         <run_address>0x4e9</run_address>
         <size>0x51</size>
         <input_file_ref idref="fl-3"/>
      </object_component>
      <object_component id="oc-204">
         <name>.debug_line</name>
         <load_address>0x53a</load_address>
         <run_address>0x53a</run_address>
         <size>0x5b</size>
         <input_file_ref idref="fl-3"/>
      </object_component>
      <object_component id="oc-103">
         <name>.debug_line</name>
         <load_address>0x595</load_address>
         <run_address>0x595</run_address>
         <size>0xe2</size>
         <input_file_ref idref="fl-3"/>
      </object_component>
      <object_component id="oc-115">
         <name>.debug_line</name>
         <load_address>0x677</load_address>
         <run_address>0x677</run_address>
         <size>0x82</size>
         <input_file_ref idref="fl-3"/>
      </object_component>
      <object_component id="oc-143">
         <name>.debug_line</name>
         <load_address>0x6f9</load_address>
         <run_address>0x6f9</run_address>
         <size>0x7d</size>
         <input_file_ref idref="fl-3"/>
      </object_component>
      <object_component id="oc-f1">
         <name>.debug_line</name>
         <load_address>0x776</load_address>
         <run_address>0x776</run_address>
         <size>0x58</size>
         <input_file_ref idref="fl-3"/>
      </object_component>
      <object_component id="oc-11b">
         <name>.debug_line</name>
         <load_address>0x7ce</load_address>
         <run_address>0x7ce</run_address>
         <size>0x72</size>
         <input_file_ref idref="fl-3"/>
      </object_component>
      <object_component id="oc-b2">
         <name>.debug_line</name>
         <load_address>0x840</load_address>
         <run_address>0x840</run_address>
         <size>0x1de</size>
         <input_file_ref idref="fl-3"/>
      </object_component>
      <object_component id="oc-1b5">
         <name>.debug_line</name>
         <load_address>0xa1e</load_address>
         <run_address>0xa1e</run_address>
         <size>0x30</size>
         <input_file_ref idref="fl-3"/>
      </object_component>
      <object_component id="oc-f7">
         <name>.debug_line</name>
         <load_address>0xa4e</load_address>
         <run_address>0xa4e</run_address>
         <size>0xc9</size>
         <input_file_ref idref="fl-4"/>
      </object_component>
      <object_component id="oc-4c">
         <name>.debug_line</name>
         <load_address>0xb17</load_address>
         <run_address>0xb17</run_address>
         <size>0x20</size>
         <input_file_ref idref="fl-4"/>
      </object_component>
      <object_component id="oc-20e">
         <name>.debug_line</name>
         <load_address>0xb37</load_address>
         <run_address>0xb37</run_address>
         <size>0x45</size>
         <input_file_ref idref="fl-5"/>
      </object_component>
      <object_component id="oc-85">
         <name>.debug_line</name>
         <load_address>0xb7c</load_address>
         <run_address>0xb7c</run_address>
         <size>0x34</size>
         <input_file_ref idref="fl-6"/>
      </object_component>
      <object_component id="oc-41">
         <name>.debug_line</name>
         <load_address>0xbb0</load_address>
         <run_address>0xbb0</run_address>
         <size>0x34</size>
         <input_file_ref idref="fl-6"/>
      </object_component>
      <object_component id="oc-29">
         <name>.debug_line</name>
         <load_address>0xbe4</load_address>
         <run_address>0xbe4</run_address>
         <size>0x46</size>
         <input_file_ref idref="fl-6"/>
      </object_component>
      <object_component id="oc-32">
         <name>.debug_line</name>
         <load_address>0xc2a</load_address>
         <run_address>0xc2a</run_address>
         <size>0x49</size>
         <input_file_ref idref="fl-6"/>
      </object_component>
      <object_component id="oc-3f">
         <name>.debug_line</name>
         <load_address>0xc73</load_address>
         <run_address>0xc73</run_address>
         <size>0x49</size>
         <input_file_ref idref="fl-6"/>
      </object_component>
      <object_component id="oc-39">
         <name>.debug_line</name>
         <load_address>0xcbc</load_address>
         <run_address>0xcbc</run_address>
         <size>0x49</size>
         <input_file_ref idref="fl-6"/>
      </object_component>
      <object_component id="oc-89">
         <name>.debug_line</name>
         <load_address>0xd05</load_address>
         <run_address>0xd05</run_address>
         <size>0x6f</size>
         <input_file_ref idref="fl-6"/>
      </object_component>
      <object_component id="oc-c6">
         <name>.debug_line</name>
         <load_address>0xd74</load_address>
         <run_address>0xd74</run_address>
         <size>0x73</size>
         <input_file_ref idref="fl-6"/>
      </object_component>
      <object_component id="oc-8e">
         <name>.debug_line</name>
         <load_address>0xde7</load_address>
         <run_address>0xde7</run_address>
         <size>0x70</size>
         <input_file_ref idref="fl-6"/>
      </object_component>
      <object_component id="oc-2ba">
         <name>.debug_line</name>
         <load_address>0xe57</load_address>
         <run_address>0xe57</run_address>
         <size>0x20</size>
         <input_file_ref idref="fl-c"/>
      </object_component>
      <object_component id="oc-e3">
         <name>.debug_line</name>
         <load_address>0xe77</load_address>
         <run_address>0xe77</run_address>
         <size>0x91</size>
         <input_file_ref idref="fl-c"/>
      </object_component>
      <object_component id="oc-dc">
         <name>.debug_line</name>
         <load_address>0xf08</load_address>
         <run_address>0xf08</run_address>
         <size>0x8e</size>
         <input_file_ref idref="fl-c"/>
      </object_component>
      <object_component id="oc-243">
         <name>.debug_line</name>
         <load_address>0xf96</load_address>
         <run_address>0xf96</run_address>
         <size>0x71</size>
         <input_file_ref idref="fl-c"/>
      </object_component>
      <object_component id="oc-233">
         <name>.debug_line</name>
         <load_address>0x1007</load_address>
         <run_address>0x1007</run_address>
         <size>0x75</size>
         <input_file_ref idref="fl-c"/>
      </object_component>
      <object_component id="oc-23e">
         <name>.debug_line</name>
         <load_address>0x107c</load_address>
         <run_address>0x107c</run_address>
         <size>0x71</size>
         <input_file_ref idref="fl-c"/>
      </object_component>
      <object_component id="oc-199">
         <name>.debug_line</name>
         <load_address>0x10ed</load_address>
         <run_address>0x10ed</run_address>
         <size>0x72</size>
         <input_file_ref idref="fl-c"/>
      </object_component>
      <object_component id="oc-272">
         <name>.debug_line</name>
         <load_address>0x115f</load_address>
         <run_address>0x115f</run_address>
         <size>0x82</size>
         <input_file_ref idref="fl-d"/>
      </object_component>
      <object_component id="oc-2bc">
         <name>.debug_line</name>
         <load_address>0x11e1</load_address>
         <run_address>0x11e1</run_address>
         <size>0x7d</size>
         <input_file_ref idref="fl-d"/>
      </object_component>
      <object_component id="oc-2be">
         <name>.debug_line</name>
         <load_address>0x125e</load_address>
         <run_address>0x125e</run_address>
         <size>0x7d</size>
         <input_file_ref idref="fl-d"/>
      </object_component>
      <object_component id="oc-25d">
         <name>.debug_line</name>
         <load_address>0x12db</load_address>
         <run_address>0x12db</run_address>
         <size>0x95</size>
         <input_file_ref idref="fl-d"/>
      </object_component>
      <object_component id="oc-263">
         <name>.debug_line</name>
         <load_address>0x1370</load_address>
         <run_address>0x1370</run_address>
         <size>0xc4</size>
         <input_file_ref idref="fl-d"/>
      </object_component>
      <object_component id="oc-1be">
         <name>.debug_line</name>
         <load_address>0x1434</load_address>
         <run_address>0x1434</run_address>
         <size>0x99</size>
         <input_file_ref idref="fl-d"/>
      </object_component>
      <object_component id="oc-267">
         <name>.debug_line</name>
         <load_address>0x14cd</load_address>
         <run_address>0x14cd</run_address>
         <size>0xa6</size>
         <input_file_ref idref="fl-d"/>
      </object_component>
      <object_component id="oc-1d0">
         <name>.debug_line</name>
         <load_address>0x1573</load_address>
         <run_address>0x1573</run_address>
         <size>0x95</size>
         <input_file_ref idref="fl-d"/>
      </object_component>
      <object_component id="oc-1ca">
         <name>.debug_line</name>
         <load_address>0x1608</load_address>
         <run_address>0x1608</run_address>
         <size>0x99</size>
         <input_file_ref idref="fl-d"/>
      </object_component>
      <object_component id="oc-1d6">
         <name>.debug_line</name>
         <load_address>0x16a1</load_address>
         <run_address>0x16a1</run_address>
         <size>0x92</size>
         <input_file_ref idref="fl-d"/>
      </object_component>
      <object_component id="oc-1c4">
         <name>.debug_line</name>
         <load_address>0x1733</load_address>
         <run_address>0x1733</run_address>
         <size>0x92</size>
         <input_file_ref idref="fl-d"/>
      </object_component>
      <object_component id="oc-109">
         <name>.debug_line</name>
         <load_address>0x17c5</load_address>
         <run_address>0x17c5</run_address>
         <size>0x92</size>
         <input_file_ref idref="fl-d"/>
      </object_component>
      <object_component id="oc-29e">
         <name>.debug_line</name>
         <load_address>0x1857</load_address>
         <run_address>0x1857</run_address>
         <size>0x7c</size>
         <input_file_ref idref="fl-e"/>
      </object_component>
      <object_component id="oc-2a0">
         <name>.debug_line</name>
         <load_address>0x18d3</load_address>
         <run_address>0x18d3</run_address>
         <size>0x82</size>
         <input_file_ref idref="fl-e"/>
      </object_component>
      <object_component id="oc-29c">
         <name>.debug_line</name>
         <load_address>0x1955</load_address>
         <run_address>0x1955</run_address>
         <size>0x82</size>
         <input_file_ref idref="fl-e"/>
      </object_component>
      <object_component id="oc-1a7">
         <name>.debug_line</name>
         <load_address>0x19d7</load_address>
         <run_address>0x19d7</run_address>
         <size>0xaf</size>
         <input_file_ref idref="fl-e"/>
      </object_component>
      <object_component id="oc-1ad">
         <name>.debug_line</name>
         <load_address>0x1a86</load_address>
         <run_address>0x1a86</run_address>
         <size>0xc2</size>
         <input_file_ref idref="fl-e"/>
      </object_component>
      <object_component id="oc-236">
         <name>.debug_line</name>
         <load_address>0x1b48</load_address>
         <run_address>0x1b48</run_address>
         <size>0x13d</size>
         <input_file_ref idref="fl-f"/>
      </object_component>
      <object_component id="oc-e9">
         <name>.debug_line</name>
         <load_address>0x1c85</load_address>
         <run_address>0x1c85</run_address>
         <size>0x94</size>
         <input_file_ref idref="fl-f"/>
      </object_component>
      <object_component id="oc-1bc">
         <name>.debug_line</name>
         <load_address>0x1d19</load_address>
         <run_address>0x1d19</run_address>
         <size>0x94</size>
         <input_file_ref idref="fl-f"/>
      </object_component>
      <object_component id="oc-239">
         <name>.debug_line</name>
         <load_address>0x1dad</load_address>
         <run_address>0x1dad</run_address>
         <size>0x7f</size>
         <input_file_ref idref="fl-f"/>
      </object_component>
      <object_component id="oc-256">
         <name>.debug_line</name>
         <load_address>0x1e2c</load_address>
         <run_address>0x1e2c</run_address>
         <size>0x82</size>
         <input_file_ref idref="fl-10"/>
      </object_component>
      <object_component id="oc-298">
         <name>.debug_line</name>
         <load_address>0x1eae</load_address>
         <run_address>0x1eae</run_address>
         <size>0x7e</size>
         <input_file_ref idref="fl-10"/>
      </object_component>
      <object_component id="oc-29a">
         <name>.debug_line</name>
         <load_address>0x1f2c</load_address>
         <run_address>0x1f2c</run_address>
         <size>0x7e</size>
         <input_file_ref idref="fl-10"/>
      </object_component>
      <object_component id="oc-1a0">
         <name>.debug_line</name>
         <load_address>0x1faa</load_address>
         <run_address>0x1faa</run_address>
         <size>0xaf</size>
         <input_file_ref idref="fl-10"/>
      </object_component>
      <object_component id="oc-ee">
         <name>.debug_line</name>
         <load_address>0x2059</load_address>
         <run_address>0x2059</run_address>
         <size>0x9a</size>
         <input_file_ref idref="fl-10"/>
      </object_component>
      <object_component id="oc-208">
         <name>.debug_line</name>
         <load_address>0x20f3</load_address>
         <run_address>0x20f3</run_address>
         <size>0xa8</size>
         <input_file_ref idref="fl-c7"/>
      </object_component>
      <object_component id="oc-129">
         <name>.debug_line</name>
         <load_address>0x219b</load_address>
         <run_address>0x219b</run_address>
         <size>0x8e</size>
         <input_file_ref idref="fl-c8"/>
      </object_component>
      <object_component id="oc-12e">
         <name>.debug_line</name>
         <load_address>0x2229</load_address>
         <run_address>0x2229</run_address>
         <size>0x59</size>
         <input_file_ref idref="fl-c9"/>
      </object_component>
      <object_component id="oc-124">
         <name>.debug_line</name>
         <load_address>0x2282</load_address>
         <run_address>0x2282</run_address>
         <size>0x4c</size>
         <input_file_ref idref="fl-ca"/>
      </object_component>
      <object_component id="oc-d5">
         <name>.debug_line</name>
         <load_address>0x22ce</load_address>
         <run_address>0x22ce</run_address>
         <size>0x92</size>
         <input_file_ref idref="fl-cb"/>
      </object_component>
      <object_component id="oc-5e">
         <name>.debug_line</name>
         <load_address>0x2360</load_address>
         <run_address>0x2360</run_address>
         <size>0x4c</size>
         <input_file_ref idref="fl-cb"/>
      </object_component>
      <object_component id="oc-a2">
         <name>.debug_line</name>
         <load_address>0x23ac</load_address>
         <run_address>0x23ac</run_address>
         <size>0x34</size>
         <input_file_ref idref="fl-cb"/>
      </object_component>
      <object_component id="oc-d2">
         <name>.debug_line</name>
         <load_address>0x23e0</load_address>
         <run_address>0x23e0</run_address>
         <size>0x92</size>
         <input_file_ref idref="fl-cb"/>
      </object_component>
      <object_component id="oc-9d">
         <name>.debug_line</name>
         <load_address>0x2472</load_address>
         <run_address>0x2472</run_address>
         <size>0x20</size>
         <input_file_ref idref="fl-cc"/>
      </object_component>
      <object_component id="oc-1e">
         <name>.debug_line</name>
         <load_address>0x2492</load_address>
         <run_address>0x2492</run_address>
         <size>0x55</size>
         <input_file_ref idref="fl-cc"/>
      </object_component>
      <object_component id="oc-57">
         <name>.debug_line</name>
         <load_address>0x24e7</load_address>
         <run_address>0x24e7</run_address>
         <size>0x3a</size>
         <input_file_ref idref="fl-cc"/>
      </object_component>
      <object_component id="oc-9a">
         <name>.debug_line</name>
         <load_address>0x2521</load_address>
         <run_address>0x2521</run_address>
         <size>0x92</size>
         <input_file_ref idref="fl-cc"/>
      </object_component>
      <object_component id="oc-ce">
         <name>.debug_line</name>
         <load_address>0x25b3</load_address>
         <run_address>0x25b3</run_address>
         <size>0x20</size>
         <input_file_ref idref="fl-cd"/>
      </object_component>
      <object_component id="oc-19">
         <name>.debug_line</name>
         <load_address>0x25d3</load_address>
         <run_address>0x25d3</run_address>
         <size>0xa9</size>
         <input_file_ref idref="fl-cd"/>
      </object_component>
      <object_component id="oc-47">
         <name>.debug_line</name>
         <load_address>0x267c</load_address>
         <run_address>0x267c</run_address>
         <size>0x3a</size>
         <input_file_ref idref="fl-cd"/>
      </object_component>
      <object_component id="oc-cb">
         <name>.debug_line</name>
         <load_address>0x26b6</load_address>
         <run_address>0x26b6</run_address>
         <size>0x9a</size>
         <input_file_ref idref="fl-cd"/>
      </object_component>
      <object_component id="oc-93">
         <name>.debug_line</name>
         <load_address>0x2750</load_address>
         <run_address>0x2750</run_address>
         <size>0x96</size>
         <input_file_ref idref="fl-cd"/>
      </object_component>
      <object_component id="oc-7f">
         <name>.debug_line</name>
         <load_address>0x27e6</load_address>
         <run_address>0x27e6</run_address>
         <size>0x33</size>
         <input_file_ref idref="fl-ce"/>
      </object_component>
      <object_component id="oc-6f">
         <name>.debug_line</name>
         <load_address>0x2819</load_address>
         <run_address>0x2819</run_address>
         <size>0x45</size>
         <input_file_ref idref="fl-ce"/>
      </object_component>
      <object_component id="oc-52">
         <name>.debug_line</name>
         <load_address>0x285e</load_address>
         <run_address>0x285e</run_address>
         <size>0x88</size>
         <input_file_ref idref="fl-cf"/>
      </object_component>
      <object_component id="oc-284">
         <name>.debug_line</name>
         <load_address>0x28e6</load_address>
         <run_address>0x28e6</run_address>
         <size>0xbf</size>
         <input_file_ref idref="fl-d1"/>
      </object_component>
      <object_component id="oc-165">
         <name>.debug_line</name>
         <load_address>0x29a5</load_address>
         <run_address>0x29a5</run_address>
         <size>0x6f</size>
         <input_file_ref idref="fl-d1"/>
      </object_component>
      <object_component id="oc-288">
         <name>.debug_line</name>
         <load_address>0x2a14</load_address>
         <run_address>0x2a14</run_address>
         <size>0x2e</size>
         <input_file_ref idref="fl-d1"/>
      </object_component>
      <object_component id="oc-2b0">
         <name>.debug_line</name>
         <load_address>0x2a42</load_address>
         <run_address>0x2a42</run_address>
         <size>0x9a</size>
         <input_file_ref idref="fl-d1"/>
      </object_component>
      <object_component id="oc-28d">
         <name>.debug_line</name>
         <load_address>0x2adc</load_address>
         <run_address>0x2adc</run_address>
         <size>0x97</size>
         <input_file_ref idref="fl-d1"/>
      </object_component>
      <object_component id="oc-292">
         <name>.debug_line</name>
         <load_address>0x2b73</load_address>
         <run_address>0x2b73</run_address>
         <size>0x93</size>
         <input_file_ref idref="fl-d1"/>
      </object_component>
      <object_component id="oc-ac">
         <name>.debug_line</name>
         <load_address>0x2c06</load_address>
         <run_address>0x2c06</run_address>
         <size>0x40</size>
         <input_file_ref idref="fl-d2"/>
      </object_component>
      <object_component id="oc-159">
         <name>.debug_line</name>
         <load_address>0x2c46</load_address>
         <run_address>0x2c46</run_address>
         <size>0x3c</size>
         <input_file_ref idref="fl-d4"/>
      </object_component>
      <object_component id="oc-fd">
         <name>.debug_frame</name>
         <load_address>0x0</load_address>
         <run_address>0x0</run_address>
         <size>0x60</size>
         <input_file_ref idref="fl-2"/>
      </object_component>
      <object_component id="oc-113">
         <name>.debug_frame</name>
         <load_address>0x60</load_address>
         <run_address>0x60</run_address>
         <size>0x58</size>
         <input_file_ref idref="fl-2"/>
      </object_component>
      <object_component id="oc-1e9">
         <name>.debug_frame</name>
         <load_address>0xb8</load_address>
         <run_address>0xb8</run_address>
         <size>0x60</size>
         <input_file_ref idref="fl-2"/>
      </object_component>
      <object_component id="oc-138">
         <name>.debug_frame</name>
         <load_address>0x118</load_address>
         <run_address>0x118</run_address>
         <size>0x5c</size>
         <input_file_ref idref="fl-3"/>
      </object_component>
      <object_component id="oc-205">
         <name>.debug_frame</name>
         <load_address>0x174</load_address>
         <run_address>0x174</run_address>
         <size>0x5c</size>
         <input_file_ref idref="fl-3"/>
      </object_component>
      <object_component id="oc-107">
         <name>.debug_frame</name>
         <load_address>0x1d0</load_address>
         <run_address>0x1d0</run_address>
         <size>0x64</size>
         <input_file_ref idref="fl-3"/>
      </object_component>
      <object_component id="oc-119">
         <name>.debug_frame</name>
         <load_address>0x234</load_address>
         <run_address>0x234</run_address>
         <size>0x5c</size>
         <input_file_ref idref="fl-3"/>
      </object_component>
      <object_component id="oc-147">
         <name>.debug_frame</name>
         <load_address>0x290</load_address>
         <run_address>0x290</run_address>
         <size>0x5c</size>
         <input_file_ref idref="fl-3"/>
      </object_component>
      <object_component id="oc-f5">
         <name>.debug_frame</name>
         <load_address>0x2ec</load_address>
         <run_address>0x2ec</run_address>
         <size>0x60</size>
         <input_file_ref idref="fl-3"/>
      </object_component>
      <object_component id="oc-11f">
         <name>.debug_frame</name>
         <load_address>0x34c</load_address>
         <run_address>0x34c</run_address>
         <size>0x64</size>
         <input_file_ref idref="fl-3"/>
      </object_component>
      <object_component id="oc-b6">
         <name>.debug_frame</name>
         <load_address>0x3b0</load_address>
         <run_address>0x3b0</run_address>
         <size>0x78</size>
         <input_file_ref idref="fl-3"/>
      </object_component>
      <object_component id="oc-f8">
         <name>.debug_frame</name>
         <load_address>0x428</load_address>
         <run_address>0x428</run_address>
         <size>0x74</size>
         <input_file_ref idref="fl-4"/>
      </object_component>
      <object_component id="oc-2b">
         <name>.debug_frame</name>
         <load_address>0x49c</load_address>
         <run_address>0x49c</run_address>
         <size>0x54</size>
         <input_file_ref idref="fl-6"/>
      </object_component>
      <object_component id="oc-33">
         <name>.debug_frame</name>
         <load_address>0x4f0</load_address>
         <run_address>0x4f0</run_address>
         <size>0x54</size>
         <input_file_ref idref="fl-6"/>
      </object_component>
      <object_component id="oc-3e">
         <name>.debug_frame</name>
         <load_address>0x544</load_address>
         <run_address>0x544</run_address>
         <size>0x54</size>
         <input_file_ref idref="fl-6"/>
      </object_component>
      <object_component id="oc-35">
         <name>.debug_frame</name>
         <load_address>0x598</load_address>
         <run_address>0x598</run_address>
         <size>0x54</size>
         <input_file_ref idref="fl-6"/>
      </object_component>
      <object_component id="oc-e2">
         <name>.debug_frame</name>
         <load_address>0x5ec</load_address>
         <run_address>0x5ec</run_address>
         <size>0x54</size>
         <input_file_ref idref="fl-c"/>
      </object_component>
      <object_component id="oc-dd">
         <name>.debug_frame</name>
         <load_address>0x640</load_address>
         <run_address>0x640</run_address>
         <size>0x54</size>
         <input_file_ref idref="fl-c"/>
      </object_component>
      <object_component id="oc-25c">
         <name>.debug_frame</name>
         <load_address>0x694</load_address>
         <run_address>0x694</run_address>
         <size>0x54</size>
         <input_file_ref idref="fl-d"/>
      </object_component>
      <object_component id="oc-262">
         <name>.debug_frame</name>
         <load_address>0x6e8</load_address>
         <run_address>0x6e8</run_address>
         <size>0x68</size>
         <input_file_ref idref="fl-d"/>
      </object_component>
      <object_component id="oc-1bf">
         <name>.debug_frame</name>
         <load_address>0x750</load_address>
         <run_address>0x750</run_address>
         <size>0x58</size>
         <input_file_ref idref="fl-d"/>
      </object_component>
      <object_component id="oc-26b">
         <name>.debug_frame</name>
         <load_address>0x7a8</load_address>
         <run_address>0x7a8</run_address>
         <size>0x54</size>
         <input_file_ref idref="fl-d"/>
      </object_component>
      <object_component id="oc-1d4">
         <name>.debug_frame</name>
         <load_address>0x7fc</load_address>
         <run_address>0x7fc</run_address>
         <size>0x54</size>
         <input_file_ref idref="fl-d"/>
      </object_component>
      <object_component id="oc-1ce">
         <name>.debug_frame</name>
         <load_address>0x850</load_address>
         <run_address>0x850</run_address>
         <size>0x5c</size>
         <input_file_ref idref="fl-d"/>
      </object_component>
      <object_component id="oc-1da">
         <name>.debug_frame</name>
         <load_address>0x8ac</load_address>
         <run_address>0x8ac</run_address>
         <size>0x54</size>
         <input_file_ref idref="fl-d"/>
      </object_component>
      <object_component id="oc-1c8">
         <name>.debug_frame</name>
         <load_address>0x900</load_address>
         <run_address>0x900</run_address>
         <size>0x54</size>
         <input_file_ref idref="fl-d"/>
      </object_component>
      <object_component id="oc-10d">
         <name>.debug_frame</name>
         <load_address>0x954</load_address>
         <run_address>0x954</run_address>
         <size>0x54</size>
         <input_file_ref idref="fl-d"/>
      </object_component>
      <object_component id="oc-1a6">
         <name>.debug_frame</name>
         <load_address>0x9a8</load_address>
         <run_address>0x9a8</run_address>
         <size>0x60</size>
         <input_file_ref idref="fl-e"/>
      </object_component>
      <object_component id="oc-1ac">
         <name>.debug_frame</name>
         <load_address>0xa08</load_address>
         <run_address>0xa08</run_address>
         <size>0x54</size>
         <input_file_ref idref="fl-e"/>
      </object_component>
      <object_component id="oc-e5">
         <name>.debug_frame</name>
         <load_address>0xa5c</load_address>
         <run_address>0xa5c</run_address>
         <size>0x54</size>
         <input_file_ref idref="fl-f"/>
      </object_component>
      <object_component id="oc-1b8">
         <name>.debug_frame</name>
         <load_address>0xab0</load_address>
         <run_address>0xab0</run_address>
         <size>0x54</size>
         <input_file_ref idref="fl-f"/>
      </object_component>
      <object_component id="oc-1a1">
         <name>.debug_frame</name>
         <load_address>0xb04</load_address>
         <run_address>0xb04</run_address>
         <size>0x5c</size>
         <input_file_ref idref="fl-10"/>
      </object_component>
      <object_component id="oc-ef">
         <name>.debug_frame</name>
         <load_address>0xb60</load_address>
         <run_address>0xb60</run_address>
         <size>0x5c</size>
         <input_file_ref idref="fl-10"/>
      </object_component>
      <object_component id="oc-5f">
         <name>.debug_frame</name>
         <load_address>0xbbc</load_address>
         <run_address>0xbbc</run_address>
         <size>0x54</size>
         <input_file_ref idref="fl-cb"/>
      </object_component>
      <object_component id="oc-21">
         <name>.debug_frame</name>
         <load_address>0xc10</load_address>
         <run_address>0xc10</run_address>
         <size>0x54</size>
         <input_file_ref idref="fl-cc"/>
      </object_component>
      <object_component id="oc-17">
         <name>.debug_frame</name>
         <load_address>0xc64</load_address>
         <run_address>0xc64</run_address>
         <size>0x60</size>
         <input_file_ref idref="fl-cd"/>
      </object_component>
      <object_component id="oc-6d">
         <name>.debug_frame</name>
[...]
            <object_component_ref idref="oc-1d9"/>
            <object_component_ref idref="oc-1c7"/>
            <object_component_ref idref="oc-10b"/>
            <object_component_ref idref="oc-253"/>
            <object_component_ref idref="oc-24e"/>
            <object_component_ref idref="oc-1a5"/>
            <object_component_ref idref="oc-1ab"/>
            <object_component_ref idref="oc-e8"/>
            <object_component_ref idref="oc-1bb"/>
            <object_component_ref idref="oc-247"/>
            <object_component_ref idref="oc-24a"/>
            <object_component_ref idref="oc-19e"/>
            <object_component_ref idref="oc-ec"/>
            <object_component_ref idref="oc-20a"/>
            <object_component_ref idref="oc-128"/>
            <object_component_ref idref="oc-12c"/>
            <object_component_ref idref="oc-122"/>
            <object_component_ref idref="oc-5d"/>
            <object_component_ref idref="oc-20"/>
            <object_component_ref idref="oc-1b"/>
            <object_component_ref idref="oc-27"/>
            <object_component_ref idref="oc-71"/>
            <object_component_ref idref="oc-50"/>
            <object_component_ref idref="oc-163"/>
            <object_component_ref idref="oc-af"/>
            <object_component_ref idref="oc-158"/>
         </contents>
      </logical_group>
      <logical_group id="lg-2e2" display="no" color="cyan">
         <name>.binit</name>
         <load_address>0x0</load_address>
         <run_address>0x0</run_address>
         <size>0x0</size>
         <contents>
            <object_component_ref idref="oc-2c2"/>
         </contents>
      </logical_group>
      <logical_group id="lg-2f1" display="no" color="cyan">
         <name>Veneer$$CMSE</name>
         <run_address>0x0</run_address>
         <size>0x0</size>
         <contents>
         </contents>
      </logical_group>
      <load_segment id="lg-2f7" display="no" color="cyan">
         <name>SEGMENT_0</name>
         <load_address>0x0</load_address>
         <run_address>0x0</run_address>
         <size>0x1958</size>
         <flags>0x5</flags>
         <contents>
            <logical_group_ref idref="lg-3"/>
            <logical_group_ref idref="lg-4"/>
            <logical_group_ref idref="lg-5"/>
            <logical_group_ref idref="lg-6"/>
         </contents>
      </load_segment>
      <load_segment id="lg-2f8" display="no" color="cyan">
         <name>SEGMENT_1</name>
         <run_address>0x20000000</run_address>
         <size>0x5a4</size>
         <flags>0x6</flags>
         <contents>
            <logical_group_ref idref="lg-9"/>
            <logical_group_ref idref="lg-d"/>
            <logical_group_ref idref="lg-b"/>
            <logical_group_ref idref="lg-a"/>
         </contents>
      </load_segment>
   </logical_group_list>
   <placement_map>
      <memory_area display="yes" color="green">
         <name>FLASH</name>
         <page_id>0x0</page_id>
         <origin>0x0</origin>
         <length>0x40000</length>
         <used_space>0x1956</used_space>
         <unused_space>0x3e6aa</unused_space>
         <attributes>RX</attributes>
         <usage_details>
            <allocated_space>
               <start_address>0x0</start_address>
               <size>0x0</size>
               <logical_group_ref idref="lg-2e2"/>
            </allocated_space>
            <allocated_space>
               <start_address>0x0</start_address>
               <size>0x26c</size>
               <logical_group_ref idref="lg-3"/>
            </allocated_space>
            <allocated_space>
               <start_address>0x26c</start_address>
               <size>0x143e</size>
               <logical_group_ref idref="lg-4"/>
            </allocated_space>
            <available_space>
               <start_address>0x16aa</start_address>
               <size>0x2</size>
            </available_space>
            <allocated_space>
               <start_address>0x16ac</start_address>
               <size>0x24c</size>
               <logical_group_ref idref="lg-5"/>
            </allocated_space>
            <allocated_space>
               <start_address>0x18f8</start_address>
               <size>0x60</size>
               <logical_group_ref idref="lg-6"/>
            </allocated_space>
            <available_space>
               <start_address>0x1958</start_address>
               <size>0x3e6a8</size>
            </available_space>
         </usage_details>
      </memory_area>
      <memory_area display="yes" color="green">
         <name>SRAM</name>
         <page_id>0x0</page_id>
         <origin>0x20000000</origin>
         <length>0x8000</length>
         <used_space>0x59e</used_space>
         <unused_space>0x7a62</unused_space>
         <attributes>RWX</attributes>
         <usage_details>
            <allocated_space>
               <start_address>0x20000000</start_address>
               <size>0x0</size>
               <logical_group_ref idref="lg-2c1"/>
            </allocated_space>
            <allocated_space>
               <start_address>0x20000000</start_address>
               <size>0x26c</size>
               <logical_group_ref idref="lg-9"/>
            </allocated_space>
            <available_space>
               <start_address>0x2000026c</start_address>
               <size>0x4</size>
            </available_space>
            <allocated_space>
               <start_address>0x20000270</start_address>
               <size>0x200</size>
               <logical_group_ref idref="lg-d"/>
            </allocated_space>
            <allocated_space>
               <start_address>0x20000470</start_address>
               <size>0x102</size>
               <logical_group_ref idref="lg-b"/>
            </allocated_space>
            <available_space>
               <start_address>0x20000572</start_address>
               <size>0x2</size>
            </available_space>
            <allocated_space>
               <start_address>0x20000574</start_address>
               <size>0x30</size>
               <logical_group_ref idref="lg-a"/>
            </allocated_space>
            <available_space>
               <start_address>0x200005a4</start_address>
               <size>0x7a5c</size>
            </available_space>
         </usage_details>
      </memory_area>
   </placement_map>
   <cptbl_list>
      <cptbl>
         <name>__TI_cinit_table</name>
         <cprec>
            <name>.data</name>
            <load_address>0x18f8</load_address>
            <load_size>0x26</load_size>
            <run_address>0x20000574</run_address>
            <run_size>0x30</run_size>
            <compression>lzss</compression>
         </cprec>
         <cprec>
            <name>.bss</name>
            <load_address>0x1930</load_address>
            <load_size>0x8</load_size>
            <run_address>0x20000470</run_address>
            <run_size>0x102</run_size>
            <compression>zero_init</compression>
         </cprec>
         <cprec>
            <name>.vtable</name>
            <load_address>0x1938</load_address>
            <load_size>0x8</load_size>
            <run_address>0x20000000</run_address>
            <run_size>0x26c</run_size>
            <compression>zero_init</compression>
         </cprec>
      </cptbl>
   </cptbl_list>
   <handler_table>
      <handler_table_name>__TI_handler_table</handler_table_name>
      <handler>
         <index>0x0</index>
         <name>__TI_zero_init</name>
      </handler>
      <handler>
         <index>0x1</index>
         <name>__TI_decompress_lzss</name>
      </handler>
      <handler>
         <index>0x2</index>
         <name>__TI_decompress_none</name>
      </handler>
   </handler_table>
   <symbol_table>
      <symbol id="sm-1">
         <name>__STACK_TOP</name>
         <value>0x20000470</value>
      </symbol>
      <symbol id="sm-2">
         <name>__start___llvm_prf_cnts</name>
         <value>0x20000000</value>
      </symbol>
      <symbol id="sm-3">
         <name>__stop___llvm_prf_cnts</name>
         <value>0x20000000</value>
      </symbol>
      <symbol id="sm-4">
         <name>__TI_CINIT_Base</name>
         <value>0x1940</value>
      </symbol>
      <symbol id="sm-5">
         <name>__TI_CINIT_Limit</name>
         <value>0x1958</value>
      </symbol>
      <symbol id="sm-6">
         <name>__TI_Handler_Table_Base</name>
         <value>0x1920</value>
      </symbol>
      <symbol id="sm-7">
         <name>__TI_Handler_Table_Limit</name>
         <value>0x192c</value>
      </symbol>
      <symbol id="sm-8">
         <name>binit</name>
         <value>0xffffffff</value>
      </symbol>
      <symbol id="sm-9">
         <name>__binit__</name>
         <value>0xffffffff</value>
      </symbol>
      <symbol id="sm-a">
         <name>__STACK_SIZE</name>
         <value>0x200</value>
      </symbol>
      <symbol id="sm-b">
         <name>__STACK_END</name>
         <value>0x20000470</value>
      </symbol>
      <symbol id="sm-c">
         <name>__c_args__</name>
         <value>0xffffffff</value>
      </symbol>
      <symbol id="sm-d">
         <name>__TI_pprof_out_hndl</name>
         <value>0xffffffff</value>
      </symbol>
      <symbol id="sm-e">
         <name>__TI_prof_data_start</name>
         <value>0xffffffff</value>
      </symbol>
      <symbol id="sm-f">
         <name>__TI_prof_data_size</name>
         <value>0xffffffff</value>
      </symbol>
      <symbol id="sm-71">
         <name>_ZN20ComparatorController5setupEPFvvE</name>
         <value>0xe41</value>
         <object_component_ref idref="oc-fc"/>
      </symbol>
      <symbol id="sm-72">
         <name>_ZN20ComparatorController20disableAllInterruptsEv</name>
         <value>0x15cd</value>
         <object_component_ref idref="oc-10e"/>
      </symbol>
      <symbol id="sm-73">
         <name>_ZN20ComparatorController19configComparatorIntE12ComparatorIDbj</name>
         <value>0x1399</value>
         <object_component_ref idref="oc-1e7"/>
      </symbol>
      <symbol id="sm-146">
         <name>mosfets</name>
         <value>0x20000571</value>
      </symbol>
      <symbol id="sm-147">
         <name>comps</name>
         <value>0x20000570</value>
      </symbol>
      <symbol id="sm-148">
         <name>ui32Period</name>
         <value>0x2000056c</value>
      </symbol>
      <symbol id="sm-149">
         <name>stallPeriod</name>
         <value>0x20000568</value>
      </symbol>
      <symbol id="sm-14a">
         <name>freqfase</name>
         <value>0x200004ec</value>
      </symbol>
      <symbol id="sm-14b">
         <name>dutys</name>
         <value>0x20000470</value>
      </symbol>
      <symbol id="sm-14c">
         <name>_Z8StallIntv</name>
         <value>0x1035</value>
         <object_component_ref idref="oc-137"/>
      </symbol>
      <symbol id="sm-14d">
         <name>_Z18setupNextInterrupti</name>
         <value>0x113d</value>
         <object_component_ref idref="oc-114"/>
      </symbol>
      <symbol id="sm-14e">
         <name>pwm_freq</name>
         <value>0x20000580</value>
         <object_component_ref idref="oc-12f"/>
      </symbol>
      <symbol id="sm-14f">
         <name>_Z11updateStatei</name>
         <value>0x811</value>
         <object_component_ref idref="oc-102"/>
      </symbol>
      <symbol id="sm-150">
         <name>CLOSED_LOOP</name>
         <value>0x20000574</value>
         <object_component_ref idref="oc-12f"/>
      </symbol>
      <symbol id="sm-151">
         <name>moving</name>
         <value>0x20000598</value>
         <object_component_ref idref="oc-12f"/>
      </symbol>
      <symbol id="sm-152">
         <name>RiseFall</name>
         <value>0x20000590</value>
         <object_component_ref idref="oc-12f"/>
      </symbol>
      <symbol id="sm-153">
         <name>state</name>
         <value>0x2000058c</value>
         <object_component_ref idref="oc-12f"/>
      </symbol>
      <symbol id="sm-154">
         <name>potentiometer</name>
         <value>0x2000057c</value>
         <object_component_ref idref="oc-12f"/>
      </symbol>
      <symbol id="sm-155">
         <name>started</name>
         <value>0x20000594</value>
         <object_component_ref idref="oc-12f"/>
      </symbol>
      <symbol id="sm-156">
         <name>_Z8ADCSetupv</name>
         <value>0xef9</value>
         <object_component_ref idref="oc-f0"/>
      </symbol>
      <symbol id="sm-157">
         <name>cl_locked</name>
         <value>0x2000059c</value>
         <object_component_ref idref="oc-12f"/>
      </symbol>
      <symbol id="sm-158">
         <name>_Z7GPIOIntv</name>
         <value>0xd71</value>
         <object_component_ref idref="oc-142"/>
      </symbol>
      <symbol id="sm-159">
         <name>min_duty</name>
         <value>0x20000588</value>
         <object_component_ref idref="oc-12f"/>
      </symbol>
      <symbol id="sm-15a">
         <name>main</name>
         <value>0x26d</value>
         <object_component_ref idref="oc-b1"/>
      </symbol>
      <symbol id="sm-15b">
         <name>_Z12ADC0_ReadAvgh</name>
         <value>0x10bd</value>
         <object_component_ref idref="oc-11a"/>
      </symbol>
      <symbol id="sm-15c">
         <name>max_duty</name>
         <value>0x20000584</value>
         <object_component_ref idref="oc-12f"/>
      </symbol>
      <symbol id="sm-15d">
         <name>_ZN16MosfetController6allOffEv</name>
         <value>0x11b5</value>
         <object_component_ref idref="oc-200"/>
      </symbol>
      <symbol id="sm-15e">
         <name>zc_detected_count</name>
         <value>0x200005a0</value>
         <object_component_ref idref="oc-12f"/>
      </symbol>
      <symbol id="sm-15f">
         <name>stall_detect</name>
         <value>0x20000578</value>
         <object_component_ref idref="oc-12f"/>
      </symbol>
      <symbol id="sm-17b">
         <name>_ZN16MosfetController5setupEjf</name>
         <value>0x609</value>
         <object_component_ref idref="oc-f6"/>
      </symbol>
      <symbol id="sm-1c1">
         <name>ResetISR</name>
         <value>0x169b</value>
         <object_component_ref idref="oc-28"/>
      </symbol>
      <symbol id="sm-1c2">
         <name>g_pfnVectors</name>
         <value>0x0</value>
         <object_component_ref idref="oc-13"/>
      </symbol>
      <symbol id="sm-1ef">
         <name>FPULazyStackingEnable</name>
         <value>0x165d</value>
         <object_component_ref idref="oc-de"/>
      </symbol>
      <symbol id="sm-1f0">
         <name>FPUEnable</name>
         <value>0x164d</value>
         <object_component_ref idref="oc-d8"/>
      </symbol>
      <symbol id="sm-25d">
         <name>GPIOIntRegister</name>
         <value>0x1605</value>
         <object_component_ref idref="oc-1c9"/>
      </symbol>
      <symbol id="sm-25e">
         <name>GPIOIntDisable</name>
         <value>0x166d</value>
         <object_component_ref idref="oc-1c3"/>
      </symbol>
      <symbol id="sm-25f">
         <name>GPIOIntEnable</name>
         <value>0x1689</value>
         <object_component_ref idref="oc-1d5"/>
      </symbol>
      <symbol id="sm-260">
         <name>GPIOIntTypeSet</name>
         <value>0x12f5</value>
         <object_component_ref idref="oc-1cf"/>
      </symbol>
      <symbol id="sm-261">
         <name>GPIOPinTypeGPIOInput</name>
         <value>0x1635</value>
         <object_component_ref idref="oc-1bd"/>
      </symbol>
      <symbol id="sm-262">
         <name>GPIOIntClear</name>
         <value>0x1695</value>
         <object_component_ref idref="oc-108"/>
      </symbol>
      <symbol id="sm-263">
         <name>GPIODirModeSet</name>
         <value>0x1581</value>
         <object_component_ref idref="oc-258"/>
      </symbol>
      <symbol id="sm-264">
         <name>GPIOPadConfigSet</name>
         <value>0x9d1</value>
         <object_component_ref idref="oc-25e"/>
      </symbol>
      <symbol id="sm-295">
         <name>IntEnable</name>
         <value>0x1225</value>
         <object_component_ref idref="oc-1a8"/>
      </symbol>
      <symbol id="sm-296">
         <name>IntRegister</name>
         <value>0x14e5</value>
         <object_component_ref idref="oc-1a2"/>
      </symbol>
      <symbol id="sm-297">
         <name>g_pfnRAMVectors</name>
         <value>0x20000000</value>
         <object_component_ref idref="oc-24c"/>
      </symbol>
      <symbol id="sm-2b5">
         <name>SysCtlPeripheralEnable</name>
         <value>0x1519</value>
         <object_component_ref idref="oc-1b7"/>
      </symbol>
      <symbol id="sm-2b6">
         <name>SysCtlPeripheralReady</name>
         <value>0x14ad</value>
         <object_component_ref idref="oc-e4"/>
      </symbol>
      <symbol id="sm-2e2">
         <name>TimerIntRegister</name>
         <value>0x161d</value>
         <object_component_ref idref="oc-ea"/>
      </symbol>
      <symbol id="sm-2f7">
         <name>__aeabi_ddiv</name>
         <value>0xb3d</value>
         <object_component_ref idref="oc-207"/>
      </symbol>
      <symbol id="sm-302">
         <name>__aeabi_dmul</name>
         <value>0xc73</value>
         <object_component_ref idref="oc-125"/>
      </symbol>
      <symbol id="sm-30c">
         <name>__aeabi_d2uiz</name>
         <value>0x1469</value>
         <object_component_ref idref="oc-12a"/>
      </symbol>
      <symbol id="sm-316">
         <name>__aeabi_ui2d</name>
         <value>0x15ad</value>
         <object_component_ref idref="oc-120"/>
      </symbol>
      <symbol id="sm-32f">
         <name>__TI_zero_init_nomemset</name>
         <value>0x15e9</value>
         <object_component_ref idref="oc-5a"/>
      </symbol>
      <symbol id="sm-346">
         <name>__TI_decompress_none</name>
         <value>0x167b</value>
         <object_component_ref idref="oc-1c"/>
      </symbol>
      <symbol id="sm-369">
         <name>__TI_decompress_lzss</name>
         <value>0x128d</value>
         <object_component_ref idref="oc-16"/>
      </symbol>
      <symbol id="sm-37c">
         <name>__stack</name>
         <value>0x20000270</value>
         <object_component_ref idref="oc-25"/>
      </symbol>
      <symbol id="sm-37d">
         <name>_c_int00_noargs</name>
         <value>0x154d</value>
         <object_component_ref idref="oc-6c"/>
      </symbol>
      <symbol id="sm-398">
         <name>memcpy</name>
         <value>0xf99</value>
         <object_component_ref idref="oc-4e"/>
      </symbol>
      <symbol id="sm-399">
         <name>__aeabi_memcpy</name>
         <value>0xf99</value>
         <object_component_ref idref="oc-4e"/>
      </symbol>
      <symbol id="sm-39a">
         <name>__aeabi_memcpy8</name>
         <value>0xf99</value>
         <object_component_ref idref="oc-4e"/>
      </symbol>
      <symbol id="sm-39b">
         <name>__aeabi_memcpy4</name>
         <value>0xf99</value>
         <object_component_ref idref="oc-4e"/>
      </symbol>
      <symbol id="sm-3c4">
         <name>__TI_auto_init_nobinit_nopinit</name>
         <value>0x1425</value>
         <object_component_ref idref="oc-161"/>
      </symbol>
      <symbol id="sm-3ce">
         <name>_system_pre_init</name>
         <value>0x16a1</value>
         <object_component_ref idref="oc-ab"/>
      </symbol>
      <symbol id="sm-3da">
         <name>C$$EXIT</name>
         <value>0x16a5</value>
         <object_component_ref idref="oc-155"/>
      </symbol>
      <symbol id="sm-3db">
         <name>abort</name>
         <value>0x16a5</value>
         <object_component_ref idref="oc-155"/>
      </symbol>
      <symbol id="sm-3de">
         <name>__TI_static_base__</name>
         <value>0x0</value>
      </symbol>
      <symbol id="sm-3e1">
         <name>__mpu_init</name>
         <value>0x0</value>
      </symbol>
      <symbol id="sm-3e2">
         <name>_system_post_cinit</name>
         <value>0x0</value>
      </symbol>
   </symbol_table>
   <title>Link successful</title>
</link_info>
