******************************************************************************
                  TI ARM Linker PC v20.2.7                     
******************************************************************************
>> Linked Sun Feb  8 20:23:21 2026

OUTPUT FILE NAME:   <lse1.out>
ENTRY POINT SYMBOL: "_c_int00_noargs"  address: 00001b71


MEMORY CONFIGURATION

         name            origin    length      used     unused   attr    fill
----------------------  --------  ---------  --------  --------  ----  --------
  FLASH                 00000000   00040000  00001f88  0003e078  R  X
  SRAM                  20000000   00008000  000005e2  00007a1e  RW X


SEGMENT ALLOCATION MAP

run origin  load origin   length   init length attrs members
----------  ----------- ---------- ----------- ----- -------
00000000    00000000    00001f88   00001f88    r-x
  00000000    00000000    0000026c   0000026c    r-- .intvecs
  0000026c    0000026c    00001a60   00001a60    r-x .text
  00001ccc    00001ccc    0000024c   0000024c    r-- .const
  00001f18    00001f18    00000070   00000070    r-- .cinit
20000000    20000000    000005e8   00000000    rw-
  20000000    20000000    0000026c   00000000    rw- .vtable
  20000270    20000270    00000200   00000000    rw- .stack
  20000470    20000470    00000102   00000000    rw- .bss
  20000574    20000574    00000074   00000000    rw- .data


SECTION ALLOCATION MAP

 output                                  attributes/
section   page    origin      length       input sections
--------  ----  ----------  ----------   ----------------
.intvecs   0    00000000    0000026c     
                  00000000    0000026c     startup_ccs.obj (.intvecs)

.text      0    0000026c    00001a60     
                  0000026c    00000630     main.obj (.text:main)
                  0000089c    000002a0     main.obj (.text:_Z7GPIOIntv)
                  00000b3c    00000208     mosfets.obj (.text:_ZN16MosfetController5setupEjf)
                  00000d44    000001c0     main.obj (.text:_Z11updateStatei)
                  00000f04    0000016c     driverlib.lib : gpio.obj (.text:GPIOPadConfigSet)
                  00001070    00000136     rtsv7M4_T_le_v4SPD16_eabi.lib : fd_div_t2.asm.obj (.text)
                  000011a6    000000fc                                   : fd_mul_t2.asm.obj (.text)
                  000012a2    00000002     startup_ccs.obj (.text:FaultISR)
                  000012a4    000000ec     main.obj (.text:_Z8StallIntv)
                  00001390    000000b8     comparators.obj (.text:_ZN20ComparatorController5setupEPFvvE)
                  00001448    000000a0     main.obj (.text:_Z8ADCSetupv)
                  000014e8    0000009c     rtsv7M4_T_le_v4SPD16_eabi.lib : memcpy_t2.asm.obj (.text)
                  00001584    0000008c     main.obj (.text:_Z17getRealRotorStatev)
                  00001610    00000086     rtsv7M4_T_le_v4SPD16_eabi.lib : fd_cmp_t2.asm.obj (.text:__aeabi_cdcmple)
                  00001696    00000002     startup_ccs.obj (.text:IntDefaultHandler)
                  00001698    00000080     main.obj (.text:_Z12ADC0_ReadAvgh)
                  00001718    00000078     main.obj (.text:_Z18setupNextInterrupti)
                  00001790    00000068     driverlib.lib : interrupt.obj (.text:IntEnable)
                  000017f8    00000068     rtsv7M4_T_le_v4SPD16_eabi.lib : copy_decompress_lzss.c.obj (.text:decompress:lzss:__TI_decompress_lzss)
                  00001860    00000058     driverlib.lib : gpio.obj (.text:GPIOIntTypeSet)
                  000018b8    0000004c                   : timer.obj (.text:_TimerIntNumberGet)
                  00001904    00000048     main.obj (.text:_Z11TFaseToDutyf)
                  0000194c    00000048     comparators.obj (.text:_ZN20ComparatorController19configComparatorIntE12ComparatorIDbj)
                  00001994    00000044     driverlib.lib : gpio.obj (.text:_GPIOIntNumberGet)
                  000019d8    00000044     rtsv7M4_T_le_v4SPD16_eabi.lib : autoinit.c.obj (.text:__TI_auto_init_nobinit_nopinit:__TI_auto_init_nobinit_nopinit)
                  00001a1c    00000044                                   : fd_tou_t2.asm.obj (.text)
                  00001a60    00000038     driverlib.lib : sysctl.obj (.text:SysCtlPeripheralReady)
                  00001a98    00000038     main.obj (.text:_Z3PIDffff)
                  00001ad0    00000038     rtsv7M4_T_le_v4SPD16_eabi.lib : fs_tod_t2.asm.obj (.text)
                  00001b08    00000034     driverlib.lib : interrupt.obj (.text:IntRegister)
                  00001b3c    00000034                   : sysctl.obj (.text:SysCtlPeripheralEnable)
                  00001b70    00000034     rtsv7M4_T_le_v4SPD16_eabi.lib : boot_cortex_m.c.obj (.text:_c_int00_noargs:_c_int00_noargs)
                  00001ba4    0000002c     driverlib.lib : gpio.obj (.text:GPIODirModeSet)
                  00001bd0    00000020     rtsv7M4_T_le_v4SPD16_eabi.lib : u_tofd_t2.asm.obj (.text)
                  00001bf0    0000001c     comparators.obj (.text:_ZN20ComparatorController20disableAllInterruptsEv)
                  00001c0c    0000001c     rtsv7M4_T_le_v4SPD16_eabi.lib : copy_zero_init.c.obj (.text:decompress:ZI:__TI_zero_init_nomemset:__TI_zero_init_nomemset)
                  00001c28    00000018     driverlib.lib : gpio.obj (.text:GPIOIntRegister)
                  00001c40    00000018                   : timer.obj (.text:TimerIntRegister)
                  00001c58    00000016                   : gpio.obj (.text:GPIOPinTypeGPIOInput)
                  00001c6e    00000002     startup_ccs.obj (.text:NmiSR)
                  00001c70    00000010     driverlib.lib : fpu.obj (.text:FPUEnable)
                  00001c80    00000010                   : fpu.obj (.text:FPULazyStackingEnable)
                  00001c90    0000000e                   : gpio.obj (.text:GPIOIntDisable)
                  00001c9e    0000000e     rtsv7M4_T_le_v4SPD16_eabi.lib : copy_decompress_none.c.obj (.text:decompress:none:__TI_decompress_none)
                  00001cac    0000000c     driverlib.lib : gpio.obj (.text:GPIOIntEnable)
                  00001cb8    00000006                   : gpio.obj (.text:GPIOIntClear)
                  00001cbe    00000006     startup_ccs.obj (.text:ResetISR)
                  00001cc4    00000004     rtsv7M4_T_le_v4SPD16_eabi.lib : pre_init.c.obj (.text:_system_pre_init)
                  00001cc8    00000004                                   : exit.c.obj (.text:abort:abort)

.const     0    00001ccc    0000024c     
                  00001ccc    000000d8     driverlib.lib : gpio.obj (.const:g_ppui32GPIOIntMapSnowflake)
                  00001da4    000000c0                   : gpio.obj (.const:g_ppui32GPIOIntMapBlizzard)
                  00001e64    00000060                   : timer.obj (.const:g_ppui32TimerIntMap)
                  00001ec4    00000040                   : timer.obj (.const:g_ppui32TimerIntMapSnowflake)
                  00001f04    00000014                   : interrupt.obj (.const:g_pui32EnRegs)

.cinit     0    00001f18    00000070     
                  00001f18    00000035     (.cinit..data.load) [load image, compression = lzss]
                  00001f4d    00000003     --HOLE-- [fill = 0]
                  00001f50    0000000c     (__TI_handler_table)
                  00001f5c    00000004     --HOLE-- [fill = 0]
                  00001f60    00000008     (.cinit..bss.load) [load image, compression = zero_init]
                  00001f68    00000008     (.cinit..vtable.load) [load image, compression = zero_init]
                  00001f70    00000018     (__TI_cinit_table)

.init_array 
*          0    00000000    00000000     UNINITIALIZED

.vtable    0    20000000    0000026c     UNINITIALIZED
                  20000000    0000026c     driverlib.lib : interrupt.obj (.vtable)

.bss       0    20000470    00000102     UNINITIALIZED
                  20000470    0000007c     (.common:dutys)
                  200004ec    0000007c     (.common:freqfase)
                  20000568    00000004     (.common:stallPeriod)
                  2000056c    00000004     (.common:ui32Period)
                  20000570    00000001     (.common:comps)
                  20000571    00000001     (.common:mosfets)

.data      0    20000574    00000074     UNINITIALIZED
                  20000574    00000074     main.obj (.data)

.stack     0    20000270    00000200     UNINITIALIZED
                  20000270    00000004     rtsv7M4_T_le_v4SPD16_eabi.lib : boot_cortex_m.c.obj (.stack)
                  20000274    000001fc     --HOLE--

__llvm_prf_cnts 
*          0    20000000    00000000     UNINITIALIZED

.binit     0    00000000    00000000     

MODULE SUMMARY

       Module                       code   ro data   rw data
       ------                       ----   -------   -------
    .\
       main.obj                     3616   0         374    
       startup_ccs.obj              12     620       0      
       mosfets.obj                  520    0         0      
       comparators.obj              284    0         0      
    +--+----------------------------+------+---------+---------+
       Total:                       4432   620       374    
                                                            
    C:/ti/TivaWare_C_Series-2.2.0.295/driverlib/ccs/Debug/driverlib.lib
       gpio.obj                     642    408       0      
       interrupt.obj                156    20        620    
       timer.obj                    100    160       0      
       sysctl.obj                   108    0         0      
       fpu.obj                      32     0         0      
    +--+----------------------------+------+---------+---------+
       Total:                       1038   588       620    
                                                            
    C:\ti\ccs1280\ccs\tools\compiler\ti-cgt-arm_20.2.7.LTS\lib\rtsv7M4_T_le_v4SPD16_eabi.lib
       fd_div_t2.asm.obj            310    0         0      
       fd_mul_t2.asm.obj            252    0         0      
       memcpy_t2.asm.obj            156    0         0      
       fd_cmp_t2.asm.obj            134    0         0      
       copy_decompress_lzss.c.obj   104    0         0      
       autoinit.c.obj               68     0         0      
       fd_tou_t2.asm.obj            68     0         0      
       fs_tod_t2.asm.obj            56     0         0      
       boot_cortex_m.c.obj          52     0         0      
       u_tofd_t2.asm.obj            32     0         0      
       copy_zero_init.c.obj         28     0         0      
       copy_decompress_none.c.obj   14     0         0      
       exit.c.obj                   4      0         0      
       pre_init.c.obj               4      0         0      
    +--+----------------------------+------+---------+---------+
       Total:                       1282   0         0      
                                                            
       Stack:                       0      0         512    
       Linker Generated:            0      105       0      
    +--+----------------------------+------+---------+---------+
       Grand Total:                 6752   1313      1506   


LINKER GENERATED COPY TABLES

__TI_cinit_table @ 00001f70 records: 3, size/record: 8, table size: 24
	.data: load addr=00001f18, load size=00000035 bytes, run addr=20000574, run size=00000074 bytes, compression=lzss
	.bss: load addr=00001f60, load size=00000008 bytes, run addr=20000470, run size=00000102 bytes, compression=zero_init
	.vtable: load addr=00001f68, load size=00000008 bytes, run addr=20000000, run size=0000026c bytes, compression=zero_init


LINKER GENERATED HANDLER TABLE

__TI_handler_table @ 00001f50 records: 3, size/record: 4, table size: 12
	index: 0, handler: __TI_zero_init
	index: 1, handler: __TI_decompress_lzss
	index: 2, handler: __TI_decompress_none


GLOBAL SYMBOLS: SORTED ALPHABETICALLY BY Name 

address   name                                                           
-------   ----                                                           
00001cc9  C$$EXIT                                                        
20000574  CLOSED_LOOP                                                    
200005ac  DutyMaxLim                                                     
200005a8  DutyMinLim                                                     
00001c71  FPUEnable                                                      
00001c81  FPULazyStackingEnable                                          
00001ba5  GPIODirModeSet                                                 
00001cb9  GPIOIntClear                                                   
00001c91  GPIOIntDisable                                                 
00001cad  GPIOIntEnable                                                  
00001c29  GPIOIntRegister                                                
00001861  GPIOIntTypeSet                                                 
00000f05  GPIOPadConfigSet                                               
00001c59  GPIOPinTypeGPIOInput                                           
00001791  IntEnable                                                      
00001b09  IntRegister                                                    
200005b8  NoLoadDuty                                                     
200005bc  PID_Duty                                                       
20000580  PID_control                                                    
00001cbf  ResetISR                                                       
200005cc  RiseFall                                                       
00001b3d  SysCtlPeripheralEnable                                         
00001a61  SysCtlPeripheralReady                                          
200005b0  TFaseMax                                                       
200005b4  TFaseMin                                                       
00001c41  TimerIntRegister                                               
00001905  _Z11TFaseToDutyf                                               
00000d45  _Z11updateStatei                                               
00001699  _Z12ADC0_ReadAvgh                                              
00001585  _Z17getRealRotorStatev                                         
00001719  _Z18setupNextInterrupti                                        
00001a99  _Z3PIDffff                                                     
0000089d  _Z7GPIOIntv                                                    
00001449  _Z8ADCSetupv                                                   
000012a5  _Z8StallIntv                                                   
00000b3d  _ZN16MosfetController5setupEjf                                 
0000194d  _ZN20ComparatorController19configComparatorIntE12ComparatorIDbj
00001bf1  _ZN20ComparatorController20disableAllInterruptsEv              
00001391  _ZN20ComparatorController5setupEPFvvE                          
20000470  __STACK_END                                                    
00000200  __STACK_SIZE                                                   
20000470  __STACK_TOP                                                    
00001f70  __TI_CINIT_Base                                                
00001f88  __TI_CINIT_Limit                                               
00001f50  __TI_Handler_Table_Base                                        
00001f5c  __TI_Handler_Table_Limit                                       
000019d9  __TI_auto_init_nobinit_nopinit                                 
000017f9  __TI_decompress_lzss                                           
00001c9f  __TI_decompress_none                                           
ffffffff  __TI_pprof_out_hndl                                            
ffffffff  __TI_prof_data_size                                            
ffffffff  __TI_prof_data_start                                           
00000000  __TI_static_base__                                             
00001c0d  __TI_zero_init_nomemset                                        
00001611  __aeabi_cdcmpeq                                                
00001611  __aeabi_cdcmple                                                
00001a1d  __aeabi_d2uiz                                                  
00001071  __aeabi_ddiv                                                   
000011a7  __aeabi_dmul                                                   
00001ad1  __aeabi_f2d                                                    
000014e9  __aeabi_memcpy                                                 
000014e9  __aeabi_memcpy4                                                
000014e9  __aeabi_memcpy8                                                
00001bd1  __aeabi_ui2d                                                   
ffffffff  __binit__                                                      
ffffffff  __c_args__                                                     
UNDEFED   __mpu_init                                                     
20000270  __stack                                                        
20000000  __start___llvm_prf_cnts                                        
20000000  __stop___llvm_prf_cnts                                         
00001b71  _c_int00_noargs                                                
UNDEFED   _system_post_cinit                                             
00001cc5  _system_pre_init                                               
00001cc9  abort                                                          
200005dc  adc_val                                                        
ffffffff  binit                                                          
200005e0  cl_locked                                                      
20000590  commutation_error_count                                        
20000570  comps                                                          
200005c0  counter                                                        
200005c4  current_duty_percent                                           
20000470  dutys                                                          
2000059c  errAcum                                                        
200005a0  errPrev                                                        
20000598  error                                                          
200004ec  freqfase                                                       
20000000  g_pfnRAMVectors                                                
00000000  g_pfnVectors                                                   
2000058c  isr_execution_count                                            
20000584  legacy                                                         
0000026d  main                                                           
20000594  measuredTicks                                                  
000014e9  memcpy                                                         
20000571  mosfets                                                        
200005d4  moving                                                         
2000057c  potentiometer                                                  
20000588  pwm_freq                                                       
200005a4  setpoint                                                       
20000568  stallPeriod                                                    
20000578  stall_detect                                                   
200005d0  started                                                        
200005c8  state                                                          
200005d8  target_ticks                                                   
2000056c  ui32Period                                                     
200005e4  zc_detected_count                                              


GLOBAL SYMBOLS: SORTED BY Symbol Address 

address   name                                                           
-------   ----                                                           
00000000  __TI_static_base__                                             
00000000  g_pfnVectors                                                   
00000200  __STACK_SIZE                                                   
0000026d  main                                                           
0000089d  _Z7GPIOIntv                                                    
00000b3d  _ZN16MosfetController5setupEjf                                 
00000d45  _Z11updateStatei                                               
00000f05  GPIOPadConfigSet                                               
00001071  __aeabi_ddiv                                                   
000011a7  __aeabi_dmul                                                   
000012a5  _Z8StallIntv                                                   
00001391  _ZN20ComparatorController5setupEPFvvE                          
00001449  _Z8ADCSetupv                                                   
000014e9  __aeabi_memcpy                                                 
000014e9  __aeabi_memcpy4                                                
000014e9  __aeabi_memcpy8                                                
000014e9  memcpy                                                         
00001585  _Z17getRealRotorStatev                                         
00001611  __aeabi_cdcmpeq                                                
00001611  __aeabi_cdcmple                                                
00001699  _Z12ADC0_ReadAvgh                                              
00001719  _Z18setupNextInterrupti                                        
00001791  IntEnable                                                      
000017f9  __TI_decompress_lzss                                           
00001861  GPIOIntTypeSet                                                 
00001905  _Z11TFaseToDutyf                                               
0000194d  _ZN20ComparatorController19configComparatorIntE12ComparatorIDbj
000019d9  __TI_auto_init_nobinit_nopinit                                 
00001a1d  __aeabi_d2uiz                                                  
00001a61  SysCtlPeripheralReady                                          
00001a99  _Z3PIDffff                                                     
00001ad1  __aeabi_f2d                                                    
00001b09  IntRegister                                                    
00001b3d  SysCtlPeripheralEnable                                         
00001b71  _c_int00_noargs                                                
00001ba5  GPIODirModeSet                                                 
00001bd1  __aeabi_ui2d                                                   
00001bf1  _ZN20ComparatorController20disableAllInterruptsEv              
00001c0d  __TI_zero_init_nomemset                                        
00001c29  GPIOIntRegister                                                
00001c41  TimerIntRegister                                               
00001c59  GPIOPinTypeGPIOInput                                           
00001c71  FPUEnable                                                      
00001c81  FPULazyStackingEnable                                          
00001c91  GPIOIntDisable                                                 
00001c9f  __TI_decompress_none                                           
00001cad  GPIOIntEnable                                                  
00001cb9  GPIOIntClear                                                   
00001cbf  ResetISR                                                       
00001cc5  _system_pre_init                                               
00001cc9  C$$EXIT                                                        
00001cc9  abort                                                          
00001f50  __TI_Handler_Table_Base                                        
00001f5c  __TI_Handler_Table_Limit                                       
00001f70  __TI_CINIT_Base                                                
00001f88  __TI_CINIT_Limit                                               
20000000  __start___llvm_prf_cnts                                        
20000000  __stop___llvm_prf_cnts                                         
20000000  g_pfnRAMVectors                                                
20000270  __stack                                                        
20000470  __STACK_END                                                    
20000470  __STACK_TOP                                                    
20000470  dutys                                                          
200004ec  freqfase                                                       
20000568  stallPeriod                                                    
2000056c  ui32Period                                                     
20000570  comps                                                          
20000571  mosfets                                                        
20000574  CLOSED_LOOP                                                    
20000578  stall_detect                                                   
2000057c  potentiometer                                                  
20000580  PID_control                                                    
20000584  legacy                                                         
20000588  pwm_freq                                                       
2000058c  isr_execution_count                                            
20000590  commutation_error_count                                        
20000594  measuredTicks                                                  
20000598  error                                                          
2000059c  errAcum                                                        
200005a0  errPrev                                                        
200005a4  setpoint                                                       
200005a8  DutyMinLim                                                     
200005ac  DutyMaxLim                                                     
200005b0  TFaseMax                                                       
200005b4  TFaseMin                                                       
200005b8  NoLoadDuty                                                     
200005bc  PID_Duty                                                       
200005c0  counter                                                        
200005c4  current_duty_percent                                           
200005c8  state                                                          
200005cc  RiseFall                                                       
200005d0  started                                                        
200005d4  moving                                                         
200005d8  target_ticks                                                   
200005dc  adc_val                                                        
200005e0  cl_locked                                                      
200005e4  zc_detected_count                                              
ffffffff  __TI_pprof_out_hndl                                            
ffffffff  __TI_prof_data_size                                            
ffffffff  __TI_prof_data_start                                           
ffffffff  __binit__                                                      
ffffffff  __c_args__                                                     
ffffffff  binit                                                          
UNDEFED   __mpu_init                                                     
UNDEFED   _system_post_cinit                                             

[105 symbols]
