******************************************************************************
                  TI ARM Linker PC v20.2.7                     
******************************************************************************
>> Linked Wed Feb 11 10:04:46 2026

OUTPUT FILE NAME:   <lse1.out>
ENTRY POINT SYMBOL: "_c_int00_noargs"  address: 00001b2d


MEMORY CONFIGURATION

         name            origin    length      used     unused   attr    fill
----------------------  --------  ---------  --------  --------  ----  --------
  FLASH                 00000000   00040000  00001f72  0003e08e  R  X
  SRAM                  20000000   00008000  000005ea  00007a16  RW X


SEGMENT ALLOCATION MAP

run origin  load origin   length   init length attrs members
----------  ----------- ---------- ----------- ----- -------
00000000    00000000    00001f78   00001f78    r-x
  00000000    00000000    0000026c   0000026c    r-- .intvecs
  0000026c    0000026c    00001a4a   00001a4a    r-x .text
  00001cb8    00001cb8    0000024c   0000024c    r-- .const
  00001f08    00001f08    00000070   00000070    r-- .cinit
20000000    20000000    000005f0   00000000    rw-
  20000000    20000000    0000026c   00000000    rw- .vtable
  20000270    20000270    00000200   00000000    rw- .stack
  20000470    20000470    00000102   00000000    rw- .bss
  20000574    20000574    0000007c   00000000    rw- .data


SECTION ALLOCATION MAP

 output                                  attributes/
section   page    origin      length       input sections
--------  ----  ----------  ----------   ----------------
.intvecs   0    00000000    0000026c     
                  00000000    0000026c     startup_ccs.obj (.intvecs)

.text      0    0000026c    00001a4a     
                  0000026c    00000718     main.obj (.text:main)
                  00000984    0000026c     main.obj (.text:_Z7GPIOIntv)
                  00000bf0    00000208     mosfets.obj (.text:_ZN16MosfetController5setupEjf)
                  00000df8    000001c0     main.obj (.text:_Z11updateStatei)
                  00000fb8    0000016c     driverlib.lib : gpio.obj (.text:GPIOPadConfigSet)
                  00001124    00000136     rtsv7M4_T_le_v4SPD16_eabi.lib : fd_div_t2.asm.obj (.text)
                  0000125a    000000fc                                   : fd_mul_t2.asm.obj (.text)
                  00001356    00000002     startup_ccs.obj (.text:FaultISR)
                  00001358    000000ec     main.obj (.text:_Z8StallIntv)
                  00001444    000000b8     comparators.obj (.text:_ZN20ComparatorController5setupEPFvvE)
                  000014fc    000000a0     main.obj (.text:_Z8ADCSetupv)
                  0000159c    0000009c     rtsv7M4_T_le_v4SPD16_eabi.lib : memcpy_t2.asm.obj (.text)
                  00001638    0000008c     main.obj (.text:_Z17getRealRotorStatev)
                  000016c4    00000080     main.obj (.text:_Z12ADC0_ReadAvgh)
                  00001744    00000078     main.obj (.text:_Z18setupNextInterrupti)
                  000017bc    00000068     driverlib.lib : interrupt.obj (.text:IntEnable)
                  00001824    00000068     rtsv7M4_T_le_v4SPD16_eabi.lib : copy_decompress_lzss.c.obj (.text:decompress:lzss:__TI_decompress_lzss)
                  0000188c    00000058     driverlib.lib : gpio.obj (.text:GPIOIntTypeSet)
                  000018e4    0000004c                   : timer.obj (.text:_TimerIntNumberGet)
                  00001930    00000048     main.obj (.text:_Z11TFaseToDutyf)
                  00001978    00000048     comparators.obj (.text:_ZN20ComparatorController19configComparatorIntE12ComparatorIDbj)
                  000019c0    00000044     driverlib.lib : gpio.obj (.text:_GPIOIntNumberGet)
                  00001a04    00000044     rtsv7M4_T_le_v4SPD16_eabi.lib : autoinit.c.obj (.text:__TI_auto_init_nobinit_nopinit:__TI_auto_init_nobinit_nopinit)
                  00001a48    00000044                                   : fd_tou_t2.asm.obj (.text)
                  00001a8c    00000038     driverlib.lib : sysctl.obj (.text:SysCtlPeripheralReady)
                  00001ac4    00000034                   : interrupt.obj (.text:IntRegister)
                  00001af8    00000034                   : sysctl.obj (.text:SysCtlPeripheralEnable)
                  00001b2c    00000034     rtsv7M4_T_le_v4SPD16_eabi.lib : boot_cortex_m.c.obj (.text:_c_int00_noargs:_c_int00_noargs)
                  00001b60    0000002c     driverlib.lib : gpio.obj (.text:GPIODirModeSet)
                  00001b8c    0000002c     main.obj (.text:_Z3PIDffff)
                  00001bb8    00000020     rtsv7M4_T_le_v4SPD16_eabi.lib : u_tofd_t2.asm.obj (.text)
                  00001bd8    0000001c     comparators.obj (.text:_ZN20ComparatorController20disableAllInterruptsEv)
                  00001bf4    0000001c     rtsv7M4_T_le_v4SPD16_eabi.lib : copy_zero_init.c.obj (.text:decompress:ZI:__TI_zero_init_nomemset:__TI_zero_init_nomemset)
                  00001c10    00000018     driverlib.lib : gpio.obj (.text:GPIOIntRegister)
                  00001c28    00000018                   : timer.obj (.text:TimerIntRegister)
                  00001c40    00000016                   : gpio.obj (.text:GPIOPinTypeGPIOInput)
                  00001c56    00000002     startup_ccs.obj (.text:IntDefaultHandler)
                  00001c58    00000010     driverlib.lib : fpu.obj (.text:FPUEnable)
                  00001c68    00000010                   : fpu.obj (.text:FPULazyStackingEnable)
                  00001c78    0000000e                   : gpio.obj (.text:GPIOIntDisable)
                  00001c86    0000000e     rtsv7M4_T_le_v4SPD16_eabi.lib : copy_decompress_none.c.obj (.text:decompress:none:__TI_decompress_none)
                  00001c94    0000000c     driverlib.lib : gpio.obj (.text:GPIOIntEnable)
                  00001ca0    00000006                   : gpio.obj (.text:GPIOIntClear)
                  00001ca6    00000006     startup_ccs.obj (.text:ResetISR)
                  00001cac    00000004     rtsv7M4_T_le_v4SPD16_eabi.lib : pre_init.c.obj (.text:_system_pre_init)
                  00001cb0    00000004                                   : exit.c.obj (.text:abort:abort)
                  00001cb4    00000002     startup_ccs.obj (.text:NmiSR)

.const     0    00001cb8    0000024c     
                  00001cb8    000000d8     driverlib.lib : gpio.obj (.const:g_ppui32GPIOIntMapSnowflake)
                  00001d90    000000c0                   : gpio.obj (.const:g_ppui32GPIOIntMapBlizzard)
                  00001e50    00000060                   : timer.obj (.const:g_ppui32TimerIntMap)
                  00001eb0    00000040                   : timer.obj (.const:g_ppui32TimerIntMapSnowflake)
                  00001ef0    00000014                   : interrupt.obj (.const:g_pui32EnRegs)

.cinit     0    00001f08    00000070     
                  00001f08    0000003b     (.cinit..data.load) [load image, compression = lzss]
                  00001f43    00000001     --HOLE-- [fill = 0]
                  00001f44    0000000c     (__TI_handler_table)
                  00001f50    00000008     (.cinit..bss.load) [load image, compression = zero_init]
                  00001f58    00000008     (.cinit..vtable.load) [load image, compression = zero_init]
                  00001f60    00000018     (__TI_cinit_table)

.init_array 
*          0    00000000    00000000     UNINITIALIZED

.vtable    0    20000000    0000026c     UNINITIALIZED
                  20000000    0000026c     driverlib.lib : interrupt.obj (.vtable)

.bss       0    20000470    00000102     UNINITIALIZED
                  20000470    0000007c     (.common:dutys)
                  200004ec    0000007c     (.common:freqfase)
                  20000568    00000004     (.common:stallPeriod)
                  2000056c    00000004     (.common:ui32Period)
                  20000570    00000001     (.common:comps)
                  20000571    00000001     (.common:mosfets)

.data      0    20000574    0000007c     UNINITIALIZED
                  20000574    0000007c     main.obj (.data)

.stack     0    20000270    00000200     UNINITIALIZED
                  20000270    00000004     rtsv7M4_T_le_v4SPD16_eabi.lib : boot_cortex_m.c.obj (.stack)
                  20000274    000001fc     --HOLE--

__llvm_prf_cnts 
*          0    20000000    00000000     UNINITIALIZED

.binit     0    00000000    00000000     

MODULE SUMMARY

       Module                       code   ro data   rw data
       ------                       ----   -------   -------
    .\
       main.obj                     3784   0         382    
       startup_ccs.obj              12     620       0      
       mosfets.obj                  520    0         0      
       comparators.obj              284    0         0      
    +--+----------------------------+------+---------+---------+
       Total:                       4600   620       382    
                                                            
    C:/ti/TivaWare_C_Series-2.2.0.295/driverlib/ccs/Debug/driverlib.lib
       gpio.obj                     642    408       0      
       interrupt.obj                156    20        620    
       timer.obj                    100    160       0      
       sysctl.obj                   108    0         0      
       fpu.obj                      32     0         0      
    +--+----------------------------+------+---------+---------+
       Total:                       1038   588       620    
                                                            
    C:\ti\ccs1280\ccs\tools\compiler\ti-cgt-arm_20.2.7.LTS\lib\rtsv7M4_T_le_v4SPD16_eabi.lib
       fd_div_t2.asm.obj            310    0         0      
       fd_mul_t2.asm.obj            252    0         0      
       memcpy_t2.asm.obj            156    0         0      
       copy_decompress_lzss.c.obj   104    0         0      
       autoinit.c.obj               68     0         0      
       fd_tou_t2.asm.obj            68     0         0      
       boot_cortex_m.c.obj          52     0         0      
       u_tofd_t2.asm.obj            32     0         0      
       copy_zero_init.c.obj         28     0         0      
       copy_decompress_none.c.obj   14     0         0      
       exit.c.obj                   4      0         0      
       pre_init.c.obj               4      0         0      
    +--+----------------------------+------+---------+---------+
       Total:                       1092   0         0      
                                                            
       Stack:                       0      0         512    
       Linker Generated:            0      111       0      
    +--+----------------------------+------+---------+---------+
       Grand Total:                 6730   1319      1514   


LINKER GENERATED COPY TABLES

__TI_cinit_table @ 00001f60 records: 3, size/record: 8, table size: 24
	.data: load addr=00001f08, load size=0000003b bytes, run addr=20000574, run size=0000007c bytes, compression=lzss
	.bss: load addr=00001f50, load size=00000008 bytes, run addr=20000470, run size=00000102 bytes, compression=zero_init
	.vtable: load addr=00001f58, load size=00000008 bytes, run addr=20000000, run size=0000026c bytes, compression=zero_init


LINKER GENERATED HANDLER TABLE

__TI_handler_table @ 00001f44 records: 3, size/record: 4, table size: 12
	index: 0, handler: __TI_zero_init
	index: 1, handler: __TI_decompress_lzss
	index: 2, handler: __TI_decompress_none


GLOBAL SYMBOLS: SORTED ALPHABETICALLY BY Name 

address   name                                                           
-------   ----                                                           
00001cb1  C$$EXIT                                                        
20000574  CLOSED_LOOP                                                    
200005b0  DutyMaxLim                                                     
200005ac  DutyMinLim                                                     
00001c59  FPUEnable                                                      
00001c69  FPULazyStackingEnable                                          
00001b61  GPIODirModeSet                                                 
00001ca1  GPIOIntClear                                                   
00001c79  GPIOIntDisable                                                 
00001c95  GPIOIntEnable                                                  
00001c11  GPIOIntRegister                                                
0000188d  GPIOIntTypeSet                                                 
00000fb9  GPIOPadConfigSet                                               
00001c41  GPIOPinTypeGPIOInput                                           
000017bd  IntEnable                                                      
00001ac5  IntRegister                                                    
200005bc  NoLoadDuty                                                     
200005c0  PID_Duty                                                       
20000580  PID_control                                                    
00001ca7  ResetISR                                                       
200005d4  RiseFall                                                       
00001af9  SysCtlPeripheralEnable                                         
00001a8d  SysCtlPeripheralReady                                          
200005b4  TFaseMax                                                       
200005b8  TFaseMin                                                       
00001c29  TimerIntRegister                                               
00001931  _Z11TFaseToDutyf                                               
00000df9  _Z11updateStatei                                               
000016c5  _Z12ADC0_ReadAvgh                                              
00001639  _Z17getRealRotorStatev                                         
00001745  _Z18setupNextInterrupti                                        
00001b8d  _Z3PIDffff                                                     
00000985  _Z7GPIOIntv                                                    
000014fd  _Z8ADCSetupv                                                   
00001359  _Z8StallIntv                                                   
00000bf1  _ZN16MosfetController5setupEjf                                 
00001979  _ZN20ComparatorController19configComparatorIntE12ComparatorIDbj
00001bd9  _ZN20ComparatorController20disableAllInterruptsEv              
00001445  _ZN20ComparatorController5setupEPFvvE                          
20000470  __STACK_END                                                    
00000200  __STACK_SIZE                                                   
20000470  __STACK_TOP                                                    
00001f60  __TI_CINIT_Base                                                
00001f78  __TI_CINIT_Limit                                               
00001f44  __TI_Handler_Table_Base                                        
00001f50  __TI_Handler_Table_Limit                                       
00001a05  __TI_auto_init_nobinit_nopinit                                 
00001825  __TI_decompress_lzss                                           
00001c87  __TI_decompress_none                                           
ffffffff  __TI_pprof_out_hndl                                            
ffffffff  __TI_prof_data_size                                            
ffffffff  __TI_prof_data_start                                           
00000000  __TI_static_base__                                             
00001bf5  __TI_zero_init_nomemset                                        
00001a49  __aeabi_d2uiz                                                  
00001125  __aeabi_ddiv                                                   
0000125b  __aeabi_dmul                                                   
0000159d  __aeabi_memcpy                                                 
0000159d  __aeabi_memcpy4                                                
0000159d  __aeabi_memcpy8                                                
00001bb9  __aeabi_ui2d                                                   
ffffffff  __binit__                                                      
ffffffff  __c_args__                                                     
UNDEFED   __mpu_init                                                     
20000270  __stack                                                        
20000000  __start___llvm_prf_cnts                                        
20000000  __stop___llvm_prf_cnts                                         
00001b2d  _c_int00_noargs                                                
UNDEFED   _system_post_cinit                                             
00001cad  _system_pre_init                                               
00001cb1  abort                                                          
200005e4  adc_val                                                        
ffffffff  binit                                                          
200005e8  cl_locked                                                      
20000594  commutation_error_count                                        
20000570  comps                                                          
200005c4  counter                                                        
200005cc  current_duty_percent                                           
200005c8  cycleTime                                                      
20000470  dutys                                                          
200005a0  errAcum                                                        
200005a4  errPrev                                                        
2000059c  error                                                          
200004ec  freqfase                                                       
20000000  g_pfnRAMVectors                                                
00000000  g_pfnVectors                                                   
20000590  isr_execution_count                                            
20000584  legacy                                                         
0000026d  main                                                           
20000598  measuredTicks                                                  
0000159d  memcpy                                                         
20000571  mosfets                                                        
200005dc  moving                                                         
2000057c  potentiometer                                                  
20000588  pwm_freq                                                       
2000058c  readDuty                                                       
200005a8  setpoint                                                       
20000568  stallPeriod                                                    
20000578  stall_detect                                                   
200005d8  started                                                        
200005d0  state                                                          
200005e0  target_ticks                                                   
2000056c  ui32Period                                                     
200005ec  zc_detected_count                                              


GLOBAL SYMBOLS: SORTED BY Symbol Address 

address   name                                                           
-------   ----                                                           
00000000  __TI_static_base__                                             
00000000  g_pfnVectors                                                   
00000200  __STACK_SIZE                                                   
0000026d  main                                                           
00000985  _Z7GPIOIntv                                                    
00000bf1  _ZN16MosfetController5setupEjf                                 
00000df9  _Z11updateStatei                                               
00000fb9  GPIOPadConfigSet                                               
00001125  __aeabi_ddiv                                                   
0000125b  __aeabi_dmul                                                   
00001359  _Z8StallIntv                                                   
00001445  _ZN20ComparatorController5setupEPFvvE                          
000014fd  _Z8ADCSetupv                                                   
0000159d  __aeabi_memcpy                                                 
0000159d  __aeabi_memcpy4                                                
0000159d  __aeabi_memcpy8                                                
0000159d  memcpy                                                         
00001639  _Z17getRealRotorStatev                                         
000016c5  _Z12ADC0_ReadAvgh                                              
00001745  _Z18setupNextInterrupti                                        
000017bd  IntEnable                                                      
00001825  __TI_decompress_lzss                                           
0000188d  GPIOIntTypeSet                                                 
00001931  _Z11TFaseToDutyf                                               
00001979  _ZN20ComparatorController19configComparatorIntE12ComparatorIDbj
00001a05  __TI_auto_init_nobinit_nopinit                                 
00001a49  __aeabi_d2uiz                                                  
00001a8d  SysCtlPeripheralReady                                          
00001ac5  IntRegister                                                    
00001af9  SysCtlPeripheralEnable                                         
00001b2d  _c_int00_noargs                                                
00001b61  GPIODirModeSet                                                 
00001b8d  _Z3PIDffff                                                     
00001bb9  __aeabi_ui2d                                                   
00001bd9  _ZN20ComparatorController20disableAllInterruptsEv              
00001bf5  __TI_zero_init_nomemset                                        
00001c11  GPIOIntRegister                                                
00001c29  TimerIntRegister                                               
00001c41  GPIOPinTypeGPIOInput                                           
00001c59  FPUEnable                                                      
00001c69  FPULazyStackingEnable                                          
00001c79  GPIOIntDisable                                                 
00001c87  __TI_decompress_none                                           
00001c95  GPIOIntEnable                                                  
00001ca1  GPIOIntClear                                                   
00001ca7  ResetISR                                                       
00001cad  _system_pre_init                                               
00001cb1  C$$EXIT                                                        
00001cb1  abort                                                          
00001f44  __TI_Handler_Table_Base                                        
00001f50  __TI_Handler_Table_Limit                                       
00001f60  __TI_CINIT_Base                                                
00001f78  __TI_CINIT_Limit                                               
20000000  __start___llvm_prf_cnts                                        
20000000  __stop___llvm_prf_cnts                                         
20000000  g_pfnRAMVectors                                                
20000270  __stack                                                        
20000470  __STACK_END                                                    
20000470  __STACK_TOP                                                    
20000470  dutys                                                          
200004ec  freqfase                                                       
20000568  stallPeriod                                                    
2000056c  ui32Period                                                     
20000570  comps                                                          
20000571  mosfets                                                        
20000574  CLOSED_LOOP                                                    
20000578  stall_detect                                                   
2000057c  potentiometer                                                  
20000580  PID_control                                                    
20000584  legacy                                                         
20000588  pwm_freq                                                       
2000058c  readDuty                                                       
20000590  isr_execution_count                                            
20000594  commutation_error_count                                        
20000598  measuredTicks                                                  
2000059c  error                                                          
200005a0  errAcum                                                        
200005a4  errPrev                                                        
200005a8  setpoint                                                       
200005ac  DutyMinLim                                                     
200005b0  DutyMaxLim                                                     
200005b4  TFaseMax                                                       
200005b8  TFaseMin                                                       
200005bc  NoLoadDuty                                                     
200005c0  PID_Duty                                                       
200005c4  counter                                                        
200005c8  cycleTime                                                      
200005cc  current_duty_percent                                           
200005d0  state                                                          
200005d4  RiseFall                                                       
200005d8  started                                                        
200005dc  moving                                                         
200005e0  target_ticks                                                   
200005e4  adc_val                                                        
200005e8  cl_locked                                                      
200005ec  zc_detected_count                                              
ffffffff  __TI_pprof_out_hndl                                            
ffffffff  __TI_prof_data_size                                            
ffffffff  __TI_prof_data_start                                           
ffffffff  __binit__                                                      
ffffffff  __c_args__                                                     
ffffffff  binit                                                          
UNDEFED   __mpu_init                                                     
UNDEFED   _system_post_cinit                                             

[104 symbols]
