******************************************************************************
                  TI ARM Linker PC v20.2.7                     
******************************************************************************
>> Linked Sun Jan 25 18:42:20 2026

OUTPUT FILE NAME:   <lse1.out>
ENTRY POINT SYMBOL: "_c_int00_noargs"  address: 0000154d


MEMORY CONFIGURATION

         name            origin    length      used     unused   attr    fill
----------------------  --------  ---------  --------  --------  ----  --------
  FLASH                 00000000   00040000  00001956  0003e6aa  R  X
  SRAM                  20000000   00008000  0000059e  00007a62  RW X


SEGMENT ALLOCATION MAP

run origin  load origin   length   init length attrs members
----------  ----------- ---------- ----------- ----- -------
00000000    00000000    00001958   00001958    r-x
  00000000    00000000    0000026c   0000026c    r-- .intvecs
  0000026c    0000026c    0000143e   0000143e    r-x .text
  000016ac    000016ac    0000024c   0000024c    r-- .const
  000018f8    000018f8    00000060   00000060    r-- .cinit
20000000    20000000    000005a4   00000000    rw-
  20000000    20000000    0000026c   00000000    rw- .vtable
  20000270    20000270    00000200   00000000    rw- .stack
  20000470    20000470    00000102   00000000    rw- .bss
  20000574    20000574    00000030   00000000    rw- .data


SECTION ALLOCATION MAP

 output                                  attributes/
section   page    origin      length       input sections
--------  ----  ----------  ----------   ----------------
.intvecs   0    00000000    0000026c     
                  00000000    0000026c     startup_ccs.obj (.intvecs)

.text      0    0000026c    0000143e     
                  0000026c    0000039c     main.obj (.text:main)
                  00000608    00000208     mosfets.obj (.text:_ZN16MosfetController5setupEjf)
                  00000810    000001c0     main.obj (.text:_Z11updateStatei)
                  000009d0    0000016c     driverlib.lib : gpio.obj (.text:GPIOPadConfigSet)
                  00000b3c    00000136     rtsv7M4_T_le_v4SPD16_eabi.lib : fd_div_t2.asm.obj (.text)
                  00000c72    000000fc                                   : fd_mul_t2.asm.obj (.text)
                  00000d6e    00000002     startup_ccs.obj (.text:FaultISR)
                  00000d70    000000d0     main.obj (.text:_Z7GPIOIntv)
                  00000e40    000000b8     comparators.obj (.text:_ZN20ComparatorController5setupEPFvvE)
                  00000ef8    000000a0     main.obj (.text:_Z8ADCSetupv)
                  00000f98    0000009c     rtsv7M4_T_le_v4SPD16_eabi.lib : memcpy_t2.asm.obj (.text)
                  00001034    00000088     main.obj (.text:_Z8StallIntv)
                  000010bc    00000080     main.obj (.text:_Z12ADC0_ReadAvgh)
                  0000113c    00000078     main.obj (.text:_Z18setupNextInterrupti)
                  000011b4    00000070     main.obj (.text:_ZN16MosfetController6allOffEv)
                  00001224    00000068     driverlib.lib : interrupt.obj (.text:IntEnable)
                  0000128c    00000068     rtsv7M4_T_le_v4SPD16_eabi.lib : copy_decompress_lzss.c.obj (.text:decompress:lzss:__TI_decompress_lzss)
                  000012f4    00000058     driverlib.lib : gpio.obj (.text:GPIOIntTypeSet)
                  0000134c    0000004c                   : timer.obj (.text:_TimerIntNumberGet)
                  00001398    00000048     comparators.obj (.text:_ZN20ComparatorController19configComparatorIntE12ComparatorIDbj)
                  000013e0    00000044     driverlib.lib : gpio.obj (.text:_GPIOIntNumberGet)
                  00001424    00000044     rtsv7M4_T_le_v4SPD16_eabi.lib : autoinit.c.obj (.text:__TI_auto_init_nobinit_nopinit:__TI_auto_init_nobinit_nopinit)
                  00001468    00000044                                   : fd_tou_t2.asm.obj (.text)
                  000014ac    00000038     driverlib.lib : sysctl.obj (.text:SysCtlPeripheralReady)
                  000014e4    00000034                   : interrupt.obj (.text:IntRegister)
                  00001518    00000034                   : sysctl.obj (.text:SysCtlPeripheralEnable)
                  0000154c    00000034     rtsv7M4_T_le_v4SPD16_eabi.lib : boot_cortex_m.c.obj (.text:_c_int00_noargs:_c_int00_noargs)
                  00001580    0000002c     driverlib.lib : gpio.obj (.text:GPIODirModeSet)
                  000015ac    00000020     rtsv7M4_T_le_v4SPD16_eabi.lib : u_tofd_t2.asm.obj (.text)
                  000015cc    0000001c     comparators.obj (.text:_ZN20ComparatorController20disableAllInterruptsEv)
                  000015e8    0000001c     rtsv7M4_T_le_v4SPD16_eabi.lib : copy_zero_init.c.obj (.text:decompress:ZI:__TI_zero_init_nomemset:__TI_zero_init_nomemset)
                  00001604    00000018     driverlib.lib : gpio.obj (.text:GPIOIntRegister)
                  0000161c    00000018                   : timer.obj (.text:TimerIntRegister)
                  00001634    00000016                   : gpio.obj (.text:GPIOPinTypeGPIOInput)
                  0000164a    00000002     startup_ccs.obj (.text:IntDefaultHandler)
                  0000164c    00000010     driverlib.lib : fpu.obj (.text:FPUEnable)
                  0000165c    00000010                   : fpu.obj (.text:FPULazyStackingEnable)
                  0000166c    0000000e                   : gpio.obj (.text:GPIOIntDisable)
                  0000167a    0000000e     rtsv7M4_T_le_v4SPD16_eabi.lib : copy_decompress_none.c.obj (.text:decompress:none:__TI_decompress_none)
                  00001688    0000000c     driverlib.lib : gpio.obj (.text:GPIOIntEnable)
                  00001694    00000006                   : gpio.obj (.text:GPIOIntClear)
                  0000169a    00000006     startup_ccs.obj (.text:ResetISR)
                  000016a0    00000004     rtsv7M4_T_le_v4SPD16_eabi.lib : pre_init.c.obj (.text:_system_pre_init)
                  000016a4    00000004                                   : exit.c.obj (.text:abort:abort)
                  000016a8    00000002     startup_ccs.obj (.text:NmiSR)

.const     0    000016ac    0000024c     
                  000016ac    000000d8     driverlib.lib : gpio.obj (.const:g_ppui32GPIOIntMapSnowflake)
                  00001784    000000c0                   : gpio.obj (.const:g_ppui32GPIOIntMapBlizzard)
                  00001844    00000060                   : timer.obj (.const:g_ppui32TimerIntMap)
                  000018a4    00000040                   : timer.obj (.const:g_ppui32TimerIntMapSnowflake)
                  000018e4    00000014                   : interrupt.obj (.const:g_pui32EnRegs)

.cinit     0    000018f8    00000060     
                  000018f8    00000026     (.cinit..data.load) [load image, compression = lzss]
                  0000191e    00000002     --HOLE-- [fill = 0]
                  00001920    0000000c     (__TI_handler_table)
                  0000192c    00000004     --HOLE-- [fill = 0]
                  00001930    00000008     (.cinit..bss.load) [load image, compression = zero_init]
                  00001938    00000008     (.cinit..vtable.load) [load image, compression = zero_init]
                  00001940    00000018     (__TI_cinit_table)

.init_array 
*          0    00000000    00000000     UNINITIALIZED

.vtable    0    20000000    0000026c     UNINITIALIZED
                  20000000    0000026c     driverlib.lib : interrupt.obj (.vtable)

.bss       0    20000470    00000102     UNINITIALIZED
                  20000470    0000007c     (.common:dutys)
                  200004ec    0000007c     (.common:freqfase)
                  20000568    00000004     (.common:stallPeriod)
                  2000056c    00000004     (.common:ui32Period)
                  20000570    00000001     (.common:comps)
                  20000571    00000001     (.common:mosfets)

.data      0    20000574    00000030     UNINITIALIZED
                  20000574    00000030     main.obj (.data)

.stack     0    20000270    00000200     UNINITIALIZED
                  20000270    00000004     rtsv7M4_T_le_v4SPD16_eabi.lib : boot_cortex_m.c.obj (.stack)
                  20000274    000001fc     --HOLE--

__llvm_prf_cnts 
*          0    20000000    00000000     UNINITIALIZED

.binit     0    00000000    00000000     

MODULE SUMMARY

       Module                       code   ro data   rw data
       ------                       ----   -------   -------
    .\
       main.obj                     2236   0         306    
       startup_ccs.obj              12     620       0      
       mosfets.obj                  520    0         0      
       comparators.obj              284    0         0      
    +--+----------------------------+------+---------+---------+
       Total:                       3052   620       306    
                                                            
    C:/ti/TivaWare_C_Series-2.2.0.295/driverlib/ccs/Debug/driverlib.lib
       gpio.obj                     642    408       0      
       interrupt.obj                156    20        620    
       timer.obj                    100    160       0      
       sysctl.obj                   108    0         0      
       fpu.obj                      32     0         0      
    +--+----------------------------+------+---------+---------+
       Total:                       1038   588       620    
                                                            
    C:\ti\ccs1280\ccs\tools\compiler\ti-cgt-arm_20.2.7.LTS\lib\rtsv7M4_T_le_v4SPD16_eabi.lib
       fd_div_t2.asm.obj            310    0         0      
       fd_mul_t2.asm.obj            252    0         0      
       memcpy_t2.asm.obj            156    0         0      
       copy_decompress_lzss.c.obj   104    0         0      
       autoinit.c.obj               68     0         0      
       fd_tou_t2.asm.obj            68     0         0      
       boot_cortex_m.c.obj          52     0         0      
       u_tofd_t2.asm.obj            32     0         0      
       copy_zero_init.c.obj         28     0         0      
       copy_decompress_none.c.obj   14     0         0      
       exit.c.obj                   4      0         0      
       pre_init.c.obj               4      0         0      
    +--+----------------------------+------+---------+---------+
       Total:                       1092   0         0      
                                                            
       Stack:                       0      0         512    
       Linker Generated:            0      90        0      
    +--+----------------------------+------+---------+---------+
       Grand Total:                 5182   1298      1438   


LINKER GENERATED COPY TABLES

__TI_cinit_table @ 00001940 records: 3, size/record: 8, table size: 24
	.data: load addr=000018f8, load size=00000026 bytes, run addr=20000574, run size=00000030 bytes, compression=lzss
	.bss: load addr=00001930, load size=00000008 bytes, run addr=20000470, run size=00000102 bytes, compression=zero_init
	.vtable: load addr=00001938, load size=00000008 bytes, run addr=20000000, run size=0000026c bytes, compression=zero_init


LINKER GENERATED HANDLER TABLE

__TI_handler_table @ 00001920 records: 3, size/record: 4, table size: 12
	index: 0, handler: __TI_zero_init
	index: 1, handler: __TI_decompress_lzss
	index: 2, handler: __TI_decompress_none


GLOBAL SYMBOLS: SORTED ALPHABETICALLY BY Name 

address   name                                                           
-------   ----                                                           
000016a5  C$$EXIT                                                        
20000574  CLOSED_LOOP                                                    
0000164d  FPUEnable                                                      
0000165d  FPULazyStackingEnable                                          
00001581  GPIODirModeSet                                                 
00001695  GPIOIntClear                                                   
0000166d  GPIOIntDisable                                                 
00001689  GPIOIntEnable                                                  
00001605  GPIOIntRegister                                                
000012f5  GPIOIntTypeSet                                                 
000009d1  GPIOPadConfigSet                                               
00001635  GPIOPinTypeGPIOInput                                           
00001225  IntEnable                                                      
000014e5  IntRegister                                                    
0000169b  ResetISR                                                       
20000590  RiseFall                                                       
00001519  SysCtlPeripheralEnable                                         
000014ad  SysCtlPeripheralReady                                          
0000161d  TimerIntRegister                                               
00000811  _Z11updateStatei                                               
000010bd  _Z12ADC0_ReadAvgh                                              
0000113d  _Z18setupNextInterrupti                                        
00000d71  _Z7GPIOIntv                                                    
00000ef9  _Z8ADCSetupv                                                   
00001035  _Z8StallIntv                                                   
00000609  _ZN16MosfetController5setupEjf                                 
000011b5  _ZN16MosfetController6allOffEv                                 
00001399  _ZN20ComparatorController19configComparatorIntE12ComparatorIDbj
000015cd  _ZN20ComparatorController20disableAllInterruptsEv              
00000e41  _ZN20ComparatorController5setupEPFvvE                          
20000470  __STACK_END                                                    
00000200  __STACK_SIZE                                                   
20000470  __STACK_TOP                                                    
00001940  __TI_CINIT_Base                                                
00001958  __TI_CINIT_Limit                                               
00001920  __TI_Handler_Table_Base                                        
0000192c  __TI_Handler_Table_Limit                                       
00001425  __TI_auto_init_nobinit_nopinit                                 
0000128d  __TI_decompress_lzss                                           
0000167b  __TI_decompress_none                                           
ffffffff  __TI_pprof_out_hndl                                            
ffffffff  __TI_prof_data_size                                            
ffffffff  __TI_prof_data_start                                           
00000000  __TI_static_base__                                             
000015e9  __TI_zero_init_nomemset                                        
00001469  __aeabi_d2uiz                                                  
00000b3d  __aeabi_ddiv                                                   
00000c73  __aeabi_dmul                                                   
00000f99  __aeabi_memcpy                                                 
00000f99  __aeabi_memcpy4                                                
00000f99  __aeabi_memcpy8                                                
000015ad  __aeabi_ui2d                                                   
ffffffff  __binit__                                                      
ffffffff  __c_args__                                                     
UNDEFED   __mpu_init                                                     
20000270  __stack                                                        
20000000  __start___llvm_prf_cnts                                        
20000000  __stop___llvm_prf_cnts                                         
0000154d  _c_int00_noargs                                                
UNDEFED   _system_post_cinit                                             
000016a1  _system_pre_init                                               
000016a5  abort                                                          
ffffffff  binit                                                          
2000059c  cl_locked                                                      
20000570  comps                                                          
20000470  dutys                                                          
200004ec  freqfase                                                       
20000000  g_pfnRAMVectors                                                
00000000  g_pfnVectors                                                   
0000026d  main                                                           
20000584  max_duty                                                       
00000f99  memcpy                                                         
20000588  min_duty                                                       
20000571  mosfets                                                        
20000598  moving                                                         
2000057c  potentiometer                                                  
20000580  pwm_freq                                                       
20000568  stallPeriod                                                    
20000578  stall_detect                                                   
20000594  started                                                        
2000058c  state                                                          
2000056c  ui32Period                                                     
200005a0  zc_detected_count                                              


GLOBAL SYMBOLS: SORTED BY Symbol Address 

address   name                                                           
-------   ----                                                           
00000000  __TI_static_base__                                             
00000000  g_pfnVectors                                                   
00000200  __STACK_SIZE                                                   
0000026d  main                                                           
00000609  _ZN16MosfetController5setupEjf                                 
00000811  _Z11updateStatei                                               
000009d1  GPIOPadConfigSet                                               
00000b3d  __aeabi_ddiv                                                   
00000c73  __aeabi_dmul                                                   
00000d71  _Z7GPIOIntv                                                    
00000e41  _ZN20ComparatorController5setupEPFvvE                          
00000ef9  _Z8ADCSetupv                                                   
00000f99  __aeabi_memcpy                                                 
00000f99  __aeabi_memcpy4                                                
00000f99  __aeabi_memcpy8                                                
00000f99  memcpy                                                         
00001035  _Z8StallIntv                                                   
000010bd  _Z12ADC0_ReadAvgh                                              
0000113d  _Z18setupNextInterrupti                                        
000011b5  _ZN16MosfetController6allOffEv                                 
00001225  IntEnable                                                      
0000128d  __TI_decompress_lzss                                           
000012f5  GPIOIntTypeSet                                                 
00001399  _ZN20ComparatorController19configComparatorIntE12ComparatorIDbj
00001425  __TI_auto_init_nobinit_nopinit                                 
00001469  __aeabi_d2uiz                                                  
000014ad  SysCtlPeripheralReady                                          
000014e5  IntRegister                                                    
00001519  SysCtlPeripheralEnable                                         
0000154d  _c_int00_noargs                                                
00001581  GPIODirModeSet                                                 
000015ad  __aeabi_ui2d                                                   
000015cd  _ZN20ComparatorController20disableAllInterruptsEv              
000015e9  __TI_zero_init_nomemset                                        
00001605  GPIOIntRegister                                                
0000161d  TimerIntRegister                                               
00001635  GPIOPinTypeGPIOInput                                           
0000164d  FPUEnable                                                      
0000165d  FPULazyStackingEnable                                          
0000166d  GPIOIntDisable                                                 
0000167b  __TI_decompress_none                                           
00001689  GPIOIntEnable                                                  
00001695  GPIOIntClear                                                   
0000169b  ResetISR                                                       
000016a1  _system_pre_init                                               
000016a5  C$$EXIT                                                        
000016a5  abort                                                          
00001920  __TI_Handler_Table_Base                                        
0000192c  __TI_Handler_Table_Limit                                       
00001940  __TI_CINIT_Base                                                
00001958  __TI_CINIT_Limit                                               
20000000  __start___llvm_prf_cnts                                        
20000000  __stop___llvm_prf_cnts                                         
20000000  g_pfnRAMVectors                                                
20000270  __stack                                                        
20000470  __STACK_END                                                    
20000470  __STACK_TOP                                                    
20000470  dutys                                                          
200004ec  freqfase                                                       
20000568  stallPeriod                                                    
2000056c  ui32Period                                                     
20000570  comps                                                          
20000571  mosfets                                                        
20000574  CLOSED_LOOP                                                    
20000578  stall_detect                                                   
2000057c  potentiometer                                                  
20000580  pwm_freq                                                       
20000584  max_duty                                                       
20000588  min_duty                                                       
2000058c  state                                                          
20000590  RiseFall                                                       
20000594  started                                                        
20000598  moving                                                         
2000059c  cl_locked                                                      
200005a0  zc_detected_count                                              
ffffffff  __TI_pprof_out_hndl                                            
ffffffff  __TI_prof_data_size                                            
ffffffff  __TI_prof_data_start                                           
ffffffff  __binit__                                                      
ffffffff  __c_args__                                                     
ffffffff  binit                                                          
UNDEFED   __mpu_init                                                     
UNDEFED   _system_post_cinit                                             

[83 symbols]
