******************************************************************************
                  TI ARM Linker PC v20.2.7                     
******************************************************************************
>> Linked Fri May 29 18:15:44 2026

OUTPUT FILE NAME:   <lse1.out>
ENTRY POINT SYMBOL: "_c_int00_noargs"  address: 00001c5d


MEMORY CONFIGURATION

         name            origin    length      used     unused   attr    fill
----------------------  --------  ---------  --------  --------  ----  --------
  FLASH                 00000000   00040000  000021b6  0003de4a  R  X
  SRAM                  20000000   00008000  000005ce  00007a32  RW X


SEGMENT ALLOCATION MAP

run origin  load origin   length   init length attrs members
----------  ----------- ---------- ----------- ----- -------
00000000    00000000    000021b8   000021b8    r-x
  00000000    00000000    0000026c   0000026c    r-- .intvecs
  0000026c    0000026c    00001bf2   00001bf2    r-x .text
  00001e60    00001e60    000002dc   000002dc    r-- .const
  0000213c    0000213c    00000004   00000004    r-- .init_array
  00002140    00002140    00000078   00000078    r-- .cinit
20000000    20000000    000005d4   00000000    rw-
  20000000    20000000    0000026c   00000000    rw- .vtable
  20000270    20000270    00000200   00000000    rw- .stack
  20000470    20000470    000000de   00000000    rw- .bss
  20000550    20000550    00000084   00000000    rw- .data


SECTION ALLOCATION MAP

 output                                  attributes/
section   page    origin      length       input sections
--------  ----  ----------  ----------   ----------------
.intvecs   0    00000000    0000026c     
                  00000000    0000026c     startup_ccs.obj (.intvecs)

.text      0    0000026c    00001bf2     
                  0000026c    000006f8     main.obj (.text:main)
                  00000964    0000026c     main.obj (.text:_Z7GPIOIntv)
                  00000bd0    00000208     mosfets.obj (.text:_ZN16MosfetController5setupEjf)
                  00000dd8    000001c0     main.obj (.text:_Z11updateStatei)
                  00000f98    0000016c     driverlib.lib : gpio.obj (.text:GPIOPadConfigSet)
                  00001104    00000136     rtsv7M4_T_le_v4SPD16_eabi.lib : fd_div_t2.asm.obj (.text)
                  0000123a    000000fc                                   : fd_mul_t2.asm.obj (.text)
                  00001336    00000002     startup_ccs.obj (.text:FaultISR)
                  00001338    000000ec     main.obj (.text:_Z8StallIntv)
                  00001424    000000b8     comparators.obj (.text:_ZN20ComparatorController5setupEPFvvE)
                  000014dc    000000a0     main.obj (.text:_Z8ADCSetupv)
                  0000157c    0000009c     rtsv7M4_T_le_v4SPD16_eabi.lib : memcpy_t2.asm.obj (.text)
                  00001618    00000094     main.obj (.text:_Z7initSPIv)
                  000016ac    0000008c     main.obj (.text:_Z17getRealRotorStatev)
                  00001738    00000080     main.obj (.text:_Z12ADC0_ReadAvgh)
                  000017b8    00000078     main.obj (.text:_Z18setupNextInterrupti)
                  00001830    00000068     driverlib.lib : interrupt.obj (.text:IntEnable)
                  00001898    00000068     rtsv7M4_T_le_v4SPD16_eabi.lib : copy_decompress_lzss.c.obj (.text:decompress:lzss:__TI_decompress_lzss)
                  00001900    00000060     main.obj (.text:_Z11TFaseToDutyf)
                  00001960    00000060     rtsv7M4_T_le_v4SPD16_eabi.lib : autoinit.c.obj (.text:__TI_auto_init_nobinit:__TI_auto_init_nobinit)
                  000019c0    00000058     driverlib.lib : gpio.obj (.text:GPIOIntTypeSet)
                  00001a18    0000004c                   : gpio.obj (.text:GPIOPinConfigure)
                  00001a64    0000004c                   : timer.obj (.text:_TimerIntNumberGet)
                  00001ab0    00000048     comparators.obj (.text:_ZN20ComparatorController19configComparatorIntE12ComparatorIDbj)
                  00001af8    00000044     driverlib.lib : gpio.obj (.text:_GPIOIntNumberGet)
                  00001b3c    00000044     rtsv7M4_T_le_v4SPD16_eabi.lib : fd_tou_t2.asm.obj (.text)
                  00001b80    0000003c     driverlib.lib : ssi.obj (.text:SSIConfigSetExpClk)
                  00001bbc    00000038                   : sysctl.obj (.text:SysCtlPeripheralReady)
                  00001bf4    00000034                   : interrupt.obj (.text:IntRegister)
                  00001c28    00000034                   : sysctl.obj (.text:SysCtlPeripheralEnable)
                  00001c5c    00000034     rtsv7M4_T_le_v4SPD16_eabi.lib : boot_cortex_m.c.obj (.text:_c_int00_noargs:_c_int00_noargs)
                  00001c90    0000002c     driverlib.lib : gpio.obj (.text:GPIODirModeSet)
                  00001cbc    0000002c     main.obj (.text:_Z3PIDffff)
                  00001ce8    00000028     main.obj (.text:_Z7readSPIPj)
                  00001d10    00000020     rtsv7M4_T_le_v4SPD16_eabi.lib : u_tofd_t2.asm.obj (.text)
                  00001d30    0000001c     comparators.obj (.text:_ZN20ComparatorController20disableAllInterruptsEv)
                  00001d4c    0000001c     rtsv7M4_T_le_v4SPD16_eabi.lib : copy_zero_init.c.obj (.text:decompress:ZI:__TI_zero_init_nomemset:__TI_zero_init_nomemset)
                  00001d68    00000018     driverlib.lib : gpio.obj (.text:GPIOIntRegister)
                  00001d80    00000018                   : timer.obj (.text:TimerIntRegister)
                  00001d98    00000016                   : gpio.obj (.text:GPIOPinTypeGPIOInput)
                  00001dae    00000016                   : gpio.obj (.text:GPIOPinTypeSSI)
                  00001dc4    00000014     main.obj (.text:__sti___8_main_cpp_3e244222)
                  00001dd8    00000012     driverlib.lib : ssi.obj (.text:SSIDataGetNonBlocking)
                  00001dea    00000002     startup_ccs.obj (.text:IntDefaultHandler)
                  00001dec    00000010     driverlib.lib : fpu.obj (.text:FPUEnable)
                  00001dfc    00000010                   : fpu.obj (.text:FPULazyStackingEnable)
                  00001e0c    0000000e                   : gpio.obj (.text:GPIOIntDisable)
                  00001e1a    0000000e     rtsv7M4_T_le_v4SPD16_eabi.lib : copy_decompress_none.c.obj (.text:decompress:none:__TI_decompress_none)
                  00001e28    0000000c     driverlib.lib : gpio.obj (.text:GPIOIntEnable)
                  00001e34    0000000a                   : ssi.obj (.text:SSIDisable)
                  00001e3e    0000000a                   : ssi.obj (.text:SSIEnable)
                  00001e48    00000006                   : gpio.obj (.text:GPIOIntClear)
                  00001e4e    00000006     startup_ccs.obj (.text:ResetISR)
                  00001e54    00000004     rtsv7M4_T_le_v4SPD16_eabi.lib : pre_init.c.obj (.text:_system_pre_init)
                  00001e58    00000004                                   : exit.c.obj (.text:abort:abort)
                  00001e5c    00000002     startup_ccs.obj (.text:NmiSR)

.const     0    00001e60    000002dc     
                  00001e60    000000d8     driverlib.lib : gpio.obj (.const:g_ppui32GPIOIntMapSnowflake)
                  00001f38    000000c0                   : gpio.obj (.const:g_ppui32GPIOIntMapBlizzard)
                  00001ff8    00000090                   : gpio.obj (.const:g_pui32GPIOBaseAddrs)
                  00002088    00000060                   : timer.obj (.const:g_ppui32TimerIntMap)
                  000020e8    00000040                   : timer.obj (.const:g_ppui32TimerIntMapSnowflake)
                  00002128    00000014                   : interrupt.obj (.const:g_pui32EnRegs)

.cinit     0    00002140    00000078     
                  00002140    00000043     (.cinit..data.load) [load image, compression = lzss]
                  00002183    00000001     --HOLE-- [fill = 0]
                  00002184    0000000c     (__TI_handler_table)
                  00002190    00000008     (.cinit..bss.load) [load image, compression = zero_init]
                  00002198    00000008     (.cinit..vtable.load) [load image, compression = zero_init]
                  000021a0    00000018     (__TI_cinit_table)

.init_array 
*          0    0000213c    00000004     
                  0000213c    00000004     main.obj (.init_array)

.vtable    0    20000000    0000026c     UNINITIALIZED
                  20000000    0000026c     driverlib.lib : interrupt.obj (.vtable)

.bss       0    20000470    000000de     UNINITIALIZED
                  20000470    00000068     (.common:dutys)
                  200004d8    00000068     (.common:freqfase)
                  20000540    00000004     main.obj (.bss)
                  20000544    00000004     (.common:stallPeriod)
                  20000548    00000004     (.common:ui32Period)
                  2000054c    00000001     (.common:comps)
                  2000054d    00000001     (.common:mosfets)

.data      0    20000550    00000084     UNINITIALIZED
                  20000550    00000084     main.obj (.data)

.stack     0    20000270    00000200     UNINITIALIZED
                  20000270    00000004     rtsv7M4_T_le_v4SPD16_eabi.lib : boot_cortex_m.c.obj (.stack)
                  20000274    000001fc     --HOLE--

__llvm_prf_cnts 
*          0    20000000    00000000     UNINITIALIZED

.binit     0    00000000    00000000     

MODULE SUMMARY

       Module                       code   ro data   rw data
       ------                       ----   -------   -------
    .\
       main.obj                     3984   4         354    
       startup_ccs.obj              12     620       0      
       mosfets.obj                  520    0         0      
       comparators.obj              284    0         0      
    +--+----------------------------+------+---------+---------+
       Total:                       4800   624       354    
                                                            
    C:/ti/TivaWare_C_Series-2.2.0.295/driverlib/ccs/Debug/driverlib.lib
       gpio.obj                     740    552       0      
       interrupt.obj                156    20        620    
       timer.obj                    100    160       0      
       sysctl.obj                   108    0         0      
       ssi.obj                      98     0         0      
       fpu.obj                      32     0         0      
    +--+----------------------------+------+---------+---------+
       Total:                       1234   732       620    
                                                            
    C:\ti\ccs1280\ccs\tools\compiler\ti-cgt-arm_20.2.7.LTS\lib\rtsv7M4_T_le_v4SPD16_eabi.lib
       fd_div_t2.asm.obj            310    0         0      
       fd_mul_t2.asm.obj            252    0         0      
       memcpy_t2.asm.obj            156    0         0      
       copy_decompress_lzss.c.obj   104    0         0      
       autoinit.c.obj               96     0         0      
       fd_tou_t2.asm.obj            68     0         0      
       boot_cortex_m.c.obj          52     0         0      
       u_tofd_t2.asm.obj            32     0         0      
       copy_zero_init.c.obj         28     0         0      
       copy_decompress_none.c.obj   14     0         0      
       exit.c.obj                   4      0         0      
       pre_init.c.obj               4      0         0      
    +--+----------------------------+------+---------+---------+
       Total:                       1120   0         0      
                                                            
       Stack:                       0      0         512    
       Linker Generated:            0      119       0      
    +--+----------------------------+------+---------+---------+
       Grand Total:                 7154   1475      1486   


LINKER GENERATED COPY TABLES

__TI_cinit_table @ 000021a0 records: 3, size/record: 8, table size: 24
	.data: load addr=00002140, load size=00000043 bytes, run addr=20000550, run size=00000084 bytes, compression=lzss
	.bss: load addr=00002190, load size=00000008 bytes, run addr=20000470, run size=000000de bytes, compression=zero_init
	.vtable: load addr=00002198, load size=00000008 bytes, run addr=20000000, run size=0000026c bytes, compression=zero_init


LINKER GENERATED HANDLER TABLE

__TI_handler_table @ 00002184 records: 3, size/record: 4, table size: 12
	index: 0, handler: __TI_zero_init
	index: 1, handler: __TI_decompress_lzss
	index: 2, handler: __TI_decompress_none


GLOBAL SYMBOLS: SORTED ALPHABETICALLY BY Name 

address   name                                                           
-------   ----                                                           
00001e59  C$$EXIT                                                        
20000550  CLOSED_LOOP                                                    
20000584  DutyMaxLim                                                     
20000580  DutyMinLim                                                     
00001ded  FPUEnable                                                      
00001dfd  FPULazyStackingEnable                                          
00001c91  GPIODirModeSet                                                 
00001e49  GPIOIntClear                                                   
00001e0d  GPIOIntDisable                                                 
00001e29  GPIOIntEnable                                                  
00001d69  GPIOIntRegister                                                
000019c1  GPIOIntTypeSet                                                 
00000f99  GPIOPadConfigSet                                               
00001a19  GPIOPinConfigure                                               
00001d99  GPIOPinTypeGPIOInput                                           
00001daf  GPIOPinTypeSSI                                                 
00001831  IntEnable                                                      
00001bf5  IntRegister                                                    
20000590  NoLoadDuty                                                     
20000594  PID_Duty                                                       
2000055c  PID_control                                                    
00001e4f  ResetISR                                                       
200005b8  RiseFall                                                       
0000213c  SHT$$INIT_ARRAY$$Base                                          
00002140  SHT$$INIT_ARRAY$$Limit                                         
20000560  SPI                                                            
00001b81  SSIConfigSetExpClk                                             
00001dd9  SSIDataGetNonBlocking                                          
00001e35  SSIDisable                                                     
00001e3f  SSIEnable                                                      
00001c29  SysCtlPeripheralEnable                                         
00001bbd  SysCtlPeripheralReady                                          
20000588  TFaseMax                                                       
2000058c  TFaseMin                                                       
00001d81  TimerIntRegister                                               
00001901  _Z11TFaseToDutyf                                               
00000dd9  _Z11updateStatei                                               
00001739  _Z12ADC0_ReadAvgh                                              
000016ad  _Z17getRealRotorStatev                                         
000017b9  _Z18setupNextInterrupti                                        
00001cbd  _Z3PIDffff                                                     
00000965  _Z7GPIOIntv                                                    
00001619  _Z7initSPIv                                                    
00001ce9  _Z7readSPIPj                                                   
000014dd  _Z8ADCSetupv                                                   
00001339  _Z8StallIntv                                                   
00000bd1  _ZN16MosfetController5setupEjf                                 
00001ab1  _ZN20ComparatorController19configComparatorIntE12ComparatorIDbj
00001d31  _ZN20ComparatorController20disableAllInterruptsEv              
00001425  _ZN20ComparatorController5setupEPFvvE                          
20000470  __STACK_END                                                    
00000200  __STACK_SIZE                                                   
20000470  __STACK_TOP                                                    
000021a0  __TI_CINIT_Base                                                
000021b8  __TI_CINIT_Limit                                               
00002184  __TI_Handler_Table_Base                                        
00002190  __TI_Handler_Table_Limit                                       
00001961  __TI_auto_init_nobinit                                         
00001899  __TI_decompress_lzss                                           
00001e1b  __TI_decompress_none                                           
ffffffff  __TI_pprof_out_hndl                                            
ffffffff  __TI_prof_data_size                                            
ffffffff  __TI_prof_data_start                                           
00000000  __TI_static_base__                                             
00001d4d  __TI_zero_init_nomemset                                        
00001b3d  __aeabi_d2uiz                                                  
00001105  __aeabi_ddiv                                                   
0000123b  __aeabi_dmul                                                   
0000157d  __aeabi_memcpy                                                 
0000157d  __aeabi_memcpy4                                                
0000157d  __aeabi_memcpy8                                                
00001d11  __aeabi_ui2d                                                   
ffffffff  __binit__                                                      
ffffffff  __c_args__                                                     
UNDEFED   __mpu_init                                                     
20000270  __stack                                                        
20000000  __start___llvm_prf_cnts                                        
00001dc5  __sti___8_main_cpp_3e244222                                    
20000000  __stop___llvm_prf_cnts                                         
00001c5d  _c_int00_noargs                                                
UNDEFED   _system_post_cinit                                             
00001e55  _system_pre_init                                               
00001e59  abort                                                          
200005c8  adc_val                                                        
ffffffff  binit                                                          
200005cc  cl_locked                                                      
20000578  commutation_error_count                                        
2000054c  comps                                                          
20000598  counter                                                        
200005b0  current_duty_percent                                           
2000059c  cycleTime                                                      
20000470  dutys                                                          
200005a4  errAcum                                                        
200005a8  errPrev                                                        
200005a0  error                                                          
200004d8  freqfase                                                       
20000000  g_pfnRAMVectors                                                
00000000  g_pfnVectors                                                   
200005ac  int_setpoint                                                   
20000574  isr_execution_count                                            
20000564  legacy                                                         
0000026d  main                                                           
2000057c  measuredTicks                                                  
0000157d  memcpy                                                         
2000054d  mosfets                                                        
200005c0  moving                                                         
20000558  potentiometer                                                  
2000056c  pwm_freq                                                       
20000570  readDuty                                                       
20000540  setpoint                                                       
20000568  spi_rx_count                                                   
20000544  stallPeriod                                                    
20000554  stall_detect                                                   
200005bc  started                                                        
200005b4  state                                                          
200005c4  target_ticks                                                   
20000548  ui32Period                                                     
200005d0  zc_detected_count                                              


GLOBAL SYMBOLS: SORTED BY Symbol Address 

address   name                                                           
-------   ----                                                           
00000000  __TI_static_base__                                             
00000000  g_pfnVectors                                                   
00000200  __STACK_SIZE                                                   
0000026d  main                                                           
00000965  _Z7GPIOIntv                                                    
00000bd1  _ZN16MosfetController5setupEjf                                 
00000dd9  _Z11updateStatei                                               
00000f99  GPIOPadConfigSet                                               
00001105  __aeabi_ddiv                                                   
0000123b  __aeabi_dmul                                                   
00001339  _Z8StallIntv                                                   
00001425  _ZN20ComparatorController5setupEPFvvE                          
000014dd  _Z8ADCSetupv                                                   
0000157d  __aeabi_memcpy                                                 
0000157d  __aeabi_memcpy4                                                
0000157d  __aeabi_memcpy8                                                
0000157d  memcpy                                                         
00001619  _Z7initSPIv                                                    
000016ad  _Z17getRealRotorStatev                                         
00001739  _Z12ADC0_ReadAvgh                                              
000017b9  _Z18setupNextInterrupti                                        
00001831  IntEnable                                                      
00001899  __TI_decompress_lzss                                           
00001901  _Z11TFaseToDutyf                                               
00001961  __TI_auto_init_nobinit                                         
000019c1  GPIOIntTypeSet                                                 
00001a19  GPIOPinConfigure                                               
00001ab1  _ZN20ComparatorController19configComparatorIntE12ComparatorIDbj
00001b3d  __aeabi_d2uiz                                                  
00001b81  SSIConfigSetExpClk                                             
00001bbd  SysCtlPeripheralReady                                          
00001bf5  IntRegister                                                    
00001c29  SysCtlPeripheralEnable                                         
00001c5d  _c_int00_noargs                                                
00001c91  GPIODirModeSet                                                 
00001cbd  _Z3PIDffff                                                     
00001ce9  _Z7readSPIPj                                                   
00001d11  __aeabi_ui2d                                                   
00001d31  _ZN20ComparatorController20disableAllInterruptsEv              
00001d4d  __TI_zero_init_nomemset                                        
00001d69  GPIOIntRegister                                                
00001d81  TimerIntRegister                                               
00001d99  GPIOPinTypeGPIOInput                                           
00001daf  GPIOPinTypeSSI                                                 
00001dc5  __sti___8_main_cpp_3e244222                                    
00001dd9  SSIDataGetNonBlocking                                          
00001ded  FPUEnable                                                      
00001dfd  FPULazyStackingEnable                                          
00001e0d  GPIOIntDisable                                                 
00001e1b  __TI_decompress_none                                           
00001e29  GPIOIntEnable                                                  
00001e35  SSIDisable                                                     
00001e3f  SSIEnable                                                      
00001e49  GPIOIntClear                                                   
00001e4f  ResetISR                                                       
00001e55  _system_pre_init                                               
00001e59  C$$EXIT                                                        
00001e59  abort                                                          
0000213c  SHT$$INIT_ARRAY$$Base                                          
00002140  SHT$$INIT_ARRAY$$Limit                                         
00002184  __TI_Handler_Table_Base                                        
00002190  __TI_Handler_Table_Limit                                       
000021a0  __TI_CINIT_Base                                                
000021b8  __TI_CINIT_Limit                                               
20000000  __start___llvm_prf_cnts                                        
20000000  __stop___llvm_prf_cnts                                         
20000000  g_pfnRAMVectors                                                
20000270  __stack                                                        
20000470  __STACK_END                                                    
20000470  __STACK_TOP                                                    
20000470  dutys                                                          
200004d8  freqfase                                                       
20000540  setpoint                                                       
20000544  stallPeriod                                                    
20000548  ui32Period                                                     
2000054c  comps                                                          
2000054d  mosfets                                                        
20000550  CLOSED_LOOP                                                    
20000554  stall_detect                                                   
20000558  potentiometer                                                  
2000055c  PID_control                                                    
20000560  SPI                                                            
20000564  legacy                                                         
20000568  spi_rx_count                                                   
2000056c  pwm_freq                                                       
20000570  readDuty                                                       
20000574  isr_execution_count                                            
20000578  commutation_error_count                                        
2000057c  measuredTicks                                                  
20000580  DutyMinLim                                                     
20000584  DutyMaxLim                                                     
20000588  TFaseMax                                                       
2000058c  TFaseMin                                                       
20000590  NoLoadDuty                                                     
20000594  PID_Duty                                                       
20000598  counter                                                        
2000059c  cycleTime                                                      
200005a0  error                                                          
200005a4  errAcum                                                        
200005a8  errPrev                                                        
200005ac  int_setpoint                                                   
200005b0  current_duty_percent                                           
200005b4  state                                                          
200005b8  RiseFall                                                       
200005bc  started                                                        
200005c0  moving                                                         
200005c4  target_ticks                                                   
200005c8  adc_val                                                        
200005cc  cl_locked                                                      
200005d0  zc_detected_count                                              
ffffffff  __TI_pprof_out_hndl                                            
ffffffff  __TI_prof_data_size                                            
ffffffff  __TI_prof_data_start                                           
ffffffff  __binit__                                                      
ffffffff  __c_args__                                                     
ffffffff  binit                                                          
UNDEFED   __mpu_init                                                     
UNDEFED   _system_post_cinit                                             

[118 symbols]
