******************************************************************************
                  TI ARM Linker PC v20.2.7                     
******************************************************************************
>> Linked Tue Jan 27 18:37:20 2026

OUTPUT FILE NAME:   <lse1.out>
ENTRY POINT SYMBOL: "_c_int00_noargs"  address: 000017ad


MEMORY CONFIGURATION

         name            origin    length      used     unused   attr    fill
----------------------  --------  ---------  --------  --------  ----  --------
  FLASH                 00000000   00040000  00001bb6  0003e44a  R  X
  SRAM                  20000000   00008000  000005a6  00007a5a  RW X


SEGMENT ALLOCATION MAP

run origin  load origin   length   init length attrs members
----------  ----------- ---------- ----------- ----- -------
00000000    00000000    00001bb8   00001bb8    r-x
  00000000    00000000    0000026c   0000026c    r-- .intvecs
  0000026c    0000026c    0000169e   0000169e    r-x .text
  0000190c    0000190c    0000024c   0000024c    r-- .const
  00001b58    00001b58    00000060   00000060    r-- .cinit
20000000    20000000    000005ac   00000000    rw-
  20000000    20000000    0000026c   00000000    rw- .vtable
  20000270    20000270    00000200   00000000    rw- .stack
  20000470    20000470    00000102   00000000    rw- .bss
  20000574    20000574    00000038   00000000    rw- .data


SECTION ALLOCATION MAP

 output                                  attributes/
section   page    origin      length       input sections
--------  ----  ----------  ----------   ----------------
.intvecs   0    00000000    0000026c     
                  00000000    0000026c     startup_ccs.obj (.intvecs)

.text      0    0000026c    0000169e     
                  0000026c    00000530     main.obj (.text:main)
                  0000079c    00000208     mosfets.obj (.text:_ZN16MosfetController5setupEjf)
                  000009a4    000001c0     main.obj (.text:_Z11updateStatei)
                  00000b64    0000016c     driverlib.lib : gpio.obj (.text:GPIOPadConfigSet)
                  00000cd0    00000136     rtsv7M4_T_le_v4SPD16_eabi.lib : fd_div_t2.asm.obj (.text)
                  00000e06    00000002     startup_ccs.obj (.text:FaultISR)
                  00000e08    0000011c     main.obj (.text:_Z7GPIOIntv)
                  00000f24    000000fc     rtsv7M4_T_le_v4SPD16_eabi.lib : fd_mul_t2.asm.obj (.text)
                  00001020    000000ec     main.obj (.text:_Z8StallIntv)
                  0000110c    000000b8     comparators.obj (.text:_ZN20ComparatorController5setupEPFvvE)
                  000011c4    000000a0     main.obj (.text:_Z8ADCSetupv)
                  00001264    0000009c     rtsv7M4_T_le_v4SPD16_eabi.lib : memcpy_t2.asm.obj (.text)
                  00001300    0000008c     main.obj (.text:_Z17getRealRotorStatev)
                  0000138c    00000080     main.obj (.text:_Z12ADC0_ReadAvgh)
                  0000140c    00000078     main.obj (.text:_Z18setupNextInterrupti)
                  00001484    00000068     driverlib.lib : interrupt.obj (.text:IntEnable)
                  000014ec    00000068     rtsv7M4_T_le_v4SPD16_eabi.lib : copy_decompress_lzss.c.obj (.text:decompress:lzss:__TI_decompress_lzss)
                  00001554    00000058     driverlib.lib : gpio.obj (.text:GPIOIntTypeSet)
                  000015ac    0000004c                   : timer.obj (.text:_TimerIntNumberGet)
                  000015f8    00000048     comparators.obj (.text:_ZN20ComparatorController19configComparatorIntE12ComparatorIDbj)
                  00001640    00000044     driverlib.lib : gpio.obj (.text:_GPIOIntNumberGet)
                  00001684    00000044     rtsv7M4_T_le_v4SPD16_eabi.lib : autoinit.c.obj (.text:__TI_auto_init_nobinit_nopinit:__TI_auto_init_nobinit_nopinit)
                  000016c8    00000044                                   : fd_tou_t2.asm.obj (.text)
                  0000170c    00000038     driverlib.lib : sysctl.obj (.text:SysCtlPeripheralReady)
                  00001744    00000034                   : interrupt.obj (.text:IntRegister)
                  00001778    00000034                   : sysctl.obj (.text:SysCtlPeripheralEnable)
                  000017ac    00000034     rtsv7M4_T_le_v4SPD16_eabi.lib : boot_cortex_m.c.obj (.text:_c_int00_noargs:_c_int00_noargs)
                  000017e0    0000002c     driverlib.lib : gpio.obj (.text:GPIODirModeSet)
                  0000180c    00000020     rtsv7M4_T_le_v4SPD16_eabi.lib : u_tofd_t2.asm.obj (.text)
                  0000182c    0000001c     comparators.obj (.text:_ZN20ComparatorController20disableAllInterruptsEv)
                  00001848    0000001c     rtsv7M4_T_le_v4SPD16_eabi.lib : copy_zero_init.c.obj (.text:decompress:ZI:__TI_zero_init_nomemset:__TI_zero_init_nomemset)
                  00001864    00000018     driverlib.lib : gpio.obj (.text:GPIOIntRegister)
                  0000187c    00000018                   : timer.obj (.text:TimerIntRegister)
                  00001894    00000016                   : gpio.obj (.text:GPIOPinTypeGPIOInput)
                  000018aa    00000002     startup_ccs.obj (.text:IntDefaultHandler)
                  000018ac    00000010     driverlib.lib : fpu.obj (.text:FPUEnable)
                  000018bc    00000010                   : fpu.obj (.text:FPULazyStackingEnable)
                  000018cc    0000000e                   : gpio.obj (.text:GPIOIntDisable)
                  000018da    0000000e     rtsv7M4_T_le_v4SPD16_eabi.lib : copy_decompress_none.c.obj (.text:decompress:none:__TI_decompress_none)
                  000018e8    0000000c     driverlib.lib : gpio.obj (.text:GPIOIntEnable)
                  000018f4    00000006                   : gpio.obj (.text:GPIOIntClear)
                  000018fa    00000006     startup_ccs.obj (.text:ResetISR)
                  00001900    00000004     rtsv7M4_T_le_v4SPD16_eabi.lib : pre_init.c.obj (.text:_system_pre_init)
                  00001904    00000004                                   : exit.c.obj (.text:abort:abort)
                  00001908    00000002     startup_ccs.obj (.text:NmiSR)

.const     0    0000190c    0000024c     
                  0000190c    000000d8     driverlib.lib : gpio.obj (.const:g_ppui32GPIOIntMapSnowflake)
                  000019e4    000000c0                   : gpio.obj (.const:g_ppui32GPIOIntMapBlizzard)
                  00001aa4    00000060                   : timer.obj (.const:g_ppui32TimerIntMap)
                  00001b04    00000040                   : timer.obj (.const:g_ppui32TimerIntMapSnowflake)
                  00001b44    00000014                   : interrupt.obj (.const:g_pui32EnRegs)

.cinit     0    00001b58    00000060     
                  00001b58    00000026     (.cinit..data.load) [load image, compression = lzss]
                  00001b7e    00000002     --HOLE-- [fill = 0]
                  00001b80    0000000c     (__TI_handler_table)
                  00001b8c    00000004     --HOLE-- [fill = 0]
                  00001b90    00000008     (.cinit..bss.load) [load image, compression = zero_init]
                  00001b98    00000008     (.cinit..vtable.load) [load image, compression = zero_init]
                  00001ba0    00000018     (__TI_cinit_table)

.init_array 
*          0    00000000    00000000     UNINITIALIZED

.vtable    0    20000000    0000026c     UNINITIALIZED
                  20000000    0000026c     driverlib.lib : interrupt.obj (.vtable)

.bss       0    20000470    00000102     UNINITIALIZED
                  20000470    0000007c     (.common:dutys)
                  200004ec    0000007c     (.common:freqfase)
                  20000568    00000004     (.common:stallPeriod)
                  2000056c    00000004     (.common:ui32Period)
                  20000570    00000001     (.common:comps)
                  20000571    00000001     (.common:mosfets)

.data      0    20000574    00000038     UNINITIALIZED
                  20000574    00000038     main.obj (.data)

.stack     0    20000270    00000200     UNINITIALIZED
                  20000270    00000004     rtsv7M4_T_le_v4SPD16_eabi.lib : boot_cortex_m.c.obj (.stack)
                  20000274    000001fc     --HOLE--

__llvm_prf_cnts 
*          0    20000000    00000000     UNINITIALIZED

.binit     0    00000000    00000000     

MODULE SUMMARY

       Module                       code   ro data   rw data
       ------                       ----   -------   -------
    .\
       main.obj                     2844   0         314    
       startup_ccs.obj              12     620       0      
       mosfets.obj                  520    0         0      
       comparators.obj              284    0         0      
    +--+----------------------------+------+---------+---------+
       Total:                       3660   620       314    
                                                            
    C:/ti/TivaWare_C_Series-2.2.0.295/driverlib/ccs/Debug/driverlib.lib
       gpio.obj                     642    408       0      
       interrupt.obj                156    20        620    
       timer.obj                    100    160       0      
       sysctl.obj                   108    0         0      
       fpu.obj                      32     0         0      
    +--+----------------------------+------+---------+---------+
       Total:                       1038   588       620    
                                                            
    C:\ti\ccs1280\ccs\tools\compiler\ti-cgt-arm_20.2.7.LTS\lib\rtsv7M4_T_le_v4SPD16_eabi.lib
       fd_div_t2.asm.obj            310    0         0      
       fd_mul_t2.asm.obj            252    0         0      
       memcpy_t2.asm.obj            156    0         0      
       copy_decompress_lzss.c.obj   104    0         0      
       autoinit.c.obj               68     0         0      
       fd_tou_t2.asm.obj            68     0         0      
       boot_cortex_m.c.obj          52     0         0      
       u_tofd_t2.asm.obj            32     0         0      
       copy_zero_init.c.obj         28     0         0      
       copy_decompress_none.c.obj   14     0         0      
       exit.c.obj                   4      0         0      
       pre_init.c.obj               4      0         0      
    +--+----------------------------+------+---------+---------+
       Total:                       1092   0         0      
                                                            
       Stack:                       0      0         512    
       Linker Generated:            0      90        0      
    +--+----------------------------+------+---------+---------+
       Grand Total:                 5790   1298      1446   


LINKER GENERATED COPY TABLES

__TI_cinit_table @ 00001ba0 records: 3, size/record: 8, table size: 24
	.data: load addr=00001b58, load size=00000026 bytes, run addr=20000574, run size=00000038 bytes, compression=lzss
	.bss: load addr=00001b90, load size=00000008 bytes, run addr=20000470, run size=00000102 bytes, compression=zero_init
	.vtable: load addr=00001b98, load size=00000008 bytes, run addr=20000000, run size=0000026c bytes, compression=zero_init


LINKER GENERATED HANDLER TABLE

__TI_handler_table @ 00001b80 records: 3, size/record: 4, table size: 12
	index: 0, handler: __TI_zero_init
	index: 1, handler: __TI_decompress_lzss
	index: 2, handler: __TI_decompress_none


GLOBAL SYMBOLS: SORTED ALPHABETICALLY BY Name 

address   name                                                           
-------   ----                                                           
00001905  C$$EXIT                                                        
20000574  CLOSED_LOOP                                                    
000018ad  FPUEnable                                                      
000018bd  FPULazyStackingEnable                                          
000017e1  GPIODirModeSet                                                 
000018f5  GPIOIntClear                                                   
000018cd  GPIOIntDisable                                                 
000018e9  GPIOIntEnable                                                  
00001865  GPIOIntRegister                                                
00001555  GPIOIntTypeSet                                                 
00000b65  GPIOPadConfigSet                                               
00001895  GPIOPinTypeGPIOInput                                           
00001485  IntEnable                                                      
00001745  IntRegister                                                    
000018fb  ResetISR                                                       
20000598  RiseFall                                                       
00001779  SysCtlPeripheralEnable                                         
0000170d  SysCtlPeripheralReady                                          
0000187d  TimerIntRegister                                               
000009a5  _Z11updateStatei                                               
0000138d  _Z12ADC0_ReadAvgh                                              
00001301  _Z17getRealRotorStatev                                         
0000140d  _Z18setupNextInterrupti                                        
00000e09  _Z7GPIOIntv                                                    
000011c5  _Z8ADCSetupv                                                   
00001021  _Z8StallIntv                                                   
0000079d  _ZN16MosfetController5setupEjf                                 
000015f9  _ZN20ComparatorController19configComparatorIntE12ComparatorIDbj
0000182d  _ZN20ComparatorController20disableAllInterruptsEv              
0000110d  _ZN20ComparatorController5setupEPFvvE                          
20000470  __STACK_END                                                    
00000200  __STACK_SIZE                                                   
20000470  __STACK_TOP                                                    
00001ba0  __TI_CINIT_Base                                                
00001bb8  __TI_CINIT_Limit                                               
00001b80  __TI_Handler_Table_Base                                        
00001b8c  __TI_Handler_Table_Limit                                       
00001685  __TI_auto_init_nobinit_nopinit                                 
000014ed  __TI_decompress_lzss                                           
000018db  __TI_decompress_none                                           
ffffffff  __TI_pprof_out_hndl                                            
ffffffff  __TI_prof_data_size                                            
ffffffff  __TI_prof_data_start                                           
00000000  __TI_static_base__                                             
00001849  __TI_zero_init_nomemset                                        
000016c9  __aeabi_d2uiz                                                  
00000cd1  __aeabi_ddiv                                                   
00000f25  __aeabi_dmul                                                   
00001265  __aeabi_memcpy                                                 
00001265  __aeabi_memcpy4                                                
00001265  __aeabi_memcpy8                                                
0000180d  __aeabi_ui2d                                                   
ffffffff  __binit__                                                      
ffffffff  __c_args__                                                     
UNDEFED   __mpu_init                                                     
20000270  __stack                                                        
20000000  __start___llvm_prf_cnts                                        
20000000  __stop___llvm_prf_cnts                                         
000017ad  _c_int00_noargs                                                
UNDEFED   _system_post_cinit                                             
00001901  _system_pre_init                                               
00001905  abort                                                          
ffffffff  binit                                                          
200005a4  cl_locked                                                      
20000590  commutation_error_count                                        
20000570  comps                                                          
20000470  dutys                                                          
200004ec  freqfase                                                       
20000000  g_pfnRAMVectors                                                
00000000  g_pfnVectors                                                   
2000058c  isr_execution_count                                            
0000026d  main                                                           
20000584  max_duty                                                       
00001265  memcpy                                                         
20000588  min_duty                                                       
20000571  mosfets                                                        
200005a0  moving                                                         
2000057c  potentiometer                                                  
20000580  pwm_freq                                                       
20000568  stallPeriod                                                    
20000578  stall_detect                                                   
2000059c  started                                                        
20000594  state                                                          
2000056c  ui32Period                                                     
200005a8  zc_detected_count                                              


GLOBAL SYMBOLS: SORTED BY Symbol Address 

address   name                                                           
-------   ----                                                           
00000000  __TI_static_base__                                             
00000000  g_pfnVectors                                                   
00000200  __STACK_SIZE                                                   
0000026d  main                                                           
0000079d  _ZN16MosfetController5setupEjf                                 
000009a5  _Z11updateStatei                                               
00000b65  GPIOPadConfigSet                                               
00000cd1  __aeabi_ddiv                                                   
00000e09  _Z7GPIOIntv                                                    
00000f25  __aeabi_dmul                                                   
00001021  _Z8StallIntv                                                   
0000110d  _ZN20ComparatorController5setupEPFvvE                          
000011c5  _Z8ADCSetupv                                                   
00001265  __aeabi_memcpy                                                 
00001265  __aeabi_memcpy4                                                
00001265  __aeabi_memcpy8                                                
00001265  memcpy                                                         
00001301  _Z17getRealRotorStatev                                         
0000138d  _Z12ADC0_ReadAvgh                                              
0000140d  _Z18setupNextInterrupti                                        
00001485  IntEnable                                                      
000014ed  __TI_decompress_lzss                                           
00001555  GPIOIntTypeSet                                                 
000015f9  _ZN20ComparatorController19configComparatorIntE12ComparatorIDbj
00001685  __TI_auto_init_nobinit_nopinit                                 
000016c9  __aeabi_d2uiz                                                  
0000170d  SysCtlPeripheralReady                                          
00001745  IntRegister                                                    
00001779  SysCtlPeripheralEnable                                         
000017ad  _c_int00_noargs                                                
000017e1  GPIODirModeSet                                                 
0000180d  __aeabi_ui2d                                                   
0000182d  _ZN20ComparatorController20disableAllInterruptsEv              
00001849  __TI_zero_init_nomemset                                        
00001865  GPIOIntRegister                                                
0000187d  TimerIntRegister                                               
00001895  GPIOPinTypeGPIOInput                                           
000018ad  FPUEnable                                                      
000018bd  FPULazyStackingEnable                                          
000018cd  GPIOIntDisable                                                 
000018db  __TI_decompress_none                                           
000018e9  GPIOIntEnable                                                  
000018f5  GPIOIntClear                                                   
000018fb  ResetISR                                                       
00001901  _system_pre_init                                               
00001905  C$$EXIT                                                        
00001905  abort                                                          
00001b80  __TI_Handler_Table_Base                                        
00001b8c  __TI_Handler_Table_Limit                                       
00001ba0  __TI_CINIT_Base                                                
00001bb8  __TI_CINIT_Limit                                               
20000000  __start___llvm_prf_cnts                                        
20000000  __stop___llvm_prf_cnts                                         
20000000  g_pfnRAMVectors                                                
20000270  __stack                                                        
20000470  __STACK_END                                                    
20000470  __STACK_TOP                                                    
20000470  dutys                                                          
200004ec  freqfase                                                       
20000568  stallPeriod                                                    
2000056c  ui32Period                                                     
20000570  comps                                                          
20000571  mosfets                                                        
20000574  CLOSED_LOOP                                                    
20000578  stall_detect                                                   
2000057c  potentiometer                                                  
20000580  pwm_freq                                                       
20000584  max_duty                                                       
20000588  min_duty                                                       
2000058c  isr_execution_count                                            
20000590  commutation_error_count                                        
20000594  state                                                          
20000598  RiseFall                                                       
2000059c  started                                                        
200005a0  moving                                                         
200005a4  cl_locked                                                      
200005a8  zc_detected_count                                              
ffffffff  __TI_pprof_out_hndl                                            
ffffffff  __TI_prof_data_size                                            
ffffffff  __TI_prof_data_start                                           
ffffffff  __binit__                                                      
ffffffff  __c_args__                                                     
ffffffff  binit                                                          
UNDEFED   __mpu_init                                                     
UNDEFED   _system_post_cinit                                             

[85 symbols]
