******************************************************************************
                  TI ARM Linker Unix v18.12.2                  
******************************************************************************
>> Linked Tue Aug  5 18:01:54 2025

OUTPUT FILE NAME:   <lse1.out>
ENTRY POINT SYMBOL: "_c_int00_noargs"  address: 00000a41


MEMORY CONFIGURATION

         name            origin    length      used     unused   attr    fill
----------------------  --------  ---------  --------  --------  ----  --------
  FLASH                 00000000   00040000  00000b52  0003f4ae  R  X
  SRAM                  20000000   00008000  00000205  00007dfb  RW X


SEGMENT ALLOCATION MAP

run origin  load origin   length   init length attrs members
----------  ----------- ---------- ----------- ----- -------
00000000    00000000    00000b58   00000b58    r-x
  00000000    00000000    0000026c   0000026c    r-- .intvecs
  0000026c    0000026c    0000084a   0000084a    r-x .text
  00000ab8    00000ab8    00000084   00000084    r-- .const
  00000b40    00000b40    00000018   00000018    r-- .cinit
20000000    20000000    00000205   00000000    rw-
  20000000    20000000    00000200   00000000    rw- .stack
  20000200    20000200    00000005   00000000    rw- .data


SECTION ALLOCATION MAP

 output                                  attributes/
section   page    origin      length       input sections
--------  ----  ----------  ----------   ----------------
.intvecs   0    00000000    0000026c     
                  00000000    0000026c     startup_ccs.obj (.intvecs)

.text      0    0000026c    0000084a     
                  0000026c    00000230     pwm_invert.obj (.text:main)
                  0000049c    000001ee     uartstdio.obj (.text:UARTvprintf)
                  0000068a    00000002     startup_ccs.obj (.text:FaultISR)
                  0000068c    00000118     driverlib.lib : sysctl.obj (.text:SysCtlClockGet)
                  000007a4    0000009c     rtsv7M4_T_le_v4SPD16_eabi.lib : memcpy_t2.asm.obj (.text)
                  00000840    00000068                                   : copy_decompress_lzss.c.obj (.text:decompress:lzss:__TI_decompress_lzss)
                  000008a8    00000064     pwm_invert.obj (.text:ConfigureUART)
                  0000090c    00000060     uartstdio.obj (.text:UARTStdioConfig)
                  0000096c    00000050     uartstdio.obj (.text:UARTwrite)
                  000009bc    00000044     rtsv7M4_T_le_v4SPD16_eabi.lib : autoinit.c.obj (.text:__TI_auto_init_nobinit_nopinit:__TI_auto_init_nobinit_nopinit)
                  00000a00    00000040                                   : u_divt2.asm.obj (.text)
                  00000a40    00000034                                   : boot_cortex_m.c.obj (.text:_c_int00_noargs:_c_int00_noargs)
                  00000a74    0000001a     uartstdio.obj (.text:UARTprintf)
                  00000a8e    0000000e     rtsv7M4_T_le_v4SPD16_eabi.lib : copy_decompress_none.c.obj (.text:decompress:none:__TI_decompress_none)
                  00000a9c    00000006     startup_ccs.obj (.text:ResetISR)
                  00000aa2    00000006     driverlib.lib : uart.obj (.text:UARTClockSourceSet)
                  00000aa8    00000004     rtsv7M4_T_le_v4SPD16_eabi.lib : pre_init.c.obj (.text:_system_pre_init)
                  00000aac    00000004                                   : exit.c.obj (.text:abort:abort)
                  00000ab0    00000002     startup_ccs.obj (.text:IntDefaultHandler)
                  00000ab2    00000002     startup_ccs.obj (.text:NmiSR)
                  00000ab4    00000002     rtsv7M4_T_le_v4SPD16_eabi.lib : div0.asm.obj (.text)

.const     0    00000ab8    00000084     
                  00000ab8    0000006c     driverlib.lib : sysctl.obj (.const:g_pui32Xtals)
                  00000b24    0000000c     uartstdio.obj (.const:g_ui32UARTBase)
                  00000b30    0000000c     uartstdio.obj (.const:g_ui32UARTPeriph)

.cinit     0    00000b40    00000018     
                  00000b40    00000008     (__TI_handler_table)
                  00000b48    00000007     (.cinit..data.load) [load image, compression = lzss]
                  00000b4f    00000001     --HOLE-- [fill = 0]
                  00000b50    00000008     (__TI_cinit_table)

.init_array 
*          0    00000000    00000000     UNINITIALIZED

.data      0    20000200    00000005     UNINITIALIZED
                  20000200    00000005     uartstdio.obj (.data)

.stack     0    20000000    00000200     UNINITIALIZED
                  20000000    00000004     rtsv7M4_T_le_v4SPD16_eabi.lib : boot_cortex_m.c.obj (.stack)
                  20000004    000001fc     --HOLE--

.binit     0    00000000    00000000     

MODULE SUMMARY

       Module                       code   ro data   rw data
       ------                       ----   -------   -------
    ./
       pwm_invert.obj               660    0         0      
       startup_ccs.obj              12     620       0      
    +--+----------------------------+------+---------+---------+
       Total:                       672    620       0      
                                                            
    ./utils/
       uartstdio.obj                696    24        5      
    +--+----------------------------+------+---------+---------+
       Total:                       696    24        5      
                                                            
    /home/adria/ti/TivaWare_C_Series-2.2.0.295/driverlib/ccs/Debug/driverlib.lib
       sysctl.obj                   280    108       0      
       uart.obj                     6      0         0      
    +--+----------------------------+------+---------+---------+
       Total:                       286    108       0      
                                                            
    /home/adria/ti/ti-cgt-arm_18.12.2.LTS/lib/rtsv7M4_T_le_v4SPD16_eabi.lib
       memcpy_t2.asm.obj            156    0         0      
       copy_decompress_lzss.c.obj   104    0         0      
       autoinit.c.obj               68     0         0      
       u_divt2.asm.obj              64     0         0      
       boot_cortex_m.c.obj          52     0         0      
       copy_decompress_none.c.obj   14     0         0      
       exit.c.obj                   4      0         0      
       pre_init.c.obj               4      0         0      
       div0.asm.obj                 2      0         0      
    +--+----------------------------+------+---------+---------+
       Total:                       468    0         0      
                                                            
       Stack:                       0      0         512    
       Linker Generated:            0      23        0      
    +--+----------------------------+------+---------+---------+
       Grand Total:                 2122   775       517    


LINKER GENERATED COPY TABLES

__TI_cinit_table @ 00000b50 records: 1, size/record: 8, table size: 8
	.data: load addr=00000b48, load size=00000007 bytes, run addr=20000200, run size=00000005 bytes, compression=lzss


LINKER GENERATED HANDLER TABLE

__TI_handler_table @ 00000b40 records: 2, size/record: 4, table size: 8
	index: 0, handler: __TI_decompress_lzss
	index: 1, handler: __TI_decompress_none


GLOBAL SYMBOLS: SORTED ALPHABETICALLY BY Name 

address   name                          
-------   ----                          
00000aad  C$$EXIT                       
000008a9  ConfigureUART                 
00000a9d  ResetISR                      
0000068d  SysCtlClockGet                
00000aa3  UARTClockSourceSet            
0000090d  UARTStdioConfig               
00000a75  UARTprintf                    
0000049d  UARTvprintf                   
0000096d  UARTwrite                     
20000200  __STACK_END                   
00000200  __STACK_SIZE                  
20000200  __STACK_TOP                   
00000b50  __TI_CINIT_Base               
00000b58  __TI_CINIT_Limit              
00000b40  __TI_Handler_Table_Base       
00000b48  __TI_Handler_Table_Limit      
000009bd  __TI_auto_init_nobinit_nopinit
00000841  __TI_decompress_lzss          
00000a8f  __TI_decompress_none          
ffffffff  __TI_pprof_out_hndl           
ffffffff  __TI_prof_data_size           
ffffffff  __TI_prof_data_start          
00000000  __TI_static_base__            
00000ab5  __aeabi_idiv0                 
00000ab5  __aeabi_ldiv0                 
000007a5  __aeabi_memcpy                
000007a5  __aeabi_memcpy4               
000007a5  __aeabi_memcpy8               
00000a01  __aeabi_uidiv                 
00000a01  __aeabi_uidivmod              
ffffffff  __binit__                     
ffffffff  __c_args__                    
UNDEFED   __mpu_init                    
20000000  __stack                       
00000a41  _c_int00_noargs               
UNDEFED   _system_post_cinit            
00000aa9  _system_pre_init              
00000aad  abort                         
ffffffff  binit                         
00000000  g_pfnVectors                  
0000026d  main                          
000007a5  memcpy                        


GLOBAL SYMBOLS: SORTED BY Symbol Address 

address   name                          
-------   ----                          
00000000  __TI_static_base__            
00000000  g_pfnVectors                  
00000200  __STACK_SIZE                  
0000026d  main                          
0000049d  UARTvprintf                   
0000068d  SysCtlClockGet                
000007a5  __aeabi_memcpy                
000007a5  __aeabi_memcpy4               
000007a5  __aeabi_memcpy8               
000007a5  memcpy                        
00000841  __TI_decompress_lzss          
000008a9  ConfigureUART                 
0000090d  UARTStdioConfig               
0000096d  UARTwrite                     
000009bd  __TI_auto_init_nobinit_nopinit
00000a01  __aeabi_uidiv                 
00000a01  __aeabi_uidivmod              
00000a41  _c_int00_noargs               
00000a75  UARTprintf                    
00000a8f  __TI_decompress_none          
00000a9d  ResetISR                      
00000aa3  UARTClockSourceSet            
00000aa9  _system_pre_init              
00000aad  C$$EXIT                       
00000aad  abort                         
00000ab5  __aeabi_idiv0                 
00000ab5  __aeabi_ldiv0                 
00000b40  __TI_Handler_Table_Base       
00000b48  __TI_Handler_Table_Limit      
00000b50  __TI_CINIT_Base               
00000b58  __TI_CINIT_Limit              
20000000  __stack                       
20000200  __STACK_END                   
20000200  __STACK_TOP                   
ffffffff  __TI_pprof_out_hndl           
ffffffff  __TI_prof_data_size           
ffffffff  __TI_prof_data_start          
ffffffff  __binit__                     
ffffffff  __c_args__                    
ffffffff  binit                         
UNDEFED   __mpu_init                    
UNDEFED   _system_post_cinit            

[42 symbols]
