******************************************************************************
                  TI ARM Linker Unix v20.2.7                   
******************************************************************************
>> Linked Wed Jan 28 17:04:37 2026

OUTPUT FILE NAME:   <lse1.out>
ENTRY POINT SYMBOL: "_c_int00_noargs"  address: 000019bd


MEMORY CONFIGURATION

         name            origin    length      used     unused   attr    fill
----------------------  --------  ---------  --------  --------  ----  --------
  FLASH                 00000000   00040000  00001dcc  0003e234  R  X
  SRAM                  20000000   00008000  000005be  00007a42  RW X


SEGMENT ALLOCATION MAP

run origin  load origin   length   init length attrs members
----------  ----------- ---------- ----------- ----- -------
00000000    00000000    00001dd0   00001dd0    r-x
  00000000    00000000    0000026c   0000026c    r-- .intvecs
  0000026c    0000026c    000018ac   000018ac    r-x .text
  00001b18    00001b18    0000024c   0000024c    r-- .const
  00001d68    00001d68    00000068   00000068    r-- .cinit
20000000    20000000    000005c4   00000000    rw-
  20000000    20000000    0000026c   00000000    rw- .vtable
  20000270    20000270    00000200   00000000    rw- .stack
  20000470    20000470    00000106   00000000    rw- .bss
  20000578    20000578    0000004c   00000000    rw- .data


SECTION ALLOCATION MAP

 output                                  attributes/
section   page    origin      length       input sections
--------  ----  ----------  ----------   ----------------
.intvecs   0    00000000    0000026c     
                  00000000    0000026c     startup_ccs.obj (.intvecs)

.text      0    0000026c    000018ac     
                  0000026c    00000594     main.obj (.text:main)
                  00000800    00000208     main.obj (.text:_Z7GPIOIntv)
                  00000a08    00000208     mosfets.obj (.text:_ZN16MosfetController5setupEjf)
                  00000c10    000001c0     main.obj (.text:_Z11updateStatei)
                  00000dd0    0000016c     driverlib.lib : gpio.obj (.text:GPIOPadConfigSet)
                  00000f3c    00000136     rtsv7M4_T_le_v4SPD16_eabi.lib : fd_div_t2.asm.obj (.text)
                  00001072    000000fc                                   : fd_mul_t2.asm.obj (.text)
                  0000116e    00000002     startup_ccs.obj (.text:FaultISR)
                  00001170    000000ec     main.obj (.text:_Z8StallIntv)
                  0000125c    000000b8     comparators.obj (.text:_ZN20ComparatorController5setupEPFvvE)
                  00001314    000000a0     main.obj (.text:_Z8ADCSetupv)
                  000013b4    0000009c     rtsv7M4_T_le_v4SPD16_eabi.lib : memcpy_t2.asm.obj (.text)
                  00001450    0000008c     main.obj (.text:_Z17getRealRotorStatev)
                  000014dc    00000086     rtsv7M4_T_le_v4SPD16_eabi.lib : fd_cmp_t2.asm.obj (.text:__aeabi_cdrcmple)
                  00001562    00000002     startup_ccs.obj (.text:IntDefaultHandler)
                  00001564    00000080     main.obj (.text:_Z12ADC0_ReadAvgh)
                  000015e4    00000078     main.obj (.text:_Z18setupNextInterrupti)
                  0000165c    00000068     driverlib.lib : interrupt.obj (.text:IntEnable)
                  000016c4    00000068     rtsv7M4_T_le_v4SPD16_eabi.lib : copy_decompress_lzss.c.obj (.text:decompress:lzss:__TI_decompress_lzss)
                  0000172c    00000058     driverlib.lib : gpio.obj (.text:GPIOIntTypeSet)
                  00001784    0000004c                   : timer.obj (.text:_TimerIntNumberGet)
                  000017d0    00000048     comparators.obj (.text:_ZN20ComparatorController19configComparatorIntE12ComparatorIDbj)
                  00001818    00000044     driverlib.lib : gpio.obj (.text:_GPIOIntNumberGet)
                  0000185c    00000044     rtsv7M4_T_le_v4SPD16_eabi.lib : autoinit.c.obj (.text:__TI_auto_init_nobinit_nopinit:__TI_auto_init_nobinit_nopinit)
                  000018a0    00000044                                   : fd_tou_t2.asm.obj (.text)
                  000018e4    00000038     driverlib.lib : sysctl.obj (.text:SysCtlPeripheralReady)
                  0000191c    00000038     rtsv7M4_T_le_v4SPD16_eabi.lib : fs_tod_t2.asm.obj (.text)
                  00001954    00000034     driverlib.lib : interrupt.obj (.text:IntRegister)
                  00001988    00000034                   : sysctl.obj (.text:SysCtlPeripheralEnable)
                  000019bc    00000034     rtsv7M4_T_le_v4SPD16_eabi.lib : boot_cortex_m.c.obj (.text:_c_int00_noargs:_c_int00_noargs)
                  000019f0    0000002c     driverlib.lib : gpio.obj (.text:GPIODirModeSet)
                  00001a1c    00000020     rtsv7M4_T_le_v4SPD16_eabi.lib : u_tofd_t2.asm.obj (.text)
                  00001a3c    0000001c     comparators.obj (.text:_ZN20ComparatorController20disableAllInterruptsEv)
                  00001a58    0000001c     rtsv7M4_T_le_v4SPD16_eabi.lib : copy_zero_init.c.obj (.text:decompress:ZI:__TI_zero_init_nomemset:__TI_zero_init_nomemset)
                  00001a74    00000018     driverlib.lib : gpio.obj (.text:GPIOIntRegister)
                  00001a8c    00000018                   : timer.obj (.text:TimerIntRegister)
                  00001aa4    00000016                   : gpio.obj (.text:GPIOPinTypeGPIOInput)
                  00001aba    00000002     startup_ccs.obj (.text:NmiSR)
                  00001abc    00000010     driverlib.lib : fpu.obj (.text:FPUEnable)
                  00001acc    00000010                   : fpu.obj (.text:FPULazyStackingEnable)
                  00001adc    0000000e                   : gpio.obj (.text:GPIOIntDisable)
                  00001aea    0000000e     rtsv7M4_T_le_v4SPD16_eabi.lib : copy_decompress_none.c.obj (.text:decompress:none:__TI_decompress_none)
                  00001af8    0000000c     driverlib.lib : gpio.obj (.text:GPIOIntEnable)
                  00001b04    00000006                   : gpio.obj (.text:GPIOIntClear)
                  00001b0a    00000006     startup_ccs.obj (.text:ResetISR)
                  00001b10    00000004     rtsv7M4_T_le_v4SPD16_eabi.lib : pre_init.c.obj (.text:_system_pre_init)
                  00001b14    00000004                                   : exit.c.obj (.text:abort:abort)

.const     0    00001b18    0000024c     
                  00001b18    000000d8     driverlib.lib : gpio.obj (.const:g_ppui32GPIOIntMapSnowflake)
                  00001bf0    000000c0                   : gpio.obj (.const:g_ppui32GPIOIntMapBlizzard)
                  00001cb0    00000060                   : timer.obj (.const:g_ppui32TimerIntMap)
                  00001d10    00000040                   : timer.obj (.const:g_ppui32TimerIntMapSnowflake)
                  00001d50    00000014                   : interrupt.obj (.const:g_pui32EnRegs)

.cinit     0    00001d68    00000068     
                  00001d68    00000034     (.cinit..data.load) [load image, compression = lzss]
                  00001d9c    0000000c     (__TI_handler_table)
                  00001da8    00000008     (.cinit..bss.load) [load image, compression = zero_init]
                  00001db0    00000008     (.cinit..vtable.load) [load image, compression = zero_init]
                  00001db8    00000018     (__TI_cinit_table)

.init_array 
*          0    00000000    00000000     UNINITIALIZED

.vtable    0    20000000    0000026c     UNINITIALIZED
                  20000000    0000026c     driverlib.lib : interrupt.obj (.vtable)

.bss       0    20000470    00000106     UNINITIALIZED
                  20000470    0000007c     (.common:dutys)
                  200004ec    0000007c     (.common:freqfase)
                  20000568    00000004     (.common:delay_loops)
                  2000056c    00000004     (.common:stallPeriod)
                  20000570    00000004     (.common:ui32Period)
                  20000574    00000001     (.common:comps)
                  20000575    00000001     (.common:mosfets)

.data      0    20000578    0000004c     UNINITIALIZED
                  20000578    0000004c     main.obj (.data)

.stack     0    20000270    00000200     UNINITIALIZED
                  20000270    00000004     rtsv7M4_T_le_v4SPD16_eabi.lib : boot_cortex_m.c.obj (.stack)
                  20000274    000001fc     --HOLE--

__llvm_prf_cnts 
*          0    20000000    00000000     UNINITIALIZED

.binit     0    00000000    00000000     

MODULE SUMMARY

       Module                       code   ro data   rw data
       ------                       ----   -------   -------
    ./
       main.obj                     3180   0         338    
       startup_ccs.obj              12     620       0      
       mosfets.obj                  520    0         0      
       comparators.obj              284    0         0      
    +--+----------------------------+------+---------+---------+
       Total:                       3996   620       338    
                                                            
    /var/home/adria/ti/TivaWare_C_Series-2.2.0.295/driverlib/ccs/Debug/driverlib.lib
       gpio.obj                     642    408       0      
       interrupt.obj                156    20        620    
       timer.obj                    100    160       0      
       sysctl.obj                   108    0         0      
       fpu.obj                      32     0         0      
    +--+----------------------------+------+---------+---------+
       Total:                       1038   588       620    
                                                            
    /var/home/adria/ti/ccs1281/ccs/tools/compiler/ti-cgt-arm_20.2.7.LTS/lib/rtsv7M4_T_le_v4SPD16_eabi.lib
       fd_div_t2.asm.obj            310    0         0      
       fd_mul_t2.asm.obj            252    0         0      
       memcpy_t2.asm.obj            156    0         0      
       fd_cmp_t2.asm.obj            134    0         0      
       copy_decompress_lzss.c.obj   104    0         0      
       autoinit.c.obj               68     0         0      
       fd_tou_t2.asm.obj            68     0         0      
       fs_tod_t2.asm.obj            56     0         0      
       boot_cortex_m.c.obj          52     0         0      
       u_tofd_t2.asm.obj            32     0         0      
       copy_zero_init.c.obj         28     0         0      
       copy_decompress_none.c.obj   14     0         0      
       exit.c.obj                   4      0         0      
       pre_init.c.obj               4      0         0      
    +--+----------------------------+------+---------+---------+
       Total:                       1282   0         0      
                                                            
       Stack:                       0      0         512    
       Linker Generated:            0      104       0      
    +--+----------------------------+------+---------+---------+
       Grand Total:                 6316   1312      1470   


LINKER GENERATED COPY TABLES

__TI_cinit_table @ 00001db8 records: 3, size/record: 8, table size: 24
	.data: load addr=00001d68, load size=00000034 bytes, run addr=20000578, run size=0000004c bytes, compression=lzss
	.bss: load addr=00001da8, load size=00000008 bytes, run addr=20000470, run size=00000106 bytes, compression=zero_init
	.vtable: load addr=00001db0, load size=00000008 bytes, run addr=20000000, run size=0000026c bytes, compression=zero_init


LINKER GENERATED HANDLER TABLE

__TI_handler_table @ 00001d9c records: 3, size/record: 4, table size: 12
	index: 0, handler: __TI_zero_init
	index: 1, handler: __TI_decompress_lzss
	index: 2, handler: __TI_decompress_none


GLOBAL SYMBOLS: SORTED ALPHABETICALLY BY Name 

address   name                                                           
-------   ----                                                           
00001b15  C$$EXIT                                                        
20000578  CLOSED_LOOP                                                    
00001abd  FPUEnable                                                      
00001acd  FPULazyStackingEnable                                          
000019f1  GPIODirModeSet                                                 
00001b05  GPIOIntClear                                                   
00001add  GPIOIntDisable                                                 
00001af9  GPIOIntEnable                                                  
00001a75  GPIOIntRegister                                                
0000172d  GPIOIntTypeSet                                                 
00000dd1  GPIOPadConfigSet                                               
00001aa5  GPIOPinTypeGPIOInput                                           
0000165d  IntEnable                                                      
00001955  IntRegister                                                    
00001b0b  ResetISR                                                       
2000059c  RiseFall                                                       
00001989  SysCtlPeripheralEnable                                         
000018e5  SysCtlPeripheralReady                                          
00001a8d  TimerIntRegister                                               
00000c11  _Z11updateStatei                                               
00001565  _Z12ADC0_ReadAvgh                                              
00001451  _Z17getRealRotorStatev                                         
000015e5  _Z18setupNextInterrupti                                        
00000801  _Z7GPIOIntv                                                    
00001315  _Z8ADCSetupv                                                   
00001171  _Z8StallIntv                                                   
00000a09  _ZN16MosfetController5setupEjf                                 
000017d1  _ZN20ComparatorController19configComparatorIntE12ComparatorIDbj
00001a3d  _ZN20ComparatorController20disableAllInterruptsEv              
0000125d  _ZN20ComparatorController5setupEPFvvE                          
20000470  __STACK_END                                                    
00000200  __STACK_SIZE                                                   
20000470  __STACK_TOP                                                    
00001db8  __TI_CINIT_Base                                                
00001dd0  __TI_CINIT_Limit                                               
00001d9c  __TI_Handler_Table_Base                                        
00001da8  __TI_Handler_Table_Limit                                       
0000185d  __TI_auto_init_nobinit_nopinit                                 
000016c5  __TI_decompress_lzss                                           
00001aeb  __TI_decompress_none                                           
ffffffff  __TI_pprof_out_hndl                                            
ffffffff  __TI_prof_data_size                                            
ffffffff  __TI_prof_data_start                                           
00000000  __TI_static_base__                                             
00001a59  __TI_zero_init_nomemset                                        
000014dd  __aeabi_cdrcmple                                               
000018a1  __aeabi_d2uiz                                                  
00000f3d  __aeabi_ddiv                                                   
00001073  __aeabi_dmul                                                   
0000191d  __aeabi_f2d                                                    
000013b5  __aeabi_memcpy                                                 
000013b5  __aeabi_memcpy4                                                
000013b5  __aeabi_memcpy8                                                
00001a1d  __aeabi_ui2d                                                   
ffffffff  __binit__                                                      
ffffffff  __c_args__                                                     
UNDEFED   __mpu_init                                                     
20000270  __stack                                                        
20000000  __start___llvm_prf_cnts                                        
20000000  __stop___llvm_prf_cnts                                         
000019bd  _c_int00_noargs                                                
UNDEFED   _system_post_cinit                                             
00001b11  _system_pre_init                                               
00001b15  abort                                                          
200005b8  alpha_accel                                                    
200005b4  alpha_decel                                                    
200005b0  avg_step_period                                                
ffffffff  binit                                                          
200005ac  blanking_fraction                                              
200005bc  cl_locked                                                      
20000594  commutation_error_count                                        
20000574  comps                                                          
20000568  delay_loops                                                    
20000470  dutys                                                          
200004ec  freqfase                                                       
20000000  g_pfnRAMVectors                                                
00000000  g_pfnVectors                                                   
20000590  isr_execution_count                                            
200005a8  last_comm_time                                                 
0000026d  main                                                           
20000588  max_duty                                                       
000013b5  memcpy                                                         
2000058c  min_duty                                                       
20000575  mosfets                                                        
200005a4  moving                                                         
20000580  potentiometer                                                  
20000584  pwm_freq                                                       
2000056c  stallPeriod                                                    
2000057c  stall_detect                                                   
200005a0  started                                                        
20000598  state                                                          
20000570  ui32Period                                                     
200005c0  zc_detected_count                                              


GLOBAL SYMBOLS: SORTED BY Symbol Address 

address   name                                                           
-------   ----                                                           
00000000  __TI_static_base__                                             
00000000  g_pfnVectors                                                   
00000200  __STACK_SIZE                                                   
0000026d  main                                                           
00000801  _Z7GPIOIntv                                                    
00000a09  _ZN16MosfetController5setupEjf                                 
00000c11  _Z11updateStatei                                               
00000dd1  GPIOPadConfigSet                                               
00000f3d  __aeabi_ddiv                                                   
00001073  __aeabi_dmul                                                   
00001171  _Z8StallIntv                                                   
0000125d  _ZN20ComparatorController5setupEPFvvE                          
00001315  _Z8ADCSetupv                                                   
000013b5  __aeabi_memcpy                                                 
000013b5  __aeabi_memcpy4                                                
000013b5  __aeabi_memcpy8                                                
000013b5  memcpy                                                         
00001451  _Z17getRealRotorStatev                                         
000014dd  __aeabi_cdrcmple                                               
00001565  _Z12ADC0_ReadAvgh                                              
000015e5  _Z18setupNextInterrupti                                        
0000165d  IntEnable                                                      
000016c5  __TI_decompress_lzss                                           
0000172d  GPIOIntTypeSet                                                 
000017d1  _ZN20ComparatorController19configComparatorIntE12ComparatorIDbj
0000185d  __TI_auto_init_nobinit_nopinit                                 
000018a1  __aeabi_d2uiz                                                  
000018e5  SysCtlPeripheralReady                                          
0000191d  __aeabi_f2d                                                    
00001955  IntRegister                                                    
00001989  SysCtlPeripheralEnable                                         
000019bd  _c_int00_noargs                                                
000019f1  GPIODirModeSet                                                 
00001a1d  __aeabi_ui2d                                                   
00001a3d  _ZN20ComparatorController20disableAllInterruptsEv              
00001a59  __TI_zero_init_nomemset                                        
00001a75  GPIOIntRegister                                                
00001a8d  TimerIntRegister                                               
00001aa5  GPIOPinTypeGPIOInput                                           
00001abd  FPUEnable                                                      
00001acd  FPULazyStackingEnable                                          
00001add  GPIOIntDisable                                                 
00001aeb  __TI_decompress_none                                           
00001af9  GPIOIntEnable                                                  
00001b05  GPIOIntClear                                                   
00001b0b  ResetISR                                                       
00001b11  _system_pre_init                                               
00001b15  C$$EXIT                                                        
00001b15  abort                                                          
00001d9c  __TI_Handler_Table_Base                                        
00001da8  __TI_Handler_Table_Limit                                       
00001db8  __TI_CINIT_Base                                                
00001dd0  __TI_CINIT_Limit                                               
20000000  __start___llvm_prf_cnts                                        
20000000  __stop___llvm_prf_cnts                                         
20000000  g_pfnRAMVectors                                                
20000270  __stack                                                        
20000470  __STACK_END                                                    
20000470  __STACK_TOP                                                    
20000470  dutys                                                          
200004ec  freqfase                                                       
20000568  delay_loops                                                    
2000056c  stallPeriod                                                    
20000570  ui32Period                                                     
20000574  comps                                                          
20000575  mosfets                                                        
20000578  CLOSED_LOOP                                                    
2000057c  stall_detect                                                   
20000580  potentiometer                                                  
20000584  pwm_freq                                                       
20000588  max_duty                                                       
2000058c  min_duty                                                       
20000590  isr_execution_count                                            
20000594  commutation_error_count                                        
20000598  state                                                          
2000059c  RiseFall                                                       
200005a0  started                                                        
200005a4  moving                                                         
200005a8  last_comm_time                                                 
200005ac  blanking_fraction                                              
200005b0  avg_step_period                                                
200005b4  alpha_decel                                                    
200005b8  alpha_accel                                                    
200005bc  cl_locked                                                      
200005c0  zc_detected_count                                              
ffffffff  __TI_pprof_out_hndl                                            
ffffffff  __TI_prof_data_size                                            
ffffffff  __TI_prof_data_start                                           
ffffffff  __binit__                                                      
ffffffff  __c_args__                                                     
ffffffff  binit                                                          
UNDEFED   __mpu_init                                                     
UNDEFED   _system_post_cinit                                             

[93 symbols]
