******************************************************************************
                  TI ARM Linker Unix v20.2.7                   
******************************************************************************
>> Linked Mon Feb  9 14:01:37 2026

OUTPUT FILE NAME:   <lse1.out>
ENTRY POINT SYMBOL: "_c_int00_noargs"  address: 00001bf5


MEMORY CONFIGURATION

         name            origin    length      used     unused   attr    fill
----------------------  --------  ---------  --------  --------  ----  --------
  FLASH                 00000000   00040000  0000200e  0003dff2  R  X
  SRAM                  20000000   00008000  0000063a  000079c6  RW X


SEGMENT ALLOCATION MAP

run origin  load origin   length   init length attrs members
----------  ----------- ---------- ----------- ----- -------
00000000    00000000    00002010   00002010    r-x
  00000000    00000000    0000026c   0000026c    r-- .intvecs
  0000026c    0000026c    00001ae6   00001ae6    r-x .text
  00001d54    00001d54    0000024c   0000024c    r-- .const
  00001fa0    00001fa0    00000070   00000070    r-- .cinit
20000000    20000000    00000640   00000000    rw-
  20000000    20000000    0000026c   00000000    rw- .vtable
  20000270    20000270    00000200   00000000    rw- .stack
  20000470    20000470    00000156   00000000    rw- .bss
  200005c8    200005c8    00000078   00000000    rw- .data


SECTION ALLOCATION MAP

 output                                  attributes/
section   page    origin      length       input sections
--------  ----  ----------  ----------   ----------------
.intvecs   0    00000000    0000026c     
                  00000000    0000026c     startup_ccs.obj (.intvecs)

.text      0    0000026c    00001ae6     
                  0000026c    0000072c     main.obj (.text:main)
                  00000998    000002e8     main.obj (.text:_Z7GPIOIntv)
                  00000c80    00000208     mosfets.obj (.text:_ZN16MosfetController5setupEjf)
                  00000e88    000001c0     main.obj (.text:_Z11updateStatei)
                  00001048    0000016c     driverlib.lib : gpio.obj (.text:GPIOPadConfigSet)
                  000011b4    00000136     rtsv7M4_T_le_v4SPD16_eabi.lib : fd_div_t2.asm.obj (.text)
                  000012ea    000000fc                                   : fd_mul_t2.asm.obj (.text)
                  000013e6    00000002     startup_ccs.obj (.text:FaultISR)
                  000013e8    000000ec     main.obj (.text:_Z8StallIntv)
                  000014d4    000000b8     comparators.obj (.text:_ZN20ComparatorController5setupEPFvvE)
                  0000158c    000000a0     main.obj (.text:_Z8ADCSetupv)
                  0000162c    0000009c     rtsv7M4_T_le_v4SPD16_eabi.lib : memcpy_t2.asm.obj (.text)
                  000016c8    0000008c     main.obj (.text:_Z17getRealRotorStatev)
                  00001754    00000080     main.obj (.text:_Z12ADC0_ReadAvgh)
                  000017d4    00000078     main.obj (.text:_Z18setupNextInterrupti)
                  0000184c    00000068     driverlib.lib : interrupt.obj (.text:IntEnable)
                  000018b4    00000068     rtsv7M4_T_le_v4SPD16_eabi.lib : copy_decompress_lzss.c.obj (.text:decompress:lzss:__TI_decompress_lzss)
                  0000191c    00000058     driverlib.lib : gpio.obj (.text:GPIOIntTypeSet)
                  00001974    0000004c                   : timer.obj (.text:_TimerIntNumberGet)
                  000019c0    00000048     main.obj (.text:_Z11TFaseToDutyf)
                  00001a08    00000048     comparators.obj (.text:_ZN20ComparatorController19configComparatorIntE12ComparatorIDbj)
                  00001a50    00000044     driverlib.lib : gpio.obj (.text:_GPIOIntNumberGet)
                  00001a94    00000044     rtsv7M4_T_le_v4SPD16_eabi.lib : autoinit.c.obj (.text:__TI_auto_init_nobinit_nopinit:__TI_auto_init_nobinit_nopinit)
                  00001ad8    00000044                                   : fd_tou_t2.asm.obj (.text)
                  00001b1c    00000038     driverlib.lib : sysctl.obj (.text:SysCtlPeripheralReady)
                  00001b54    00000038     main.obj (.text:_Z3PIDffff)
                  00001b8c    00000034     driverlib.lib : interrupt.obj (.text:IntRegister)
                  00001bc0    00000034                   : sysctl.obj (.text:SysCtlPeripheralEnable)
                  00001bf4    00000034     rtsv7M4_T_le_v4SPD16_eabi.lib : boot_cortex_m.c.obj (.text:_c_int00_noargs:_c_int00_noargs)
                  00001c28    0000002c     driverlib.lib : gpio.obj (.text:GPIODirModeSet)
                  00001c54    00000020     rtsv7M4_T_le_v4SPD16_eabi.lib : u_tofd_t2.asm.obj (.text)
                  00001c74    0000001c     comparators.obj (.text:_ZN20ComparatorController20disableAllInterruptsEv)
                  00001c90    0000001c     rtsv7M4_T_le_v4SPD16_eabi.lib : copy_zero_init.c.obj (.text:decompress:ZI:__TI_zero_init_nomemset:__TI_zero_init_nomemset)
                  00001cac    00000018     driverlib.lib : gpio.obj (.text:GPIOIntRegister)
                  00001cc4    00000018                   : timer.obj (.text:TimerIntRegister)
                  00001cdc    00000016                   : gpio.obj (.text:GPIOPinTypeGPIOInput)
                  00001cf2    00000002     startup_ccs.obj (.text:IntDefaultHandler)
                  00001cf4    00000010     driverlib.lib : fpu.obj (.text:FPUEnable)
                  00001d04    00000010                   : fpu.obj (.text:FPULazyStackingEnable)
                  00001d14    0000000e                   : gpio.obj (.text:GPIOIntDisable)
                  00001d22    0000000e     rtsv7M4_T_le_v4SPD16_eabi.lib : copy_decompress_none.c.obj (.text:decompress:none:__TI_decompress_none)
                  00001d30    0000000c     driverlib.lib : gpio.obj (.text:GPIOIntEnable)
                  00001d3c    00000006                   : gpio.obj (.text:GPIOIntClear)
                  00001d42    00000006     startup_ccs.obj (.text:ResetISR)
                  00001d48    00000004     rtsv7M4_T_le_v4SPD16_eabi.lib : pre_init.c.obj (.text:_system_pre_init)
                  00001d4c    00000004                                   : exit.c.obj (.text:abort:abort)
                  00001d50    00000002     startup_ccs.obj (.text:NmiSR)

.const     0    00001d54    0000024c     
                  00001d54    000000d8     driverlib.lib : gpio.obj (.const:g_ppui32GPIOIntMapSnowflake)
                  00001e2c    000000c0                   : gpio.obj (.const:g_ppui32GPIOIntMapBlizzard)
                  00001eec    00000060                   : timer.obj (.const:g_ppui32TimerIntMap)
                  00001f4c    00000040                   : timer.obj (.const:g_ppui32TimerIntMapSnowflake)
                  00001f8c    00000014                   : interrupt.obj (.const:g_pui32EnRegs)

.cinit     0    00001fa0    00000070     
                  00001fa0    0000003b     (.cinit..data.load) [load image, compression = lzss]
                  00001fdb    00000001     --HOLE-- [fill = 0]
                  00001fdc    0000000c     (__TI_handler_table)
                  00001fe8    00000008     (.cinit..bss.load) [load image, compression = zero_init]
                  00001ff0    00000008     (.cinit..vtable.load) [load image, compression = zero_init]
                  00001ff8    00000018     (__TI_cinit_table)

.init_array 
*          0    00000000    00000000     UNINITIALIZED

.vtable    0    20000000    0000026c     UNINITIALIZED
                  20000000    0000026c     driverlib.lib : interrupt.obj (.vtable)

.bss       0    20000470    00000156     UNINITIALIZED
                  20000470    0000007c     (.common:dutys)
                  200004ec    0000007c     (.common:freqfase)
                  20000568    00000050     (.common:OptimalDelayLUT)
                  200005b8    00000004     (.common:global_delay_factor)
                  200005bc    00000004     (.common:stallPeriod)
                  200005c0    00000004     (.common:ui32Period)
                  200005c4    00000001     (.common:comps)
                  200005c5    00000001     (.common:mosfets)

.data      0    200005c8    00000078     UNINITIALIZED
                  200005c8    00000078     main.obj (.data)

.stack     0    20000270    00000200     UNINITIALIZED
                  20000270    00000004     rtsv7M4_T_le_v4SPD16_eabi.lib : boot_cortex_m.c.obj (.stack)
                  20000274    000001fc     --HOLE--

__llvm_prf_cnts 
*          0    20000000    00000000     UNINITIALIZED

.binit     0    00000000    00000000     

MODULE SUMMARY

       Module                       code   ro data   rw data
       ------                       ----   -------   -------
    ./
       main.obj                     3940   0         462    
       startup_ccs.obj              12     620       0      
       mosfets.obj                  520    0         0      
       comparators.obj              284    0         0      
    +--+----------------------------+------+---------+---------+
       Total:                       4756   620       462    
                                                            
    /var/home/adria/ti/TivaWare_C_Series-2.2.0.295/driverlib/ccs/Debug/driverlib.lib
       gpio.obj                     642    408       0      
       interrupt.obj                156    20        620    
       timer.obj                    100    160       0      
       sysctl.obj                   108    0         0      
       fpu.obj                      32     0         0      
    +--+----------------------------+------+---------+---------+
       Total:                       1038   588       620    
                                                            
    /var/home/adria/ti/ccs1281/ccs/tools/compiler/ti-cgt-arm_20.2.7.LTS/lib/rtsv7M4_T_le_v4SPD16_eabi.lib
       fd_div_t2.asm.obj            310    0         0      
       fd_mul_t2.asm.obj            252    0         0      
       memcpy_t2.asm.obj            156    0         0      
       copy_decompress_lzss.c.obj   104    0         0      
       autoinit.c.obj               68     0         0      
       fd_tou_t2.asm.obj            68     0         0      
       boot_cortex_m.c.obj          52     0         0      
       u_tofd_t2.asm.obj            32     0         0      
       copy_zero_init.c.obj         28     0         0      
       copy_decompress_none.c.obj   14     0         0      
       exit.c.obj                   4      0         0      
       pre_init.c.obj               4      0         0      
    +--+----------------------------+------+---------+---------+
       Total:                       1092   0         0      
                                                            
       Stack:                       0      0         512    
       Linker Generated:            0      111       0      
    +--+----------------------------+------+---------+---------+
       Grand Total:                 6886   1319      1594   


LINKER GENERATED COPY TABLES

__TI_cinit_table @ 00001ff8 records: 3, size/record: 8, table size: 24
	.data: load addr=00001fa0, load size=0000003b bytes, run addr=200005c8, run size=00000078 bytes, compression=lzss
	.bss: load addr=00001fe8, load size=00000008 bytes, run addr=20000470, run size=00000156 bytes, compression=zero_init
	.vtable: load addr=00001ff0, load size=00000008 bytes, run addr=20000000, run size=0000026c bytes, compression=zero_init


LINKER GENERATED HANDLER TABLE

__TI_handler_table @ 00001fdc records: 3, size/record: 4, table size: 12
	index: 0, handler: __TI_zero_init
	index: 1, handler: __TI_decompress_lzss
	index: 2, handler: __TI_decompress_none


GLOBAL SYMBOLS: SORTED ALPHABETICALLY BY Name 

address   name                                                           
-------   ----                                                           
00001d4d  C$$EXIT                                                        
200005cc  CLOSED_LOOP                                                    
20000604  DutyMaxLim                                                     
20000600  DutyMinLim                                                     
00001cf5  FPUEnable                                                      
00001d05  FPULazyStackingEnable                                          
00001c29  GPIODirModeSet                                                 
00001d3d  GPIOIntClear                                                   
00001d15  GPIOIntDisable                                                 
00001d31  GPIOIntEnable                                                  
00001cad  GPIOIntRegister                                                
0000191d  GPIOIntTypeSet                                                 
00001049  GPIOPadConfigSet                                               
00001cdd  GPIOPinTypeGPIOInput                                           
0000184d  IntEnable                                                      
00001b8d  IntRegister                                                    
20000610  NoLoadDuty                                                     
20000568  OptimalDelayLUT                                                
20000614  PID_Duty                                                       
200005d8  PID_control                                                    
00001d43  ResetISR                                                       
20000624  RiseFall                                                       
00001bc1  SysCtlPeripheralEnable                                         
00001b1d  SysCtlPeripheralReady                                          
20000608  TFaseMax                                                       
2000060c  TFaseMin                                                       
00001cc5  TimerIntRegister                                               
000019c1  _Z11TFaseToDutyf                                               
00000e89  _Z11updateStatei                                               
00001755  _Z12ADC0_ReadAvgh                                              
000016c9  _Z17getRealRotorStatev                                         
000017d5  _Z18setupNextInterrupti                                        
00001b55  _Z3PIDffff                                                     
00000999  _Z7GPIOIntv                                                    
0000158d  _Z8ADCSetupv                                                   
000013e9  _Z8StallIntv                                                   
00000c81  _ZN16MosfetController5setupEjf                                 
00001a09  _ZN20ComparatorController19configComparatorIntE12ComparatorIDbj
00001c75  _ZN20ComparatorController20disableAllInterruptsEv              
000014d5  _ZN20ComparatorController5setupEPFvvE                          
20000470  __STACK_END                                                    
00000200  __STACK_SIZE                                                   
20000470  __STACK_TOP                                                    
00001ff8  __TI_CINIT_Base                                                
00002010  __TI_CINIT_Limit                                               
00001fdc  __TI_Handler_Table_Base                                        
00001fe8  __TI_Handler_Table_Limit                                       
00001a95  __TI_auto_init_nobinit_nopinit                                 
000018b5  __TI_decompress_lzss                                           
00001d23  __TI_decompress_none                                           
ffffffff  __TI_pprof_out_hndl                                            
ffffffff  __TI_prof_data_size                                            
ffffffff  __TI_prof_data_start                                           
00000000  __TI_static_base__                                             
00001c91  __TI_zero_init_nomemset                                        
00001ad9  __aeabi_d2uiz                                                  
000011b5  __aeabi_ddiv                                                   
000012eb  __aeabi_dmul                                                   
0000162d  __aeabi_memcpy                                                 
0000162d  __aeabi_memcpy4                                                
0000162d  __aeabi_memcpy8                                                
00001c55  __aeabi_ui2d                                                   
ffffffff  __binit__                                                      
ffffffff  __c_args__                                                     
UNDEFED   __mpu_init                                                     
20000270  __stack                                                        
20000000  __start___llvm_prf_cnts                                        
20000000  __stop___llvm_prf_cnts                                         
00001bf5  _c_int00_noargs                                                
UNDEFED   _system_post_cinit                                             
00001d49  _system_pre_init                                               
00001d4d  abort                                                          
20000634  adc_val                                                        
ffffffff  binit                                                          
20000625  calibrated                                                     
200005c8  calibrating                                                    
20000638  cl_locked                                                      
200005e8  commutation_error_count                                        
200005c4  comps                                                          
20000618  counter                                                        
2000061c  current_duty_percent                                           
20000470  dutys                                                          
200005f4  errAcum                                                        
200005f8  errPrev                                                        
200005f0  error                                                          
200004ec  freqfase                                                       
20000000  g_pfnRAMVectors                                                
00000000  g_pfnVectors                                                   
200005b8  global_delay_factor                                            
200005e4  isr_execution_count                                            
200005dc  legacy                                                         
0000026d  main                                                           
200005ec  measuredTicks                                                  
0000162d  memcpy                                                         
200005c5  mosfets                                                        
2000062c  moving                                                         
200005d4  potentiometer                                                  
200005e0  pwm_freq                                                       
200005fc  setpoint                                                       
200005bc  stallPeriod                                                    
200005d0  stall_detect                                                   
20000628  started                                                        
20000620  state                                                          
20000630  target_ticks                                                   
200005c0  ui32Period                                                     
2000063c  zc_detected_count                                              


GLOBAL SYMBOLS: SORTED BY Symbol Address 

address   name                                                           
-------   ----                                                           
00000000  __TI_static_base__                                             
00000000  g_pfnVectors                                                   
00000200  __STACK_SIZE                                                   
0000026d  main                                                           
00000999  _Z7GPIOIntv                                                    
00000c81  _ZN16MosfetController5setupEjf                                 
00000e89  _Z11updateStatei                                               
00001049  GPIOPadConfigSet                                               
000011b5  __aeabi_ddiv                                                   
000012eb  __aeabi_dmul                                                   
000013e9  _Z8StallIntv                                                   
000014d5  _ZN20ComparatorController5setupEPFvvE                          
0000158d  _Z8ADCSetupv                                                   
0000162d  __aeabi_memcpy                                                 
0000162d  __aeabi_memcpy4                                                
0000162d  __aeabi_memcpy8                                                
0000162d  memcpy                                                         
000016c9  _Z17getRealRotorStatev                                         
00001755  _Z12ADC0_ReadAvgh                                              
000017d5  _Z18setupNextInterrupti                                        
0000184d  IntEnable                                                      
000018b5  __TI_decompress_lzss                                           
0000191d  GPIOIntTypeSet                                                 
000019c1  _Z11TFaseToDutyf                                               
00001a09  _ZN20ComparatorController19configComparatorIntE12ComparatorIDbj
00001a95  __TI_auto_init_nobinit_nopinit                                 
00001ad9  __aeabi_d2uiz                                                  
00001b1d  SysCtlPeripheralReady                                          
00001b55  _Z3PIDffff                                                     
00001b8d  IntRegister                                                    
00001bc1  SysCtlPeripheralEnable                                         
00001bf5  _c_int00_noargs                                                
00001c29  GPIODirModeSet                                                 
00001c55  __aeabi_ui2d                                                   
00001c75  _ZN20ComparatorController20disableAllInterruptsEv              
00001c91  __TI_zero_init_nomemset                                        
00001cad  GPIOIntRegister                                                
00001cc5  TimerIntRegister                                               
00001cdd  GPIOPinTypeGPIOInput                                           
00001cf5  FPUEnable                                                      
00001d05  FPULazyStackingEnable                                          
00001d15  GPIOIntDisable                                                 
00001d23  __TI_decompress_none                                           
00001d31  GPIOIntEnable                                                  
00001d3d  GPIOIntClear                                                   
00001d43  ResetISR                                                       
00001d49  _system_pre_init                                               
00001d4d  C$$EXIT                                                        
00001d4d  abort                                                          
00001fdc  __TI_Handler_Table_Base                                        
00001fe8  __TI_Handler_Table_Limit                                       
00001ff8  __TI_CINIT_Base                                                
00002010  __TI_CINIT_Limit                                               
20000000  __start___llvm_prf_cnts                                        
20000000  __stop___llvm_prf_cnts                                         
20000000  g_pfnRAMVectors                                                
20000270  __stack                                                        
20000470  __STACK_END                                                    
20000470  __STACK_TOP                                                    
20000470  dutys                                                          
200004ec  freqfase                                                       
20000568  OptimalDelayLUT                                                
200005b8  global_delay_factor                                            
200005bc  stallPeriod                                                    
200005c0  ui32Period                                                     
200005c4  comps                                                          
200005c5  mosfets                                                        
200005c8  calibrating                                                    
200005cc  CLOSED_LOOP                                                    
200005d0  stall_detect                                                   
200005d4  potentiometer                                                  
200005d8  PID_control                                                    
200005dc  legacy                                                         
200005e0  pwm_freq                                                       
200005e4  isr_execution_count                                            
200005e8  commutation_error_count                                        
200005ec  measuredTicks                                                  
200005f0  error                                                          
200005f4  errAcum                                                        
200005f8  errPrev                                                        
200005fc  setpoint                                                       
20000600  DutyMinLim                                                     
20000604  DutyMaxLim                                                     
20000608  TFaseMax                                                       
2000060c  TFaseMin                                                       
20000610  NoLoadDuty                                                     
20000614  PID_Duty                                                       
20000618  counter                                                        
2000061c  current_duty_percent                                           
20000620  state                                                          
20000624  RiseFall                                                       
20000625  calibrated                                                     
20000628  started                                                        
2000062c  moving                                                         
20000630  target_ticks                                                   
20000634  adc_val                                                        
20000638  cl_locked                                                      
2000063c  zc_detected_count                                              
ffffffff  __TI_pprof_out_hndl                                            
ffffffff  __TI_prof_data_size                                            
ffffffff  __TI_prof_data_start                                           
ffffffff  __binit__                                                      
ffffffff  __c_args__                                                     
ffffffff  binit                                                          
UNDEFED   __mpu_init                                                     
UNDEFED   _system_post_cinit                                             

[106 symbols]
