******************************************************************************
                  TI ARM Linker PC v20.2.7                     
******************************************************************************
>> Linked Tue Dec  9 18:51:55 2025

OUTPUT FILE NAME:   <lse1.out>
ENTRY POINT SYMBOL: "_c_int00_noargs"  address: 000006c1


MEMORY CONFIGURATION

         name            origin    length      used     unused   attr    fill
----------------------  --------  ---------  --------  --------  ----  --------
  FLASH                 00000000   00040000  00000738  0003f8c8  R  X
  SRAM                  20000000   00008000  00000201  00007dff  RW X


SEGMENT ALLOCATION MAP

run origin  load origin   length   init length attrs members
----------  ----------- ---------- ----------- ----- -------
00000000    00000000    0000073c   0000073c    r-x
  00000000    00000000    0000026c   0000026c    r-- .intvecs
  0000026c    0000026c    000004b8   000004b8    r-x .text
  00000728    00000728    00000014   00000014    r-- .cinit
20000000    20000000    00000201   00000000    rw-
  20000000    20000000    00000200   00000000    rw- .stack
  20000200    20000200    00000001   00000000    rw- .bss


SECTION ALLOCATION MAP

 output                                  attributes/
section   page    origin      length       input sections
--------  ----  ----------  ----------   ----------------
.intvecs   0    00000000    0000026c     
                  00000000    0000026c     startup_ccs.obj (.intvecs)

.text      0    0000026c    000004b8     
                  0000026c    00000208     mosfets.obj (.text:_ZN16MosfetController5setupEjf)
                  00000474    00000170     phase_test.obj (.text:main)
                  000005e4    00000098     phase_test.obj (.text:_Z9testPhaseii)
                  0000067c    00000044     rtsv7M4_T_le_v4SPD16_eabi.lib : autoinit.c.obj (.text:__TI_auto_init_nobinit_nopinit:__TI_auto_init_nobinit_nopinit)
                  000006c0    00000034                                   : boot_cortex_m.c.obj (.text:_c_int00_noargs:_c_int00_noargs)
                  000006f4    0000001c                                   : copy_zero_init.c.obj (.text:decompress:ZI:__TI_zero_init_nomemset:__TI_zero_init_nomemset)
                  00000710    00000006     startup_ccs.obj (.text:ResetISR)
                  00000716    00000004     rtsv7M4_T_le_v4SPD16_eabi.lib : pre_init.c.obj (.text:_system_pre_init)
                  0000071a    00000004                                   : exit.c.obj (.text:abort:abort)
                  0000071e    00000002     startup_ccs.obj (.text:FaultISR)
                  00000720    00000002     startup_ccs.obj (.text:IntDefaultHandler)
                  00000722    00000002     startup_ccs.obj (.text:NmiSR)

.cinit     0    00000728    00000014     
                  00000728    00000008     (.cinit..bss.load) [load image, compression = zero_init]
                  00000730    00000004     (__TI_handler_table)
                  00000734    00000008     (__TI_cinit_table)

.init_array 
*          0    00000000    00000000     UNINITIALIZED

.bss       0    20000200    00000001     UNINITIALIZED
                  20000200    00000001     (.common:mosfets)

.stack     0    20000000    00000200     UNINITIALIZED
                  20000000    00000004     rtsv7M4_T_le_v4SPD16_eabi.lib : boot_cortex_m.c.obj (.stack)
                  20000004    000001fc     --HOLE--

__llvm_prf_cnts 
*          0    20000000    00000000     UNINITIALIZED

.binit     0    00000000    00000000     

MODULE SUMMARY

       Module                 code   ro data   rw data
       ------                 ----   -------   -------
    .\
       startup_ccs.obj        12     620       0      
       phase_test.obj         520    0         1      
       mosfets.obj            520    0         0      
    +--+----------------------+------+---------+---------+
       Total:                 1052   620       1      
                                                      
    C:\ti\ccs1280\ccs\tools\compiler\ti-cgt-arm_20.2.7.LTS\lib\rtsv7M4_T_le_v4SPD16_eabi.lib
       autoinit.c.obj         68     0         0      
       boot_cortex_m.c.obj    52     0         0      
       copy_zero_init.c.obj   28     0         0      
       exit.c.obj             4      0         0      
       pre_init.c.obj         4      0         0      
    +--+----------------------+------+---------+---------+
       Total:                 156    0         0      
                                                      
       Stack:                 0      0         512    
       Linker Generated:      0      20        0      
    +--+----------------------+------+---------+---------+
       Grand Total:           1208   640       513    


LINKER GENERATED COPY TABLES

__TI_cinit_table @ 00000734 records: 1, size/record: 8, table size: 8
	.bss: load addr=00000728, load size=00000008 bytes, run addr=20000200, run size=00000001 bytes, compression=zero_init


LINKER GENERATED HANDLER TABLE

__TI_handler_table @ 00000730 records: 1, size/record: 4, table size: 4
	index: 0, handler: __TI_zero_init


GLOBAL SYMBOLS: SORTED ALPHABETICALLY BY Name 

address   name                          
-------   ----                          
0000071b  C$$EXIT                       
00000711  ResetISR                      
000005e5  _Z9testPhaseii                
0000026d  _ZN16MosfetController5setupEjf
20000200  __STACK_END                   
00000200  __STACK_SIZE                  
20000200  __STACK_TOP                   
00000734  __TI_CINIT_Base               
0000073c  __TI_CINIT_Limit              
00000730  __TI_Handler_Table_Base       
00000734  __TI_Handler_Table_Limit      
0000067d  __TI_auto_init_nobinit_nopinit
ffffffff  __TI_pprof_out_hndl           
ffffffff  __TI_prof_data_size           
ffffffff  __TI_prof_data_start          
00000000  __TI_static_base__            
000006f5  __TI_zero_init_nomemset       
ffffffff  __binit__                     
ffffffff  __c_args__                    
UNDEFED   __mpu_init                    
20000000  __stack                       
20000000  __start___llvm_prf_cnts       
20000000  __stop___llvm_prf_cnts        
000006c1  _c_int00_noargs               
UNDEFED   _system_post_cinit            
00000717  _system_pre_init              
0000071b  abort                         
ffffffff  binit                         
00000000  g_pfnVectors                  
00000475  main                          
20000200  mosfets                       


GLOBAL SYMBOLS: SORTED BY Symbol Address 

address   name                          
-------   ----                          
00000000  __TI_static_base__            
00000000  g_pfnVectors                  
00000200  __STACK_SIZE                  
0000026d  _ZN16MosfetController5setupEjf
00000475  main                          
000005e5  _Z9testPhaseii                
0000067d  __TI_auto_init_nobinit_nopinit
000006c1  _c_int00_noargs               
000006f5  __TI_zero_init_nomemset       
00000711  ResetISR                      
00000717  _system_pre_init              
0000071b  C$$EXIT                       
0000071b  abort                         
00000730  __TI_Handler_Table_Base       
00000734  __TI_CINIT_Base               
00000734  __TI_Handler_Table_Limit      
0000073c  __TI_CINIT_Limit              
20000000  __stack                       
20000000  __start___llvm_prf_cnts       
20000000  __stop___llvm_prf_cnts        
20000200  __STACK_END                   
20000200  __STACK_TOP                   
20000200  mosfets                       
ffffffff  __TI_pprof_out_hndl           
ffffffff  __TI_prof_data_size           
ffffffff  __TI_prof_data_start          
ffffffff  __binit__                     
ffffffff  __c_args__                    
ffffffff  binit                         
UNDEFED   __mpu_init                    
UNDEFED   _system_post_cinit            

[31 symbols]
