******************************************************************************
                  TI ARM Linker Unix v20.2.7                   
******************************************************************************
>> Linked Wed Jan 28 00:20:11 2026

OUTPUT FILE NAME:   <lse1.out>
ENTRY POINT SYMBOL: "_c_int00_noargs"  address: 000018a5


MEMORY CONFIGURATION

         name            origin    length      used     unused   attr    fill
----------------------  --------  ---------  --------  --------  ----  --------
  FLASH                 00000000   00040000  00001cae  0003e352  R  X
  SRAM                  20000000   00008000  000005b6  00007a4a  RW X


SEGMENT ALLOCATION MAP

run origin  load origin   length   init length attrs members
----------  ----------- ---------- ----------- ----- -------
00000000    00000000    00001cb0   00001cb0    r-x
  00000000    00000000    0000026c   0000026c    r-- .intvecs
  0000026c    0000026c    00001796   00001796    r-x .text
  00001a04    00001a04    0000024c   0000024c    r-- .const
  00001c50    00001c50    00000060   00000060    r-- .cinit
20000000    20000000    000005bc   00000000    rw-
  20000000    20000000    0000026c   00000000    rw- .vtable
  20000270    20000270    00000200   00000000    rw- .stack
  20000470    20000470    00000102   00000000    rw- .bss
  20000574    20000574    00000048   00000000    rw- .data


SECTION ALLOCATION MAP

 output                                  attributes/
section   page    origin      length       input sections
--------  ----  ----------  ----------   ----------------
.intvecs   0    00000000    0000026c     
                  00000000    0000026c     startup_ccs.obj (.intvecs)

.text      0    0000026c    00001796     
                  0000026c    00000610     main.obj (.text:main)
                  0000087c    00000208     mosfets.obj (.text:_ZN16MosfetController5setupEjf)
                  00000a84    000001c0     main.obj (.text:_Z11updateStatei)
                  00000c44    0000016c     driverlib.lib : gpio.obj (.text:GPIOPadConfigSet)
                  00000db0    00000136     rtsv7M4_T_le_v4SPD16_eabi.lib : fd_div_t2.asm.obj (.text)
                  00000ee6    00000002     startup_ccs.obj (.text:FaultISR)
                  00000ee8    00000134     main.obj (.text:_Z7GPIOIntv)
                  0000101c    000000fc     rtsv7M4_T_le_v4SPD16_eabi.lib : fd_mul_t2.asm.obj (.text)
                  00001118    000000ec     main.obj (.text:_Z8StallIntv)
                  00001204    000000b8     comparators.obj (.text:_ZN20ComparatorController5setupEPFvvE)
                  000012bc    000000a0     main.obj (.text:_Z8ADCSetupv)
                  0000135c    0000009c     rtsv7M4_T_le_v4SPD16_eabi.lib : memcpy_t2.asm.obj (.text)
                  000013f8    0000008c     main.obj (.text:_Z17getRealRotorStatev)
                  00001484    00000080     main.obj (.text:_Z12ADC0_ReadAvgh)
                  00001504    00000078     main.obj (.text:_Z18setupNextInterrupti)
                  0000157c    00000068     driverlib.lib : interrupt.obj (.text:IntEnable)
                  000015e4    00000068     rtsv7M4_T_le_v4SPD16_eabi.lib : copy_decompress_lzss.c.obj (.text:decompress:lzss:__TI_decompress_lzss)
                  0000164c    00000058     driverlib.lib : gpio.obj (.text:GPIOIntTypeSet)
                  000016a4    0000004c                   : timer.obj (.text:_TimerIntNumberGet)
                  000016f0    00000048     comparators.obj (.text:_ZN20ComparatorController19configComparatorIntE12ComparatorIDbj)
                  00001738    00000044     driverlib.lib : gpio.obj (.text:_GPIOIntNumberGet)
                  0000177c    00000044     rtsv7M4_T_le_v4SPD16_eabi.lib : autoinit.c.obj (.text:__TI_auto_init_nobinit_nopinit:__TI_auto_init_nobinit_nopinit)
                  000017c0    00000044                                   : fd_tou_t2.asm.obj (.text)
                  00001804    00000038     driverlib.lib : sysctl.obj (.text:SysCtlPeripheralReady)
                  0000183c    00000034                   : interrupt.obj (.text:IntRegister)
                  00001870    00000034                   : sysctl.obj (.text:SysCtlPeripheralEnable)
                  000018a4    00000034     rtsv7M4_T_le_v4SPD16_eabi.lib : boot_cortex_m.c.obj (.text:_c_int00_noargs:_c_int00_noargs)
                  000018d8    0000002c     driverlib.lib : gpio.obj (.text:GPIODirModeSet)
                  00001904    00000020     rtsv7M4_T_le_v4SPD16_eabi.lib : u_tofd_t2.asm.obj (.text)
                  00001924    0000001c     comparators.obj (.text:_ZN20ComparatorController20disableAllInterruptsEv)
                  00001940    0000001c     rtsv7M4_T_le_v4SPD16_eabi.lib : copy_zero_init.c.obj (.text:decompress:ZI:__TI_zero_init_nomemset:__TI_zero_init_nomemset)
                  0000195c    00000018     driverlib.lib : gpio.obj (.text:GPIOIntRegister)
                  00001974    00000018                   : timer.obj (.text:TimerIntRegister)
                  0000198c    00000016                   : gpio.obj (.text:GPIOPinTypeGPIOInput)
                  000019a2    00000002     startup_ccs.obj (.text:IntDefaultHandler)
                  000019a4    00000010     driverlib.lib : fpu.obj (.text:FPUEnable)
                  000019b4    00000010                   : fpu.obj (.text:FPULazyStackingEnable)
                  000019c4    0000000e                   : gpio.obj (.text:GPIOIntDisable)
                  000019d2    0000000e     rtsv7M4_T_le_v4SPD16_eabi.lib : copy_decompress_none.c.obj (.text:decompress:none:__TI_decompress_none)
                  000019e0    0000000c     driverlib.lib : gpio.obj (.text:GPIOIntEnable)
                  000019ec    00000006                   : gpio.obj (.text:GPIOIntClear)
                  000019f2    00000006     startup_ccs.obj (.text:ResetISR)
                  000019f8    00000004     rtsv7M4_T_le_v4SPD16_eabi.lib : pre_init.c.obj (.text:_system_pre_init)
                  000019fc    00000004                                   : exit.c.obj (.text:abort:abort)
                  00001a00    00000002     startup_ccs.obj (.text:NmiSR)

.const     0    00001a04    0000024c     
                  00001a04    000000d8     driverlib.lib : gpio.obj (.const:g_ppui32GPIOIntMapSnowflake)
                  00001adc    000000c0                   : gpio.obj (.const:g_ppui32GPIOIntMapBlizzard)
                  00001b9c    00000060                   : timer.obj (.const:g_ppui32TimerIntMap)
                  00001bfc    00000040                   : timer.obj (.const:g_ppui32TimerIntMapSnowflake)
                  00001c3c    00000014                   : interrupt.obj (.const:g_pui32EnRegs)

.cinit     0    00001c50    00000060     
                  00001c50    0000002b     (.cinit..data.load) [load image, compression = lzss]
                  00001c7b    00000001     --HOLE-- [fill = 0]
                  00001c7c    0000000c     (__TI_handler_table)
                  00001c88    00000008     (.cinit..bss.load) [load image, compression = zero_init]
                  00001c90    00000008     (.cinit..vtable.load) [load image, compression = zero_init]
                  00001c98    00000018     (__TI_cinit_table)

.init_array 
*          0    00000000    00000000     UNINITIALIZED

.vtable    0    20000000    0000026c     UNINITIALIZED
                  20000000    0000026c     driverlib.lib : interrupt.obj (.vtable)

.bss       0    20000470    00000102     UNINITIALIZED
                  20000470    0000007c     (.common:dutys)
                  200004ec    0000007c     (.common:freqfase)
                  20000568    00000004     (.common:stallPeriod)
                  2000056c    00000004     (.common:ui32Period)
                  20000570    00000001     (.common:comps)
                  20000571    00000001     (.common:mosfets)

.data      0    20000574    00000048     UNINITIALIZED
                  20000574    00000048     main.obj (.data)

.stack     0    20000270    00000200     UNINITIALIZED
                  20000270    00000004     rtsv7M4_T_le_v4SPD16_eabi.lib : boot_cortex_m.c.obj (.stack)
                  20000274    000001fc     --HOLE--

__llvm_prf_cnts 
*          0    20000000    00000000     UNINITIALIZED

.binit     0    00000000    00000000     

MODULE SUMMARY

       Module                       code   ro data   rw data
       ------                       ----   -------   -------
    ./
       main.obj                     3092   0         330    
       startup_ccs.obj              12     620       0      
       mosfets.obj                  520    0         0      
       comparators.obj              284    0         0      
    +--+----------------------------+------+---------+---------+
       Total:                       3908   620       330    
                                                            
    /var/home/adria/ti/TivaWare_C_Series-2.2.0.295/driverlib/ccs/Debug/driverlib.lib
       gpio.obj                     642    408       0      
       interrupt.obj                156    20        620    
       timer.obj                    100    160       0      
       sysctl.obj                   108    0         0      
       fpu.obj                      32     0         0      
    +--+----------------------------+------+---------+---------+
       Total:                       1038   588       620    
                                                            
    /var/home/adria/ti/ccs1281/ccs/tools/compiler/ti-cgt-arm_20.2.7.LTS/lib/rtsv7M4_T_le_v4SPD16_eabi.lib
       fd_div_t2.asm.obj            310    0         0      
       fd_mul_t2.asm.obj            252    0         0      
       memcpy_t2.asm.obj            156    0         0      
       copy_decompress_lzss.c.obj   104    0         0      
       autoinit.c.obj               68     0         0      
       fd_tou_t2.asm.obj            68     0         0      
       boot_cortex_m.c.obj          52     0         0      
       u_tofd_t2.asm.obj            32     0         0      
       copy_zero_init.c.obj         28     0         0      
       copy_decompress_none.c.obj   14     0         0      
       exit.c.obj                   4      0         0      
       pre_init.c.obj               4      0         0      
    +--+----------------------------+------+---------+---------+
       Total:                       1092   0         0      
                                                            
       Stack:                       0      0         512    
       Linker Generated:            0      95        0      
    +--+----------------------------+------+---------+---------+
       Grand Total:                 6038   1303      1462   


LINKER GENERATED COPY TABLES

__TI_cinit_table @ 00001c98 records: 3, size/record: 8, table size: 24
	.data: load addr=00001c50, load size=0000002b bytes, run addr=20000574, run size=00000048 bytes, compression=lzss
	.bss: load addr=00001c88, load size=00000008 bytes, run addr=20000470, run size=00000102 bytes, compression=zero_init
	.vtable: load addr=00001c90, load size=00000008 bytes, run addr=20000000, run size=0000026c bytes, compression=zero_init


LINKER GENERATED HANDLER TABLE

__TI_handler_table @ 00001c7c records: 3, size/record: 4, table size: 12
	index: 0, handler: __TI_zero_init
	index: 1, handler: __TI_decompress_lzss
	index: 2, handler: __TI_decompress_none


GLOBAL SYMBOLS: SORTED ALPHABETICALLY BY Name 

address   name                                                           
-------   ----                                                           
000019fd  C$$EXIT                                                        
20000574  CLOSED_LOOP                                                    
000019a5  FPUEnable                                                      
000019b5  FPULazyStackingEnable                                          
000018d9  GPIODirModeSet                                                 
000019ed  GPIOIntClear                                                   
000019c5  GPIOIntDisable                                                 
000019e1  GPIOIntEnable                                                  
0000195d  GPIOIntRegister                                                
0000164d  GPIOIntTypeSet                                                 
00000c45  GPIOPadConfigSet                                               
0000198d  GPIOPinTypeGPIOInput                                           
0000157d  IntEnable                                                      
0000183d  IntRegister                                                    
000019f3  ResetISR                                                       
200005a0  RiseFall                                                       
00001871  SysCtlPeripheralEnable                                         
00001805  SysCtlPeripheralReady                                          
00001975  TimerIntRegister                                               
00000a85  _Z11updateStatei                                               
00001485  _Z12ADC0_ReadAvgh                                              
000013f9  _Z17getRealRotorStatev                                         
00001505  _Z18setupNextInterrupti                                        
00000ee9  _Z7GPIOIntv                                                    
000012bd  _Z8ADCSetupv                                                   
00001119  _Z8StallIntv                                                   
0000087d  _ZN16MosfetController5setupEjf                                 
000016f1  _ZN20ComparatorController19configComparatorIntE12ComparatorIDbj
00001925  _ZN20ComparatorController20disableAllInterruptsEv              
00001205  _ZN20ComparatorController5setupEPFvvE                          
20000470  __STACK_END                                                    
00000200  __STACK_SIZE                                                   
20000470  __STACK_TOP                                                    
00001c98  __TI_CINIT_Base                                                
00001cb0  __TI_CINIT_Limit                                               
00001c7c  __TI_Handler_Table_Base                                        
00001c88  __TI_Handler_Table_Limit                                       
0000177d  __TI_auto_init_nobinit_nopinit                                 
000015e5  __TI_decompress_lzss                                           
000019d3  __TI_decompress_none                                           
ffffffff  __TI_pprof_out_hndl                                            
ffffffff  __TI_prof_data_size                                            
ffffffff  __TI_prof_data_start                                           
00000000  __TI_static_base__                                             
00001941  __TI_zero_init_nomemset                                        
000017c1  __aeabi_d2uiz                                                  
00000db1  __aeabi_ddiv                                                   
0000101d  __aeabi_dmul                                                   
0000135d  __aeabi_memcpy                                                 
0000135d  __aeabi_memcpy4                                                
0000135d  __aeabi_memcpy8                                                
00001905  __aeabi_ui2d                                                   
ffffffff  __binit__                                                      
ffffffff  __c_args__                                                     
UNDEFED   __mpu_init                                                     
20000270  __stack                                                        
20000000  __start___llvm_prf_cnts                                        
20000000  __stop___llvm_prf_cnts                                         
000018a5  _c_int00_noargs                                                
UNDEFED   _system_post_cinit                                             
000019f9  _system_pre_init                                               
000019fd  abort                                                          
200005b0  adc_val                                                        
ffffffff  binit                                                          
200005b4  cl_locked                                                      
20000590  commutation_error_count                                        
20000570  comps                                                          
20000598  current_duty_percent                                           
20000470  dutys                                                          
200004ec  freqfase                                                       
20000000  g_pfnRAMVectors                                                
00000000  g_pfnVectors                                                   
2000058c  isr_execution_count                                            
0000026d  main                                                           
20000584  max_duty                                                       
20000594  measured_ticks                                                 
0000135d  memcpy                                                         
20000588  min_duty                                                       
20000571  mosfets                                                        
200005a8  moving                                                         
2000057c  potentiometer                                                  
20000580  pwm_freq                                                       
20000568  stallPeriod                                                    
20000578  stall_detect                                                   
200005a4  started                                                        
2000059c  state                                                          
200005ac  target_ticks                                                   
2000056c  ui32Period                                                     
200005b8  zc_detected_count                                              


GLOBAL SYMBOLS: SORTED BY Symbol Address 

address   name                                                           
-------   ----                                                           
00000000  __TI_static_base__                                             
00000000  g_pfnVectors                                                   
00000200  __STACK_SIZE                                                   
0000026d  main                                                           
0000087d  _ZN16MosfetController5setupEjf                                 
00000a85  _Z11updateStatei                                               
00000c45  GPIOPadConfigSet                                               
00000db1  __aeabi_ddiv                                                   
00000ee9  _Z7GPIOIntv                                                    
0000101d  __aeabi_dmul                                                   
00001119  _Z8StallIntv                                                   
00001205  _ZN20ComparatorController5setupEPFvvE                          
000012bd  _Z8ADCSetupv                                                   
0000135d  __aeabi_memcpy                                                 
0000135d  __aeabi_memcpy4                                                
0000135d  __aeabi_memcpy8                                                
0000135d  memcpy                                                         
000013f9  _Z17getRealRotorStatev                                         
00001485  _Z12ADC0_ReadAvgh                                              
00001505  _Z18setupNextInterrupti                                        
0000157d  IntEnable                                                      
000015e5  __TI_decompress_lzss                                           
0000164d  GPIOIntTypeSet                                                 
000016f1  _ZN20ComparatorController19configComparatorIntE12ComparatorIDbj
0000177d  __TI_auto_init_nobinit_nopinit                                 
000017c1  __aeabi_d2uiz                                                  
00001805  SysCtlPeripheralReady                                          
0000183d  IntRegister                                                    
00001871  SysCtlPeripheralEnable                                         
000018a5  _c_int00_noargs                                                
000018d9  GPIODirModeSet                                                 
00001905  __aeabi_ui2d                                                   
00001925  _ZN20ComparatorController20disableAllInterruptsEv              
00001941  __TI_zero_init_nomemset                                        
0000195d  GPIOIntRegister                                                
00001975  TimerIntRegister                                               
0000198d  GPIOPinTypeGPIOInput                                           
000019a5  FPUEnable                                                      
000019b5  FPULazyStackingEnable                                          
000019c5  GPIOIntDisable                                                 
000019d3  __TI_decompress_none                                           
000019e1  GPIOIntEnable                                                  
000019ed  GPIOIntClear                                                   
000019f3  ResetISR                                                       
000019f9  _system_pre_init                                               
000019fd  C$$EXIT                                                        
000019fd  abort                                                          
00001c7c  __TI_Handler_Table_Base                                        
00001c88  __TI_Handler_Table_Limit                                       
00001c98  __TI_CINIT_Base                                                
00001cb0  __TI_CINIT_Limit                                               
20000000  __start___llvm_prf_cnts                                        
20000000  __stop___llvm_prf_cnts                                         
20000000  g_pfnRAMVectors                                                
20000270  __stack                                                        
20000470  __STACK_END                                                    
20000470  __STACK_TOP                                                    
20000470  dutys                                                          
200004ec  freqfase                                                       
20000568  stallPeriod                                                    
2000056c  ui32Period                                                     
20000570  comps                                                          
20000571  mosfets                                                        
20000574  CLOSED_LOOP                                                    
20000578  stall_detect                                                   
2000057c  potentiometer                                                  
20000580  pwm_freq                                                       
20000584  max_duty                                                       
20000588  min_duty                                                       
2000058c  isr_execution_count                                            
20000590  commutation_error_count                                        
20000594  measured_ticks                                                 
20000598  current_duty_percent                                           
2000059c  state                                                          
200005a0  RiseFall                                                       
200005a4  started                                                        
200005a8  moving                                                         
200005ac  target_ticks                                                   
200005b0  adc_val                                                        
200005b4  cl_locked                                                      
200005b8  zc_detected_count                                              
ffffffff  __TI_pprof_out_hndl                                            
ffffffff  __TI_prof_data_size                                            
ffffffff  __TI_prof_data_start                                           
ffffffff  __binit__                                                      
ffffffff  __c_args__                                                     
ffffffff  binit                                                          
UNDEFED   __mpu_init                                                     
UNDEFED   _system_post_cinit                                             

[89 symbols]
