******************************************************************************
                  TI ARM Linker Unix v20.2.7                   
******************************************************************************
>> Linked Mon Feb  9 12:53:56 2026

OUTPUT FILE NAME:   <lse1.out>
ENTRY POINT SYMBOL: "_c_int00_noargs"  address: 00001d5d


MEMORY CONFIGURATION

         name            origin    length      used     unused   attr    fill
----------------------  --------  ---------  --------  --------  ----  --------
  FLASH                 00000000   00040000  00002176  0003de8a  R  X
  SRAM                  20000000   00008000  00000636  000079ca  RW X


SEGMENT ALLOCATION MAP

run origin  load origin   length   init length attrs members
----------  ----------- ---------- ----------- ----- -------
00000000    00000000    00002178   00002178    r-x
  00000000    00000000    0000026c   0000026c    r-- .intvecs
  0000026c    0000026c    00001c4e   00001c4e    r-x .text
  00001ebc    00001ebc    0000024c   0000024c    r-- .const
  00002108    00002108    00000070   00000070    r-- .cinit
20000000    20000000    0000063c   00000000    rw-
  20000000    20000000    0000026c   00000000    rw- .vtable
  20000270    20000270    00000200   00000000    rw- .stack
  20000470    20000470    00000156   00000000    rw- .bss
  200005c8    200005c8    00000074   00000000    rw- .data


SECTION ALLOCATION MAP

 output                                  attributes/
section   page    origin      length       input sections
--------  ----  ----------  ----------   ----------------
.intvecs   0    00000000    0000026c     
                  00000000    0000026c     startup_ccs.obj (.intvecs)

.text      0    0000026c    00001c4e     
                  0000026c    00000720     main.obj (.text:main)
                  0000098c    000002ac     main.obj (.text:_Z7GPIOIntv)
                  00000c38    00000208     mosfets.obj (.text:_ZN16MosfetController5setupEjf)
                  00000e40    000001c0     main.obj (.text:_Z11updateStatei)
                  00001000    000001b0     main.obj (.text:_Z15CalibrateTimingv)
                  000011b0    0000016c     driverlib.lib : gpio.obj (.text:GPIOPadConfigSet)
                  0000131c    00000136     rtsv7M4_T_le_v4SPD16_eabi.lib : fd_div_t2.asm.obj (.text)
                  00001452    000000fc                                   : fd_mul_t2.asm.obj (.text)
                  0000154e    00000002     startup_ccs.obj (.text:FaultISR)
                  00001550    000000ec     main.obj (.text:_Z8StallIntv)
                  0000163c    000000b8     comparators.obj (.text:_ZN20ComparatorController5setupEPFvvE)
                  000016f4    000000a0     main.obj (.text:_Z8ADCSetupv)
                  00001794    0000009c     rtsv7M4_T_le_v4SPD16_eabi.lib : memcpy_t2.asm.obj (.text)
                  00001830    0000008c     main.obj (.text:_Z17getRealRotorStatev)
                  000018bc    00000080     main.obj (.text:_Z12ADC0_ReadAvgh)
                  0000193c    00000078     main.obj (.text:_Z18setupNextInterrupti)
                  000019b4    00000068     driverlib.lib : interrupt.obj (.text:IntEnable)
                  00001a1c    00000068     rtsv7M4_T_le_v4SPD16_eabi.lib : copy_decompress_lzss.c.obj (.text:decompress:lzss:__TI_decompress_lzss)
                  00001a84    00000058     driverlib.lib : gpio.obj (.text:GPIOIntTypeSet)
                  00001adc    0000004c                   : timer.obj (.text:_TimerIntNumberGet)
                  00001b28    00000048     main.obj (.text:_Z11TFaseToDutyf)
                  00001b70    00000048     comparators.obj (.text:_ZN20ComparatorController19configComparatorIntE12ComparatorIDbj)
                  00001bb8    00000044     driverlib.lib : gpio.obj (.text:_GPIOIntNumberGet)
                  00001bfc    00000044     rtsv7M4_T_le_v4SPD16_eabi.lib : autoinit.c.obj (.text:__TI_auto_init_nobinit_nopinit:__TI_auto_init_nobinit_nopinit)
                  00001c40    00000044                                   : fd_tou_t2.asm.obj (.text)
                  00001c84    00000038     driverlib.lib : sysctl.obj (.text:SysCtlPeripheralReady)
                  00001cbc    00000038     main.obj (.text:_Z3PIDffff)
                  00001cf4    00000034     driverlib.lib : interrupt.obj (.text:IntRegister)
                  00001d28    00000034                   : sysctl.obj (.text:SysCtlPeripheralEnable)
                  00001d5c    00000034     rtsv7M4_T_le_v4SPD16_eabi.lib : boot_cortex_m.c.obj (.text:_c_int00_noargs:_c_int00_noargs)
                  00001d90    0000002c     driverlib.lib : gpio.obj (.text:GPIODirModeSet)
                  00001dbc    00000020     rtsv7M4_T_le_v4SPD16_eabi.lib : u_tofd_t2.asm.obj (.text)
                  00001ddc    0000001c     comparators.obj (.text:_ZN20ComparatorController20disableAllInterruptsEv)
                  00001df8    0000001c     rtsv7M4_T_le_v4SPD16_eabi.lib : copy_zero_init.c.obj (.text:decompress:ZI:__TI_zero_init_nomemset:__TI_zero_init_nomemset)
                  00001e14    00000018     driverlib.lib : gpio.obj (.text:GPIOIntRegister)
                  00001e2c    00000018                   : timer.obj (.text:TimerIntRegister)
                  00001e44    00000016                   : gpio.obj (.text:GPIOPinTypeGPIOInput)
                  00001e5a    00000002     startup_ccs.obj (.text:IntDefaultHandler)
                  00001e5c    00000010     driverlib.lib : fpu.obj (.text:FPUEnable)
                  00001e6c    00000010                   : fpu.obj (.text:FPULazyStackingEnable)
                  00001e7c    0000000e                   : gpio.obj (.text:GPIOIntDisable)
                  00001e8a    0000000e     rtsv7M4_T_le_v4SPD16_eabi.lib : copy_decompress_none.c.obj (.text:decompress:none:__TI_decompress_none)
                  00001e98    0000000c     driverlib.lib : gpio.obj (.text:GPIOIntEnable)
                  00001ea4    00000006                   : gpio.obj (.text:GPIOIntClear)
                  00001eaa    00000006     startup_ccs.obj (.text:ResetISR)
                  00001eb0    00000004     rtsv7M4_T_le_v4SPD16_eabi.lib : pre_init.c.obj (.text:_system_pre_init)
                  00001eb4    00000004                                   : exit.c.obj (.text:abort:abort)
                  00001eb8    00000002     startup_ccs.obj (.text:NmiSR)

.const     0    00001ebc    0000024c     
                  00001ebc    000000d8     driverlib.lib : gpio.obj (.const:g_ppui32GPIOIntMapSnowflake)
                  00001f94    000000c0                   : gpio.obj (.const:g_ppui32GPIOIntMapBlizzard)
                  00002054    00000060                   : timer.obj (.const:g_ppui32TimerIntMap)
                  000020b4    00000040                   : timer.obj (.const:g_ppui32TimerIntMapSnowflake)
                  000020f4    00000014                   : interrupt.obj (.const:g_pui32EnRegs)

.cinit     0    00002108    00000070     
                  00002108    00000039     (.cinit..data.load) [load image, compression = lzss]
                  00002141    00000003     --HOLE-- [fill = 0]
                  00002144    0000000c     (__TI_handler_table)
                  00002150    00000008     (.cinit..bss.load) [load image, compression = zero_init]
                  00002158    00000008     (.cinit..vtable.load) [load image, compression = zero_init]
                  00002160    00000018     (__TI_cinit_table)

.init_array 
*          0    00000000    00000000     UNINITIALIZED

.vtable    0    20000000    0000026c     UNINITIALIZED
                  20000000    0000026c     driverlib.lib : interrupt.obj (.vtable)

.bss       0    20000470    00000156     UNINITIALIZED
                  20000470    0000007c     (.common:dutys)
                  200004ec    0000007c     (.common:freqfase)
                  20000568    00000050     (.common:OptimalDelayLUT)
                  200005b8    00000004     (.common:global_delay_factor)
                  200005bc    00000004     (.common:stallPeriod)
                  200005c0    00000004     (.common:ui32Period)
                  200005c4    00000001     (.common:comps)
                  200005c5    00000001     (.common:mosfets)

.data      0    200005c8    00000074     UNINITIALIZED
                  200005c8    00000074     main.obj (.data)

.stack     0    20000270    00000200     UNINITIALIZED
                  20000270    00000004     rtsv7M4_T_le_v4SPD16_eabi.lib : boot_cortex_m.c.obj (.stack)
                  20000274    000001fc     --HOLE--

__llvm_prf_cnts 
*          0    20000000    00000000     UNINITIALIZED

.binit     0    00000000    00000000     

MODULE SUMMARY

       Module                       code   ro data   rw data
       ------                       ----   -------   -------
    ./
       main.obj                     4300   0         458    
       startup_ccs.obj              12     620       0      
       mosfets.obj                  520    0         0      
       comparators.obj              284    0         0      
    +--+----------------------------+------+---------+---------+
       Total:                       5116   620       458    
                                                            
    /var/home/adria/ti/TivaWare_C_Series-2.2.0.295/driverlib/ccs/Debug/driverlib.lib
       gpio.obj                     642    408       0      
       interrupt.obj                156    20        620    
       timer.obj                    100    160       0      
       sysctl.obj                   108    0         0      
       fpu.obj                      32     0         0      
    +--+----------------------------+------+---------+---------+
       Total:                       1038   588       620    
                                                            
    /var/home/adria/ti/ccs1281/ccs/tools/compiler/ti-cgt-arm_20.2.7.LTS/lib/rtsv7M4_T_le_v4SPD16_eabi.lib
       fd_div_t2.asm.obj            310    0         0      
       fd_mul_t2.asm.obj            252    0         0      
       memcpy_t2.asm.obj            156    0         0      
       copy_decompress_lzss.c.obj   104    0         0      
       autoinit.c.obj               68     0         0      
       fd_tou_t2.asm.obj            68     0         0      
       boot_cortex_m.c.obj          52     0         0      
       u_tofd_t2.asm.obj            32     0         0      
       copy_zero_init.c.obj         28     0         0      
       copy_decompress_none.c.obj   14     0         0      
       exit.c.obj                   4      0         0      
       pre_init.c.obj               4      0         0      
    +--+----------------------------+------+---------+---------+
       Total:                       1092   0         0      
                                                            
       Stack:                       0      0         512    
       Linker Generated:            0      109       0      
    +--+----------------------------+------+---------+---------+
       Grand Total:                 7246   1317      1590   


LINKER GENERATED COPY TABLES

__TI_cinit_table @ 00002160 records: 3, size/record: 8, table size: 24
	.data: load addr=00002108, load size=00000039 bytes, run addr=200005c8, run size=00000074 bytes, compression=lzss
	.bss: load addr=00002150, load size=00000008 bytes, run addr=20000470, run size=00000156 bytes, compression=zero_init
	.vtable: load addr=00002158, load size=00000008 bytes, run addr=20000000, run size=0000026c bytes, compression=zero_init


LINKER GENERATED HANDLER TABLE

__TI_handler_table @ 00002144 records: 3, size/record: 4, table size: 12
	index: 0, handler: __TI_zero_init
	index: 1, handler: __TI_decompress_lzss
	index: 2, handler: __TI_decompress_none


GLOBAL SYMBOLS: SORTED ALPHABETICALLY BY Name 

address   name                                                           
-------   ----                                                           
00001eb5  C$$EXIT                                                        
200005c8  CLOSED_LOOP                                                    
20000600  DutyMaxLim                                                     
200005fc  DutyMinLim                                                     
00001e5d  FPUEnable                                                      
00001e6d  FPULazyStackingEnable                                          
00001d91  GPIODirModeSet                                                 
00001ea5  GPIOIntClear                                                   
00001e7d  GPIOIntDisable                                                 
00001e99  GPIOIntEnable                                                  
00001e15  GPIOIntRegister                                                
00001a85  GPIOIntTypeSet                                                 
000011b1  GPIOPadConfigSet                                               
00001e45  GPIOPinTypeGPIOInput                                           
000019b5  IntEnable                                                      
00001cf5  IntRegister                                                    
2000060c  NoLoadDuty                                                     
20000568  OptimalDelayLUT                                                
20000610  PID_Duty                                                       
200005d4  PID_control                                                    
00001eab  ResetISR                                                       
20000620  RiseFall                                                       
00001d29  SysCtlPeripheralEnable                                         
00001c85  SysCtlPeripheralReady                                          
20000604  TFaseMax                                                       
20000608  TFaseMin                                                       
00001e2d  TimerIntRegister                                               
00001b29  _Z11TFaseToDutyf                                               
00000e41  _Z11updateStatei                                               
000018bd  _Z12ADC0_ReadAvgh                                              
00001001  _Z15CalibrateTimingv                                           
00001831  _Z17getRealRotorStatev                                         
0000193d  _Z18setupNextInterrupti                                        
00001cbd  _Z3PIDffff                                                     
0000098d  _Z7GPIOIntv                                                    
000016f5  _Z8ADCSetupv                                                   
00001551  _Z8StallIntv                                                   
00000c39  _ZN16MosfetController5setupEjf                                 
00001b71  _ZN20ComparatorController19configComparatorIntE12ComparatorIDbj
00001ddd  _ZN20ComparatorController20disableAllInterruptsEv              
0000163d  _ZN20ComparatorController5setupEPFvvE                          
20000470  __STACK_END                                                    
00000200  __STACK_SIZE                                                   
20000470  __STACK_TOP                                                    
00002160  __TI_CINIT_Base                                                
00002178  __TI_CINIT_Limit                                               
00002144  __TI_Handler_Table_Base                                        
00002150  __TI_Handler_Table_Limit                                       
00001bfd  __TI_auto_init_nobinit_nopinit                                 
00001a1d  __TI_decompress_lzss                                           
00001e8b  __TI_decompress_none                                           
ffffffff  __TI_pprof_out_hndl                                            
ffffffff  __TI_prof_data_size                                            
ffffffff  __TI_prof_data_start                                           
00000000  __TI_static_base__                                             
00001df9  __TI_zero_init_nomemset                                        
00001c41  __aeabi_d2uiz                                                  
0000131d  __aeabi_ddiv                                                   
00001453  __aeabi_dmul                                                   
00001795  __aeabi_memcpy                                                 
00001795  __aeabi_memcpy4                                                
00001795  __aeabi_memcpy8                                                
00001dbd  __aeabi_ui2d                                                   
ffffffff  __binit__                                                      
ffffffff  __c_args__                                                     
UNDEFED   __mpu_init                                                     
20000270  __stack                                                        
20000000  __start___llvm_prf_cnts                                        
20000000  __stop___llvm_prf_cnts                                         
00001d5d  _c_int00_noargs                                                
UNDEFED   _system_post_cinit                                             
00001eb1  _system_pre_init                                               
00001eb5  abort                                                          
20000630  adc_val                                                        
ffffffff  binit                                                          
20000621  calibrated                                                     
20000634  cl_locked                                                      
200005e4  commutation_error_count                                        
200005c4  comps                                                          
20000614  counter                                                        
20000618  current_duty_percent                                           
20000470  dutys                                                          
200005f0  errAcum                                                        
200005f4  errPrev                                                        
200005ec  error                                                          
200004ec  freqfase                                                       
20000000  g_pfnRAMVectors                                                
00000000  g_pfnVectors                                                   
200005b8  global_delay_factor                                            
200005e0  isr_execution_count                                            
200005d8  legacy                                                         
0000026d  main                                                           
200005e8  measuredTicks                                                  
00001795  memcpy                                                         
200005c5  mosfets                                                        
20000628  moving                                                         
200005d0  potentiometer                                                  
200005dc  pwm_freq                                                       
200005f8  setpoint                                                       
200005bc  stallPeriod                                                    
200005cc  stall_detect                                                   
20000624  started                                                        
2000061c  state                                                          
2000062c  target_ticks                                                   
200005c0  ui32Period                                                     
20000638  zc_detected_count                                              


GLOBAL SYMBOLS: SORTED BY Symbol Address 

address   name                                                           
-------   ----                                                           
00000000  __TI_static_base__                                             
00000000  g_pfnVectors                                                   
00000200  __STACK_SIZE                                                   
0000026d  main                                                           
0000098d  _Z7GPIOIntv                                                    
00000c39  _ZN16MosfetController5setupEjf                                 
00000e41  _Z11updateStatei                                               
00001001  _Z15CalibrateTimingv                                           
000011b1  GPIOPadConfigSet                                               
0000131d  __aeabi_ddiv                                                   
00001453  __aeabi_dmul                                                   
00001551  _Z8StallIntv                                                   
0000163d  _ZN20ComparatorController5setupEPFvvE                          
000016f5  _Z8ADCSetupv                                                   
00001795  __aeabi_memcpy                                                 
00001795  __aeabi_memcpy4                                                
00001795  __aeabi_memcpy8                                                
00001795  memcpy                                                         
00001831  _Z17getRealRotorStatev                                         
000018bd  _Z12ADC0_ReadAvgh                                              
0000193d  _Z18setupNextInterrupti                                        
000019b5  IntEnable                                                      
00001a1d  __TI_decompress_lzss                                           
00001a85  GPIOIntTypeSet                                                 
00001b29  _Z11TFaseToDutyf                                               
00001b71  _ZN20ComparatorController19configComparatorIntE12ComparatorIDbj
00001bfd  __TI_auto_init_nobinit_nopinit                                 
00001c41  __aeabi_d2uiz                                                  
00001c85  SysCtlPeripheralReady                                          
00001cbd  _Z3PIDffff                                                     
00001cf5  IntRegister                                                    
00001d29  SysCtlPeripheralEnable                                         
00001d5d  _c_int00_noargs                                                
00001d91  GPIODirModeSet                                                 
00001dbd  __aeabi_ui2d                                                   
00001ddd  _ZN20ComparatorController20disableAllInterruptsEv              
00001df9  __TI_zero_init_nomemset                                        
00001e15  GPIOIntRegister                                                
00001e2d  TimerIntRegister                                               
00001e45  GPIOPinTypeGPIOInput                                           
00001e5d  FPUEnable                                                      
00001e6d  FPULazyStackingEnable                                          
00001e7d  GPIOIntDisable                                                 
00001e8b  __TI_decompress_none                                           
00001e99  GPIOIntEnable                                                  
00001ea5  GPIOIntClear                                                   
00001eab  ResetISR                                                       
00001eb1  _system_pre_init                                               
00001eb5  C$$EXIT                                                        
00001eb5  abort                                                          
00002144  __TI_Handler_Table_Base                                        
00002150  __TI_Handler_Table_Limit                                       
00002160  __TI_CINIT_Base                                                
00002178  __TI_CINIT_Limit                                               
20000000  __start___llvm_prf_cnts                                        
20000000  __stop___llvm_prf_cnts                                         
20000000  g_pfnRAMVectors                                                
20000270  __stack                                                        
20000470  __STACK_END                                                    
20000470  __STACK_TOP                                                    
20000470  dutys                                                          
200004ec  freqfase                                                       
20000568  OptimalDelayLUT                                                
200005b8  global_delay_factor                                            
200005bc  stallPeriod                                                    
200005c0  ui32Period                                                     
200005c4  comps                                                          
200005c5  mosfets                                                        
200005c8  CLOSED_LOOP                                                    
200005cc  stall_detect                                                   
200005d0  potentiometer                                                  
200005d4  PID_control                                                    
200005d8  legacy                                                         
200005dc  pwm_freq                                                       
200005e0  isr_execution_count                                            
200005e4  commutation_error_count                                        
200005e8  measuredTicks                                                  
200005ec  error                                                          
200005f0  errAcum                                                        
200005f4  errPrev                                                        
200005f8  setpoint                                                       
200005fc  DutyMinLim                                                     
20000600  DutyMaxLim                                                     
20000604  TFaseMax                                                       
20000608  TFaseMin                                                       
2000060c  NoLoadDuty                                                     
20000610  PID_Duty                                                       
20000614  counter                                                        
20000618  current_duty_percent                                           
2000061c  state                                                          
20000620  RiseFall                                                       
20000621  calibrated                                                     
20000624  started                                                        
20000628  moving                                                         
2000062c  target_ticks                                                   
20000630  adc_val                                                        
20000634  cl_locked                                                      
20000638  zc_detected_count                                              
ffffffff  __TI_pprof_out_hndl                                            
ffffffff  __TI_prof_data_size                                            
ffffffff  __TI_prof_data_start                                           
ffffffff  __binit__                                                      
ffffffff  __c_args__                                                     
ffffffff  binit                                                          
UNDEFED   __mpu_init                                                     
UNDEFED   _system_post_cinit                                             

[106 symbols]
