******************************************************************************
                  TI ARM Linker PC v20.2.7                     
******************************************************************************
>> Linked Wed Dec 17 19:25:17 2025

OUTPUT FILE NAME:   <lse1.out>
ENTRY POINT SYMBOL: "_c_int00_noargs"  address: 00000e85


MEMORY CONFIGURATION

         name            origin    length      used     unused   attr    fill
----------------------  --------  ---------  --------  --------  ----  --------
  FLASH                 00000000   00040000  00001180  0003ee80  R  X
  SRAM                  20000000   00008000  00000576  00007a8a  RW X


SEGMENT ALLOCATION MAP

run origin  load origin   length   init length attrs members
----------  ----------- ---------- ----------- ----- -------
00000000    00000000    00001180   00001180    r-x
  00000000    00000000    0000026c   0000026c    r-- .intvecs
  0000026c    0000026c    00000d20   00000d20    r-x .text
  00000f8c    00000f8c    000001ac   000001ac    r-- .const
  00001138    00001138    00000048   00000048    r-- .cinit
20000000    20000000    0000057c   00000000    rw-
  20000000    20000000    0000026c   00000000    rw- .vtable
  20000270    20000270    00000200   00000000    rw- .stack
  20000470    20000470    000000fa   00000000    rw- .bss
  2000056c    2000056c    00000010   00000000    rw- .data


SECTION ALLOCATION MAP

 output                                  attributes/
section   page    origin      length       input sections
--------  ----  ----------  ----------   ----------------
.intvecs   0    00000000    0000026c     
                  00000000    0000026c     startup_ccs.obj (.intvecs)

.text      0    0000026c    00000d20     
                  0000026c    00000230     main.obj (.text:main)
                  0000049c    00000208     mosfets.obj (.text:_ZN16MosfetController5setupEjf)
                  000006a4    000001c0     main.obj (.text:_Z11updateStatei)
                  00000864    0000016c     driverlib.lib : gpio.obj (.text:GPIOPadConfigSet)
                  000009d0    000000b8     comparators.obj (.text:_ZN20ComparatorController5setupEPFvvE)
                  00000a88    0000009c     rtsv7M4_T_le_v4SPD16_eabi.lib : memcpy_t2.asm.obj (.text)
                  00000b24    00000070     main.obj (.text:_Z18setupNextInterrupti)
                  00000b94    00000068     driverlib.lib : interrupt.obj (.text:IntEnable)
                  00000bfc    00000068     rtsv7M4_T_le_v4SPD16_eabi.lib : copy_decompress_lzss.c.obj (.text:decompress:lzss:__TI_decompress_lzss)
                  00000c64    00000058     driverlib.lib : gpio.obj (.text:GPIOIntTypeSet)
                  00000cbc    00000058     main.obj (.text:_Z7GPIOIntv)
                  00000d14    00000048     comparators.obj (.text:_ZN20ComparatorController19configComparatorIntE12ComparatorIDbj)
                  00000d5c    00000044     driverlib.lib : gpio.obj (.text:_GPIOIntNumberGet)
                  00000da0    00000044     rtsv7M4_T_le_v4SPD16_eabi.lib : autoinit.c.obj (.text:__TI_auto_init_nobinit_nopinit:__TI_auto_init_nobinit_nopinit)
                  00000de4    00000038     driverlib.lib : sysctl.obj (.text:SysCtlPeripheralReady)
                  00000e1c    00000034                   : interrupt.obj (.text:IntRegister)
                  00000e50    00000034                   : sysctl.obj (.text:SysCtlPeripheralEnable)
                  00000e84    00000034     rtsv7M4_T_le_v4SPD16_eabi.lib : boot_cortex_m.c.obj (.text:_c_int00_noargs:_c_int00_noargs)
                  00000eb8    0000002c     driverlib.lib : gpio.obj (.text:GPIODirModeSet)
                  00000ee4    0000001c     comparators.obj (.text:_ZN20ComparatorController20disableAllInterruptsEv)
                  00000f00    0000001c     rtsv7M4_T_le_v4SPD16_eabi.lib : copy_zero_init.c.obj (.text:decompress:ZI:__TI_zero_init_nomemset:__TI_zero_init_nomemset)
                  00000f1c    00000018     driverlib.lib : gpio.obj (.text:GPIOIntRegister)
                  00000f34    00000016                   : gpio.obj (.text:GPIOPinTypeGPIOInput)
                  00000f4a    0000000e                   : gpio.obj (.text:GPIOIntDisable)
                  00000f58    0000000e     rtsv7M4_T_le_v4SPD16_eabi.lib : copy_decompress_none.c.obj (.text:decompress:none:__TI_decompress_none)
                  00000f66    0000000c     driverlib.lib : gpio.obj (.text:GPIOIntEnable)
                  00000f72    00000006                   : gpio.obj (.text:GPIOIntClear)
                  00000f78    00000006     startup_ccs.obj (.text:ResetISR)
                  00000f7e    00000004     rtsv7M4_T_le_v4SPD16_eabi.lib : pre_init.c.obj (.text:_system_pre_init)
                  00000f82    00000004                                   : exit.c.obj (.text:abort:abort)
                  00000f86    00000002     startup_ccs.obj (.text:FaultISR)
                  00000f88    00000002     startup_ccs.obj (.text:IntDefaultHandler)
                  00000f8a    00000002     startup_ccs.obj (.text:NmiSR)

.const     0    00000f8c    000001ac     
                  00000f8c    000000d8     driverlib.lib : gpio.obj (.const:g_ppui32GPIOIntMapSnowflake)
                  00001064    000000c0                   : gpio.obj (.const:g_ppui32GPIOIntMapBlizzard)
                  00001124    00000014                   : interrupt.obj (.const:g_pui32EnRegs)

.cinit     0    00001138    00000048     
                  00001138    00000011     (.cinit..data.load) [load image, compression = lzss]
                  00001149    00000003     --HOLE-- [fill = 0]
                  0000114c    0000000c     (__TI_handler_table)
                  00001158    00000008     (.cinit..bss.load) [load image, compression = zero_init]
                  00001160    00000008     (.cinit..vtable.load) [load image, compression = zero_init]
                  00001168    00000018     (__TI_cinit_table)

.init_array 
*          0    00000000    00000000     UNINITIALIZED

.vtable    0    20000000    0000026c     UNINITIALIZED
                  20000000    0000026c     driverlib.lib : interrupt.obj (.vtable)

.bss       0    20000470    000000fa     UNINITIALIZED
                  20000470    0000007c     (.common:dutys)
                  200004ec    0000007c     (.common:freqfase)
                  20000568    00000001     (.common:comps)
                  20000569    00000001     (.common:mosfets)

.data      0    2000056c    00000010     UNINITIALIZED
                  2000056c    00000010     main.obj (.data)

.stack     0    20000270    00000200     UNINITIALIZED
                  20000270    00000004     rtsv7M4_T_le_v4SPD16_eabi.lib : boot_cortex_m.c.obj (.stack)
                  20000274    000001fc     --HOLE--

__llvm_prf_cnts 
*          0    20000000    00000000     UNINITIALIZED

.binit     0    00000000    00000000     

MODULE SUMMARY

       Module                       code   ro data   rw data
       ------                       ----   -------   -------
    .\
       main.obj                     1208   0         266    
       startup_ccs.obj              12     620       0      
       mosfets.obj                  520    0         0      
       comparators.obj              284    0         0      
    +--+----------------------------+------+---------+---------+
       Total:                       2024   620       266    
                                                            
    C:/ti/TivaWare_C_Series-2.2.0.295/driverlib/ccs/Debug/driverlib.lib
       gpio.obj                     642    408       0      
       interrupt.obj                156    20        620    
       sysctl.obj                   108    0         0      
    +--+----------------------------+------+---------+---------+
       Total:                       906    428       620    
                                                            
    C:\ti\ccs1280\ccs\tools\compiler\ti-cgt-arm_20.2.7.LTS\lib\rtsv7M4_T_le_v4SPD16_eabi.lib
       memcpy_t2.asm.obj            156    0         0      
       copy_decompress_lzss.c.obj   104    0         0      
       autoinit.c.obj               68     0         0      
       boot_cortex_m.c.obj          52     0         0      
       copy_zero_init.c.obj         28     0         0      
       copy_decompress_none.c.obj   14     0         0      
       exit.c.obj                   4      0         0      
       pre_init.c.obj               4      0         0      
    +--+----------------------------+------+---------+---------+
       Total:                       430    0         0      
                                                            
       Stack:                       0      0         512    
       Linker Generated:            0      69        0      
    +--+----------------------------+------+---------+---------+
       Grand Total:                 3360   1117      1398   


LINKER GENERATED COPY TABLES

__TI_cinit_table @ 00001168 records: 3, size/record: 8, table size: 24
	.data: load addr=00001138, load size=00000011 bytes, run addr=2000056c, run size=00000010 bytes, compression=lzss
	.bss: load addr=00001158, load size=00000008 bytes, run addr=20000470, run size=000000fa bytes, compression=zero_init
	.vtable: load addr=00001160, load size=00000008 bytes, run addr=20000000, run size=0000026c bytes, compression=zero_init


LINKER GENERATED HANDLER TABLE

__TI_handler_table @ 0000114c records: 3, size/record: 4, table size: 12
	index: 0, handler: __TI_zero_init
	index: 1, handler: __TI_decompress_lzss
	index: 2, handler: __TI_decompress_none


GLOBAL SYMBOLS: SORTED ALPHABETICALLY BY Name 

address   name                                                           
-------   ----                                                           
00000f83  C$$EXIT                                                        
00000eb9  GPIODirModeSet                                                 
00000f73  GPIOIntClear                                                   
00000f4b  GPIOIntDisable                                                 
00000f67  GPIOIntEnable                                                  
00000f1d  GPIOIntRegister                                                
00000c65  GPIOIntTypeSet                                                 
00000865  GPIOPadConfigSet                                               
00000f35  GPIOPinTypeGPIOInput                                           
00000b95  IntEnable                                                      
00000e1d  IntRegister                                                    
00000f79  ResetISR                                                       
20000574  RiseFall                                                       
00000e51  SysCtlPeripheralEnable                                         
00000de5  SysCtlPeripheralReady                                          
000006a5  _Z11updateStatei                                               
00000b25  _Z18setupNextInterrupti                                        
00000cbd  _Z7GPIOIntv                                                    
0000049d  _ZN16MosfetController5setupEjf                                 
00000d15  _ZN20ComparatorController19configComparatorIntE12ComparatorIDbj
00000ee5  _ZN20ComparatorController20disableAllInterruptsEv              
000009d1  _ZN20ComparatorController5setupEPFvvE                          
20000470  __STACK_END                                                    
00000200  __STACK_SIZE                                                   
20000470  __STACK_TOP                                                    
00001168  __TI_CINIT_Base                                                
00001180  __TI_CINIT_Limit                                               
0000114c  __TI_Handler_Table_Base                                        
00001158  __TI_Handler_Table_Limit                                       
00000da1  __TI_auto_init_nobinit_nopinit                                 
00000bfd  __TI_decompress_lzss                                           
00000f59  __TI_decompress_none                                           
ffffffff  __TI_pprof_out_hndl                                            
ffffffff  __TI_prof_data_size                                            
ffffffff  __TI_prof_data_start                                           
00000000  __TI_static_base__                                             
00000f01  __TI_zero_init_nomemset                                        
00000a89  __aeabi_memcpy                                                 
00000a89  __aeabi_memcpy4                                                
00000a89  __aeabi_memcpy8                                                
ffffffff  __binit__                                                      
ffffffff  __c_args__                                                     
UNDEFED   __mpu_init                                                     
20000270  __stack                                                        
20000000  __start___llvm_prf_cnts                                        
20000000  __stop___llvm_prf_cnts                                         
00000e85  _c_int00_noargs                                                
UNDEFED   _system_post_cinit                                             
00000f7f  _system_pre_init                                               
00000f83  abort                                                          
ffffffff  binit                                                          
20000575  cl_locked                                                      
20000568  comps                                                          
2000056c  dutyMax                                                        
20000470  dutys                                                          
200004ec  freqfase                                                       
20000000  g_pfnRAMVectors                                                
00000000  g_pfnVectors                                                   
0000026d  main                                                           
00000a89  memcpy                                                         
20000569  mosfets                                                        
20000570  state                                                          
20000578  zc_detected_count                                              


GLOBAL SYMBOLS: SORTED BY Symbol Address 

address   name                                                           
-------   ----                                                           
00000000  __TI_static_base__                                             
00000000  g_pfnVectors                                                   
00000200  __STACK_SIZE                                                   
0000026d  main                                                           
0000049d  _ZN16MosfetController5setupEjf                                 
000006a5  _Z11updateStatei                                               
00000865  GPIOPadConfigSet                                               
000009d1  _ZN20ComparatorController5setupEPFvvE                          
00000a89  __aeabi_memcpy                                                 
00000a89  __aeabi_memcpy4                                                
00000a89  __aeabi_memcpy8                                                
00000a89  memcpy                                                         
00000b25  _Z18setupNextInterrupti                                        
00000b95  IntEnable                                                      
00000bfd  __TI_decompress_lzss                                           
00000c65  GPIOIntTypeSet                                                 
00000cbd  _Z7GPIOIntv                                                    
00000d15  _ZN20ComparatorController19configComparatorIntE12ComparatorIDbj
00000da1  __TI_auto_init_nobinit_nopinit                                 
00000de5  SysCtlPeripheralReady                                          
00000e1d  IntRegister                                                    
00000e51  SysCtlPeripheralEnable                                         
00000e85  _c_int00_noargs                                                
00000eb9  GPIODirModeSet                                                 
00000ee5  _ZN20ComparatorController20disableAllInterruptsEv              
00000f01  __TI_zero_init_nomemset                                        
00000f1d  GPIOIntRegister                                                
00000f35  GPIOPinTypeGPIOInput                                           
00000f4b  GPIOIntDisable                                                 
00000f59  __TI_decompress_none                                           
00000f67  GPIOIntEnable                                                  
00000f73  GPIOIntClear                                                   
00000f79  ResetISR                                                       
00000f7f  _system_pre_init                                               
00000f83  C$$EXIT                                                        
00000f83  abort                                                          
0000114c  __TI_Handler_Table_Base                                        
00001158  __TI_Handler_Table_Limit                                       
00001168  __TI_CINIT_Base                                                
00001180  __TI_CINIT_Limit                                               
20000000  __start___llvm_prf_cnts                                        
20000000  __stop___llvm_prf_cnts                                         
20000000  g_pfnRAMVectors                                                
20000270  __stack                                                        
20000470  __STACK_END                                                    
20000470  __STACK_TOP                                                    
20000470  dutys                                                          
200004ec  freqfase                                                       
20000568  comps                                                          
20000569  mosfets                                                        
2000056c  dutyMax                                                        
20000570  state                                                          
20000574  RiseFall                                                       
20000575  cl_locked                                                      
20000578  zc_detected_count                                              
ffffffff  __TI_pprof_out_hndl                                            
ffffffff  __TI_prof_data_size                                            
ffffffff  __TI_prof_data_start                                           
ffffffff  __binit__                                                      
ffffffff  __c_args__                                                     
ffffffff  binit                                                          
UNDEFED   __mpu_init                                                     
UNDEFED   _system_post_cinit                                             

[63 symbols]
